Archive member included to satisfy reference by file (symbol)

c:/software/altera/18.1/nios2eds/bin/gnu/h-x86_64-mingw32/bin/../lib/gcc/nios2-elf/5.3.0\libgcc.a(lib2-divmod.o)
                              obj/default/hello_world.o (__divsi3)
c:/software/altera/18.1/nios2eds/bin/gnu/h-x86_64-mingw32/bin/../lib/gcc/nios2-elf/5.3.0/../../../../../H-x86_64-mingw32/nios2-elf/lib\libc.a(lib_a-getc.o)
                              obj/default/uart_nios2.o (getc)
c:/software/altera/18.1/nios2eds/bin/gnu/h-x86_64-mingw32/bin/../lib/gcc/nios2-elf/5.3.0/../../../../../H-x86_64-mingw32/nios2-elf/lib\libc.a(lib_a-impure.o)
                              obj/default/uart_nios2.o (_impure_ptr)
c:/software/altera/18.1/nios2eds/bin/gnu/h-x86_64-mingw32/bin/../lib/gcc/nios2-elf/5.3.0/../../../../../H-x86_64-mingw32/nios2-elf/lib\libc.a(lib_a-memset.o)
                              obj/default/hello_world.o (memset)
c:/software/altera/18.1/nios2eds/bin/gnu/h-x86_64-mingw32/bin/../lib/gcc/nios2-elf/5.3.0/../../../../../H-x86_64-mingw32/nios2-elf/lib\libc.a(lib_a-putchar.o)
                              obj/default/uart_nios2.o (putchar)
c:/software/altera/18.1/nios2eds/bin/gnu/h-x86_64-mingw32/bin/../lib/gcc/nios2-elf/5.3.0/../../../../../H-x86_64-mingw32/nios2-elf/lib\libc.a(lib_a-rget.o)
                              c:/software/altera/18.1/nios2eds/bin/gnu/h-x86_64-mingw32/bin/../lib/gcc/nios2-elf/5.3.0/../../../../../H-x86_64-mingw32/nios2-elf/lib\libc.a(lib_a-getc.o) (__srget_r)
c:/software/altera/18.1/nios2eds/bin/gnu/h-x86_64-mingw32/bin/../lib/gcc/nios2-elf/5.3.0/../../../../../H-x86_64-mingw32/nios2-elf/lib\libc.a(lib_a-strcpy.o)
                              obj/default/hello_world.o (strcpy)
c:/software/altera/18.1/nios2eds/bin/gnu/h-x86_64-mingw32/bin/../lib/gcc/nios2-elf/5.3.0/../../../../../H-x86_64-mingw32/nios2-elf/lib\libc.a(lib_a-strlen.o)
                              obj/default/hello_world.o (strlen)
c:/software/altera/18.1/nios2eds/bin/gnu/h-x86_64-mingw32/bin/../lib/gcc/nios2-elf/5.3.0/../../../../../H-x86_64-mingw32/nios2-elf/lib\libc.a(lib_a-findfp.o)
                              c:/software/altera/18.1/nios2eds/bin/gnu/h-x86_64-mingw32/bin/../lib/gcc/nios2-elf/5.3.0/../../../../../H-x86_64-mingw32/nios2-elf/lib\libc.a(lib_a-getc.o) (__sinit)
c:/software/altera/18.1/nios2eds/bin/gnu/h-x86_64-mingw32/bin/../lib/gcc/nios2-elf/5.3.0/../../../../../H-x86_64-mingw32/nios2-elf/lib\libc.a(lib_a-fwalk.o)
                              c:/software/altera/18.1/nios2eds/bin/gnu/h-x86_64-mingw32/bin/../lib/gcc/nios2-elf/5.3.0/../../../../../H-x86_64-mingw32/nios2-elf/lib\libc.a(lib_a-findfp.o) (_fwalk)
c:/software/altera/18.1/nios2eds/bin/gnu/h-x86_64-mingw32/bin/../lib/gcc/nios2-elf/5.3.0/../../../../../H-x86_64-mingw32/nios2-elf/lib\libc.a(lib_a-mallocr.o)
                              c:/software/altera/18.1/nios2eds/bin/gnu/h-x86_64-mingw32/bin/../lib/gcc/nios2-elf/5.3.0/../../../../../H-x86_64-mingw32/nios2-elf/lib\libc.a(lib_a-findfp.o) (_malloc_r)
c:/software/altera/18.1/nios2eds/bin/gnu/h-x86_64-mingw32/bin/../lib/gcc/nios2-elf/5.3.0/../../../../../H-x86_64-mingw32/nios2-elf/lib\libc.a(lib_a-putc.o)
                              c:/software/altera/18.1/nios2eds/bin/gnu/h-x86_64-mingw32/bin/../lib/gcc/nios2-elf/5.3.0/../../../../../H-x86_64-mingw32/nios2-elf/lib\libc.a(lib_a-putchar.o) (_putc_r)
c:/software/altera/18.1/nios2eds/bin/gnu/h-x86_64-mingw32/bin/../lib/gcc/nios2-elf/5.3.0/../../../../../H-x86_64-mingw32/nios2-elf/lib\libc.a(lib_a-refill.o)
                              c:/software/altera/18.1/nios2eds/bin/gnu/h-x86_64-mingw32/bin/../lib/gcc/nios2-elf/5.3.0/../../../../../H-x86_64-mingw32/nios2-elf/lib\libc.a(lib_a-rget.o) (__srefill_r)
c:/software/altera/18.1/nios2eds/bin/gnu/h-x86_64-mingw32/bin/../lib/gcc/nios2-elf/5.3.0/../../../../../H-x86_64-mingw32/nios2-elf/lib\libc.a(lib_a-sbrkr.o)
                              c:/software/altera/18.1/nios2eds/bin/gnu/h-x86_64-mingw32/bin/../lib/gcc/nios2-elf/5.3.0/../../../../../H-x86_64-mingw32/nios2-elf/lib\libc.a(lib_a-mallocr.o) (_sbrk_r)
c:/software/altera/18.1/nios2eds/bin/gnu/h-x86_64-mingw32/bin/../lib/gcc/nios2-elf/5.3.0/../../../../../H-x86_64-mingw32/nios2-elf/lib\libc.a(lib_a-stdio.o)
                              c:/software/altera/18.1/nios2eds/bin/gnu/h-x86_64-mingw32/bin/../lib/gcc/nios2-elf/5.3.0/../../../../../H-x86_64-mingw32/nios2-elf/lib\libc.a(lib_a-findfp.o) (__sread)
c:/software/altera/18.1/nios2eds/bin/gnu/h-x86_64-mingw32/bin/../lib/gcc/nios2-elf/5.3.0/../../../../../H-x86_64-mingw32/nios2-elf/lib\libc.a(lib_a-wbuf.o)
                              c:/software/altera/18.1/nios2eds/bin/gnu/h-x86_64-mingw32/bin/../lib/gcc/nios2-elf/5.3.0/../../../../../H-x86_64-mingw32/nios2-elf/lib\libc.a(lib_a-putc.o) (__swbuf_r)
c:/software/altera/18.1/nios2eds/bin/gnu/h-x86_64-mingw32/bin/../lib/gcc/nios2-elf/5.3.0/../../../../../H-x86_64-mingw32/nios2-elf/lib\libc.a(lib_a-writer.o)
[...]
Memory Configuration

Name             Origin             Length             Attributes
reset            0x0000000000800000 0x0000000000000020
sdram_0          0x0000000000800020 0x00000000007fffe0
*default*        0x0000000000000000 0xffffffffffffffff

Linker script and memory map

LOAD ../Lab2_CLI_Testing_bsp//obj/HAL/src/crt0.o
LOAD obj/default/fatfs.o
LOAD obj/default/fatfs_diskio.o
LOAD obj/default/fatfs_nios2_de0_nano_spi.o
LOAD obj/default/fatfs_nios2_de1_pio.o
LOAD obj/default/fatfs_nios2_de1_spi.o
LOAD obj/default/ff.o
LOAD obj/default/hello_world.o
LOAD obj/default/monitor.o
LOAD obj/default/uart_nios2.o
LOAD c:/software/altera/18.1/nios2eds/bin/gnu/h-x86_64-mingw32/bin/../lib/gcc/nios2-elf/5.3.0/../../../../../H-x86_64-mingw32/nios2-elf/lib\libstdc++.a
LOAD c:/software/altera/18.1/nios2eds/bin/gnu/h-x86_64-mingw32/bin/../lib/gcc/nios2-elf/5.3.0/../../../../../H-x86_64-mingw32/nios2-elf/lib\libm.a
LOAD c:/software/altera/18.1/nios2eds/bin/gnu/h-x86_64-mingw32/bin/../lib/gcc/nios2-elf/5.3.0\libgcc.a
START GROUP
LOAD c:/software/altera/18.1/nios2eds/bin/gnu/h-x86_64-mingw32/bin/../lib/gcc/nios2-elf/5.3.0/../../../../../H-x86_64-mingw32/nios2-elf/lib\libc.a
LOAD c:/software/altera/18.1/nios2eds/bin/gnu/h-x86_64-mingw32/bin/../lib/gcc/nios2-elf/5.3.0\libgcc.a
LOAD ../Lab2_CLI_Testing_bsp/\libhal_bsp.a
LOAD c:/software/altera/18.1/nios2eds/bin/gnu/h-x86_64-mingw32/bin/../lib/gcc/nios2-elf/5.3.0/../../../../../H-x86_64-mingw32/nios2-elf/lib\libm.a
END GROUP
LOAD c:/software/altera/18.1/nios2eds/bin/gnu/h-x86_64-mingw32/bin/../lib/gcc/nios2-elf/5.3.0\libgcc.a
                0x0000000000800000                __alt_mem_sdram_0 = 0x800000

.entry          0x0000000000800000       0x20
 *(.entry)
 .entry         0x0000000000800000       0x20 ../Lab2_CLI_Testing_bsp//obj/HAL/src/crt0.o
                0x0000000000800000                __reset

.exceptions     0x0000000000800020      0x228
                0x0000000000800020                PROVIDE (__ram_exceptions_start, ABSOLUTE (.))
                0x0000000000800020                . = ALIGN (0x20)
 *(.irq)
 *(.exceptions.entry.label)
 .exceptions.entry.label
                0x0000000000800020        0x0 ../Lab2_CLI_Testing_bsp/\libhal_bsp.a(alt_irq_entry.o)
                0x0000000000800020                alt_irq_entry
 .exceptions.entry.label
                0x0000000000800020        0x0 ../Lab2_CLI_Testing_bsp/\libhal_bsp.a(alt_exception_entry.o)
                0x0000000000800020                alt_exception
 *(.exceptions.entry.user)
 *(.exceptions.entry.ecc_fatal)
 *(.exceptions.entry)
 .exceptions.entry
                0x0000000000800020       0x54 ../Lab2_CLI_Testing_bsp/\libhal_bsp.a(alt_exception_entry.o)
 *(.exceptions.irqtest.user)
 *(.exceptions.irqtest)
 .exceptions.irqtest
                0x0000000000800074       0x10 ../Lab2_CLI_Testing_bsp/\libhal_bsp.a(alt_irq_entry.o)
 *(.exceptions.irqhandler.user)
 *(.exceptions.irqhandler)
 .exceptions.irqhandler
                0x0000000000800084        0x4 ../Lab2_CLI_Testing_bsp/\libhal_bsp.a(alt_irq_entry.o)
 *(.exceptions.irqreturn.user)
 *(.exceptions.irqreturn)
 .exceptions.irqreturn
                0x0000000000800088        0x4 ../Lab2_CLI_Testing_bsp/\libhal_bsp.a(alt_irq_entry.o)
 *(.exceptions.notirq.label)
 .exceptions.notirq.label
                0x000000000080008c        0x0 ../Lab2_CLI_Testing_bsp/\libhal_bsp.a(alt_irq_entry.o)
 *(.exceptions.notirq.user)
 *(.exceptions.notirq)
 .exceptions.notirq
                0x000000000080008c        0x8 ../Lab2_CLI_Testing_bsp/\libhal_bsp.a(alt_exception_entry.o)
 *(.exceptions.soft.user)
 *(.exceptions.soft)
 *(.exceptions.unknown.user)
 *(.exceptions.unknown)
 .exceptions.unknown
                0x0000000000800094       0x14 ../Lab2_CLI_Testing_bsp/\libhal_bsp.a(alt_exception_entry.o)
 *(.exceptions.exit.label)
 .exceptions.exit.label
                0x00000000008000a8        0x0 ../Lab2_CLI_Testing_bsp/\libhal_bsp.a(alt_irq_entry.o)
 .exceptions.exit.label
                0x00000000008000a8        0x0 ../Lab2_CLI_Testing_bsp/\libhal_bsp.a(alt_exception_entry.o)
 *(.exceptions.exit.user)
 *(.exceptions.exit)
 .exceptions.exit
                0x00000000008000a8       0x54 ../Lab2_CLI_Testing_bsp/\libhal_bsp.a(alt_exception_entry.o)
 *(.exceptions)
 .exceptions    0x00000000008000fc       0xd8 ../Lab2_CLI_Testing_bsp/\libhal_bsp.a(alt_irq_handler.o)
                0x00000000008000fc                alt_irq_handler
 .exceptions    0x00000000008001d4       0x74 ../Lab2_CLI_Testing_bsp/\libhal_bsp.a(alt_instruction_exception_entry.o)
                0x00000000008001d4                alt_instruction_exception_entry
                0x0000000000800248                PROVIDE (__ram_exceptions_end, ABSOLUTE (.))
                0x0000000000800020                PROVIDE (__flash_exceptions_start, LOADADDR (.exceptions))

.text           0x0000000000800248    0x10770
                [!provide]                        PROVIDE (stext, ABSOLUTE (.))
 *(.interp)
 *(.hash)
 *(.dynsym)
 *(.dynstr)
 *(.gnu.version)
 *(.gnu.version_d)
 *(.gnu.version_r)
 *(.rel.init)
 *(.rela.init)
 *(.rel.text .rel.text.* .rel.gnu.linkonce.t.*)
 *(.rela.text .rela.text.* .rela.gnu.linkonce.t.*)
 *(.rel.fini)
 *(.rela.fini)
 *(.rel.rodata .rel.rodata.* .rel.gnu.linkonce.r.*)
 *(.rela.rodata .rela.rodata.* .rela.gnu.linkonce.r.*)
 *(.rel.data .rel.data.* .rel.gnu.linkonce.d.*)
 *(.rela.data .rela.data.* .rela.gnu.linkonce.d.*)
 *(.rel.tdata .rel.tdata.* .rel.gnu.linkonce.td.*)
 *(.rela.tdata .rela.tdata.* .rela.gnu.linkonce.td.*)
 *(.rel.tbss .rel.tbss.* .rel.gnu.linkonce.tb.*)
 *(.rela.tbss .rela.tbss.* .rela.gnu.linkonce.tb.*)
 *(.rel.ctors)
 *(.rela.ctors)
 *(.rel.dtors)
 *(.rela.dtors)
 *(.rel.got)
 *(.rela.got)
 *(.rel.sdata .rel.sdata.* .rel.gnu.linkonce.s.*)
 *(.rela.sdata .rela.sdata.* .rela.gnu.linkonce.s.*)
 *(.rel.sbss .rel.sbss.* .rel.gnu.linkonce.sb.*)
 *(.rela.sbss .rela.sbss.* .rela.gnu.linkonce.sb.*)
 *(.rel.sdata2 .rel.sdata2.* .rel.gnu.linkonce.s2.*)
 *(.rela.sdata2 .rela.sdata2.* .rela.gnu.linkonce.s2.*)
 *(.rel.sbss2 .rel.sbss2.* .rel.gnu.linkonce.sb2.*)
 *(.rela.sbss2 .rela.sbss2.* .rela.gnu.linkonce.sb2.*)
 *(.rel.bss .rel.bss.* .rel.gnu.linkonce.b.*)
 *(.rela.bss .rela.bss.* .rela.gnu.linkonce.b.*)
 *(.rel.plt)
 *(.rela.plt)
 *(.rel.dyn)
 *(.init)
 *(.plt)
 *(.text .stub .text.* .gnu.linkonce.t.*)
 .text          0x0000000000800248       0x4c ../Lab2_CLI_Testing_bsp//obj/HAL/src/crt0.o
                0x0000000000800248                _start
 .text          0x0000000000800294       0x24 obj/default/fatfs.o
                0x0000000000800294                ffs_Init
 .text          0x00000000008002b8     0x12d0 obj/default/fatfs_diskio.o
                0x0000000000800a4c                ffs_DiskIOInit
                0x0000000000800a78                ffs_DiskIOTimerproc
                0x0000000000800b84                ffs_DiskIOInitialize
                0x0000000000800de0                ffs_DiskIOStatus
                0x0000000000800e08                ffs_DiskIORead
                0x0000000000800f28                ffs_DiskIOWrite
                0x0000000000801098                ffs_DiskIOIoctl
                0x000000000080155c                get_fattime
 .text          0x0000000000801588        0x0 obj/default/fatfs_nios2_de0_nano_spi.o
 .text          0x0000000000801588        0x0 obj/default/fatfs_nios2_de1_pio.o
 .text          0x0000000000801588        0x0 obj/default/fatfs_nios2_de1_spi.o
 .text          0x0000000000801588     0x6b6c obj/default/ff.o
                0x0000000000801ad8                clust2sect
                0x0000000000801b44                get_fat
                0x0000000000801dd4                put_fat
                0x0000000000803f60                f_mount
                0x0000000000803ff4                f_open
                0x0000000000804478                f_read
                0x0000000000804960                f_write
                0x0000000000804ee4                f_sync
                0x000000000080516c                f_close
                0x00000000008051b4                f_lseek
                0x00000000008056a4                f_opendir
                0x0000000000805814                f_readdir
                0x00000000008058f8                f_stat
                0x0000000000805998                f_getfree
                0x0000000000805c84                f_truncate
                0x0000000000805e6c                f_unlink
                0x0000000000806084                f_mkdir
                0x00000000008064bc                f_chmod
                0x00000000008065c8                f_utime
                0x00000000008066dc                f_rename
                0x00000000008069f0                f_mkfs
                0x00000000008078b0                f_gets
                0x0000000000807988                f_putc
                0x00000000008079fc                f_puts
                0x0000000000807a94                f_printf
 .text          0x00000000008080f4     0x1510 obj/default/hello_world.o
                0x00000000008083cc                main
 .text          0x0000000000809604      0x9a8 obj/default/monitor.o
                0x0000000000809604                xatoi
                0x0000000000809888                xputc
                0x00000000008098dc                xputs
                0x0000000000809948                xitoa
                0x0000000000809b08                xprintf
                0x0000000000809dcc                put_dump
                0x0000000000809eec                get_line
 .text          0x0000000000809fac       0xb0 obj/default/uart_nios2.o
                0x0000000000809fac                uart0_init
                0x0000000000809fd0                uart0_put
                0x000000000080a00c                uart0_get
 .text          0x000000000080a05c      0x1b4 c:/software/altera/18.1/nios2eds/bin/gnu/h-x86_64-mingw32/bin/../lib/gcc/nios2-elf/5.3.0\libgcc.a(lib2-divmod.o)
                0x000000000080a05c                __divsi3
                0x000000000080a0e0                __modsi3
                0x000000000080a154                __udivsi3
                0x000000000080a1b8                __umodsi3
 .text          0x000000000080a210        0x0 c:/software/altera/18.1/nios2eds/bin/gnu/h-x86_64-mingw32/bin/../lib/gcc/nios2-elf/5.3.0/../../../../../H-x86_64-mingw32/nios2-elf/lib\libc.a(lib_a-getc.o)
 .text._getc_r  0x000000000080a210       0x70 c:/software/altera/18.1/nios2eds/bin/gnu/h-x86_64-mingw32/bin/../lib/gcc/nios2-elf/5.3.0/../../../../../H-x86_64-mingw32/nios2-elf/lib\libc.a(lib_a-getc.o)
                0x000000000080a210                _getc_r
 .text.getc     0x000000000080a280       0x88 c:/software/altera/18.1/nios2eds/bin/gnu/h-x86_64-mingw32/bin/../lib/gcc/nios2-elf/5.3.0/../../../../../H-x86_64-mingw32/nios2-elf/lib\libc.a(lib_a-getc.o)
                0x000000000080a280                getc
 .text          0x000000000080a308        0x0 c:/software/altera/18.1/nios2eds/bin/gnu/h-x86_64-mingw32/bin/../lib/gcc/nios2-elf/5.3.0/../../../../../H-x86_64-mingw32/nios2-elf/lib\libc.a(lib_a-impure.o)
 .text          0x000000000080a308        0x0 c:/software/altera/18.1/nios2eds/bin/gnu/h-x86_64-mingw32/bin/../lib/gcc/nios2-elf/5.3.0/../../../../../H-x86_64-mingw32/nios2-elf/lib\libc.a(lib_a-memset.o)
 .text.memset   0x000000000080a308      0x128 c:/software/altera/18.1/nios2eds/bin/gnu/h-x86_64-mingw32/bin/../lib/gcc/nios2-elf/5.3.0/../../../../../H-x86_64-mingw32/nios2-elf/lib\libc.a(lib_a-memset.o)
                0x000000000080a308                memset
 .text          0x000000000080a430        0x0 c:/software/altera/18.1/nios2eds/bin/gnu/h-x86_64-mingw32/bin/../lib/gcc/nios2-elf/5.3.0/../../../../../H-x86_64-mingw32/nios2-elf/lib\libc.a(lib_a-putchar.o)
 .text._putchar_r
                0x000000000080a430        0x8 c:/software/altera/18.1/nios2eds/bin/gnu/h-x86_64-mingw32/bin/../lib/gcc/nios2-elf/5.3.0/../../../../../H-x86_64-mingw32/nios2-elf/lib\libc.a(lib_a-putchar.o)
                0x000000000080a430                _putchar_r
 .text.putchar  0x000000000080a438       0x18 c:/software/altera/18.1/nios2eds/bin/gnu/h-x86_64-mingw32/bin/../lib/gcc/nios2-elf/5.3.0/../../../../../H-x86_64-mingw32/nios2-elf/lib\libc.a(lib_a-putchar.o)
                0x000000000080a438                putchar
 .text          0x000000000080a450        0x0 c:/software/altera/18.1/nios2eds/bin/gnu/h-x86_64-mingw32/bin/../lib/gcc/nios2-elf/5.3.0/../../../../../H-x86_64-mingw32/nios2-elf/lib\libc.a(lib_a-rget.o)
 .text.__srget_r
                0x000000000080a450       0x74 c:/software/altera/18.1/nios2eds/bin/gnu/h-x86_64-mingw32/bin/../lib/gcc/nios2-elf/5.3.0/../../../../../H-x86_64-mingw32/nios2-elf/lib\libc.a(lib_a-rget.o)
                0x000000000080a450                __srget_r
 .text.__srget  0x000000000080a4c4       0x14 c:/software/altera/18.1/nios2eds/bin/gnu/h-x86_64-mingw32/bin/../lib/gcc/nios2-elf/5.3.0/../../../../../H-x86_64-mingw32/nios2-elf/lib\libc.a(lib_a-rget.o)
                0x000000000080a4c4                __srget
 .text          0x000000000080a4d8        0x0 c:/software/altera/18.1/nios2eds/bin/gnu/h-x86_64-mingw32/bin/../lib/gcc/nios2-elf/5.3.0/../../../../../H-x86_64-mingw32/nios2-elf/lib\libc.a(lib_a-strcpy.o)
 .text.strcpy   0x000000000080a4d8       0x90 c:/software/altera/18.1/nios2eds/bin/gnu/h-x86_64-mingw32/bin/../lib/gcc/nios2-elf/5.3.0/../../../../../H-x86_64-mingw32/nios2-elf/lib\libc.a(lib_a-strcpy.o)
                0x000000000080a4d8                strcpy
 .text          0x000000000080a568        0x0 c:/software/altera/18.1/nios2eds/bin/gnu/h-x86_64-mingw32/bin/../lib/gcc/nios2-elf/5.3.0/../../../../../H-x86_64-mingw32/nios2-elf/lib\libc.a(lib_a-strlen.o)
 .text.strlen   0x000000000080a568       0x98 c:/software/altera/18.1/nios2eds/bin/gnu/h-x86_64-mingw32/bin/../lib/gcc/nios2-elf/5.3.0/../../../../../H-x86_64-mingw32/nios2-elf/lib\libc.a(lib_a-strlen.o)
                0x000000000080a568                strlen
 .text          0x000000000080a600        0x0 c:/software/altera/18.1/nios2eds/bin/gnu/h-x86_64-mingw32/bin/../lib/gcc/nios2-elf/5.3.0/../../../../../H-x86_64-mingw32/nios2-elf/lib\libc.a(lib_a-findfp.o)
 .text.__fp_unlock
                0x000000000080a600        0x8 c:/software/altera/18.1/nios2eds/bin/gnu/h-x86_64-mingw32/bin/../lib/gcc/nios2-elf/5.3.0/../../../../../H-x86_64-mingw32/nios2-elf/lib\libc.a(lib_a-findfp.o)
 .text._cleanup_r
                0x000000000080a608        0xc c:/software/altera/18.1/nios2eds/bin/gnu/h-x86_64-mingw32/bin/../lib/gcc/nios2-elf/5.3.0/../../../../../H-x86_64-mingw32/nios2-elf/lib\libc.a(lib_a-findfp.o)
                0x000000000080a608                _cleanup_r
 .text.__sinit.part.1
                0x000000000080a614      0x19c c:/software/altera/18.1/nios2eds/bin/gnu/h-x86_64-mingw32/bin/../lib/gcc/nios2-elf/5.3.0/../../../../../H-x86_64-mingw32/nios2-elf/lib\libc.a(lib_a-findfp.o)
 .text.__fp_lock
                0x000000000080a7b0        0x8 c:/software/altera/18.1/nios2eds/bin/gnu/h-x86_64-mingw32/bin/../lib/gcc/nios2-elf/5.3.0/../../../../../H-x86_64-mingw32/nios2-elf/lib\libc.a(lib_a-findfp.o)
 .text.__sfmoreglue
                0x000000000080a7b8       0x68 c:/software/altera/18.1/nios2eds/bin/gnu/h-x86_64-mingw32/bin/../lib/gcc/nios2-elf/5.3.0/../../../../../H-x86_64-mingw32/nios2-elf/lib\libc.a(lib_a-findfp.o)
                0x000000000080a7b8                __sfmoreglue
 .text.__sfp    0x000000000080a820      0x118 c:/software/altera/18.1/nios2eds/bin/gnu/h-x86_64-mingw32/bin/../lib/gcc/nios2-elf/5.3.0/../../../../../H-x86_64-mingw32/nios2-elf/lib\libc.a(lib_a-findfp.o)
                0x000000000080a820                __sfp
 .text._cleanup
                0x000000000080a938       0x18 c:/software/altera/18.1/nios2eds/bin/gnu/h-x86_64-mingw32/bin/../lib/gcc/nios2-elf/5.3.0/../../../../../H-x86_64-mingw32/nios2-elf/lib\libc.a(lib_a-findfp.o)
                0x000000000080a938                _cleanup
 .text.__sinit  0x000000000080a950       0x10 c:/software/altera/18.1/nios2eds/bin/gnu/h-x86_64-mingw32/bin/../lib/gcc/nios2-elf/5.3.0/../../../../../H-x86_64-mingw32/nios2-elf/lib\libc.a(lib_a-findfp.o)
                0x000000000080a950                __sinit
 .text.__sfp_lock_acquire
                0x000000000080a960        0x4 c:/software/altera/18.1/nios2eds/bin/gnu/h-x86_64-mingw32/bin/../lib/gcc/nios2-elf/5.3.0/../../../../../H-x86_64-mingw32/nios2-elf/lib\libc.a(lib_a-findfp.o)
                0x000000000080a960                __sfp_lock_acquire
 .text.__sfp_lock_release
                0x000000000080a964        0x4 c:/software/altera/18.1/nios2eds/bin/gnu/h-x86_64-mingw32/bin/../lib/gcc/nios2-elf/5.3.0/../../../../../H-x86_64-mingw32/nios2-elf/lib\libc.a(lib_a-findfp.o)
                0x000000000080a964                __sfp_lock_release
 .text.__sinit_lock_acquire
                0x000000000080a968        0x4 c:/software/altera/18.1/nios2eds/bin/gnu/h-x86_64-mingw32/bin/../lib/gcc/nios2-elf/5.3.0/../../../../../H-x86_64-mingw32/nios2-elf/lib\libc.a(lib_a-findfp.o)
                0x000000000080a968                __sinit_lock_acquire
 .text.__sinit_lock_release
                0x000000000080a96c        0x4 c:/software/altera/18.1/nios2eds/bin/gnu/h-x86_64-mingw32/bin/../lib/gcc/nios2-elf/5.3.0/../../../../../H-x86_64-mingw32/nios2-elf/lib\libc.a(lib_a-findfp.o)
                0x000000000080a96c                __sinit_lock_release
 .text.__fp_lock_all
                0x000000000080a970       0x18 c:/software/altera/18.1/nios2eds/bin/gnu/h-x86_64-mingw32/bin/../lib/gcc/nios2-elf/5.3.0/../../../../../H-x86_64-mingw32/nios2-elf/lib\libc.a(lib_a-findfp.o)
                0x000000000080a970                __fp_lock_all
 .text.__fp_unlock_all
                0x000000000080a988       0x18 c:/software/altera/18.1/nios2eds/bin/gnu/h-x86_64-mingw32/bin/../lib/gcc/nios2-elf/5.3.0/../../../../../H-x86_64-mingw32/nios2-elf/lib\libc.a(lib_a-findfp.o)
                0x000000000080a988                __fp_unlock_all
 .text          0x000000000080a9a0        0x0 c:/software/altera/18.1/nios2eds/bin/gnu/h-x86_64-mingw32/bin/../lib/gcc/nios2-elf/5.3.0/../../../../../H-x86_64-mingw32/nios2-elf/lib\libc.a(lib_a-fwalk.o)
 .text._fwalk   0x000000000080a9a0       0xc4 c:/software/altera/18.1/nios2eds/bin/gnu/h-x86_64-mingw32/bin/../lib/gcc/nios2-elf/5.3.0/../../../../../H-x86_64-mingw32/nios2-elf/lib\libc.a(lib_a-fwalk.o)
                0x000000000080a9a0                _fwalk
 .text._fwalk_reent
                0x000000000080aa64       0xc4 c:/software/altera/18.1/nios2eds/bin/gnu/h-x86_64-mingw32/bin/../lib/gcc/nios2-elf/5.3.0/../../../../../H-x86_64-mingw32/nios2-elf/lib\libc.a(lib_a-fwalk.o)
                0x000000000080aa64                _fwalk_reent
 .text          0x000000000080ab28        0x0 c:/software/altera/18.1/nios2eds/bin/gnu/h-x86_64-mingw32/bin/../lib/gcc/nios2-elf/5.3.0/../../../../../H-x86_64-mingw32/nios2-elf/lib\libc.a(lib_a-mallocr.o)
 .text._malloc_r
                0x000000000080ab28      0x80c c:/software/altera/18.1/nios2eds/bin/gnu/h-x86_64-mingw32/bin/../lib/gcc/nios2-elf/5.3.0/../../../../../H-x86_64-mingw32/nios2-elf/lib\libc.a(lib_a-mallocr.o)
                0x000000000080ab28                _malloc_r
 .text          0x000000000080b334        0x0 c:/software/altera/18.1/nios2eds/bin/gnu/h-x86_64-mingw32/bin/../lib/gcc/nios2-elf/5.3.0/../../../../../H-x86_64-mingw32/nios2-elf/lib\libc.a(lib_a-putc.o)
 .text._putc_r  0x000000000080b334       0xa0 c:/software/altera/18.1/nios2eds/bin/gnu/h-x86_64-mingw32/bin/../lib/gcc/nios2-elf/5.3.0/../../../../../H-x86_64-mingw32/nios2-elf/lib\libc.a(lib_a-putc.o)
                0x000000000080b334                _putc_r
 .text.putc     0x000000000080b3d4       0xc8 c:/software/altera/18.1/nios2eds/bin/gnu/h-x86_64-mingw32/bin/../lib/gcc/nios2-elf/5.3.0/../../../../../H-x86_64-mingw32/nios2-elf/lib\libc.a(lib_a-putc.o)
                0x000000000080b3d4                putc
 .text          0x000000000080b49c        0x0 c:/software/altera/18.1/nios2eds/bin/gnu/h-x86_64-mingw32/bin/../lib/gcc/nios2-elf/5.3.0/../../../../../H-x86_64-mingw32/nios2-elf/lib\libc.a(lib_a-refill.o)
 .text.lflush   0x000000000080b49c       0x1c c:/software/altera/18.1/nios2eds/bin/gnu/h-x86_64-mingw32/bin/../lib/gcc/nios2-elf/5.3.0/../../../../../H-x86_64-mingw32/nios2-elf/lib\libc.a(lib_a-refill.o)
 .text.__srefill_r
                0x000000000080b4b8      0x1d4 c:/software/altera/18.1/nios2eds/bin/gnu/h-x86_64-mingw32/bin/../lib/gcc/nios2-elf/5.3.0/../../../../../H-x86_64-mingw32/nios2-elf/lib\libc.a(lib_a-refill.o)
                0x000000000080b4b8                __srefill_r
 .text          0x000000000080b68c        0x0 c:/software/altera/18.1/nios2eds/bin/gnu/h-x86_64-mingw32/bin/../lib/gcc/nios2-elf/5.3.0/../../../../../H-x86_64-mingw32/nios2-elf/lib\libc.a(lib_a-sbrkr.o)
 .text._sbrk_r  0x000000000080b68c       0x54 c:/software/altera/18.1/nios2eds/bin/gnu/h-x86_64-mingw32/bin/../lib/gcc/nios2-elf/5.3.0/../../../../../H-x86_64-mingw32/nios2-elf/lib\libc.a(lib_a-sbrkr.o)
                0x000000000080b68c                _sbrk_r
 .text          0x000000000080b6e0        0x0 c:/software/altera/18.1/nios2eds/bin/gnu/h-x86_64-mingw32/bin/../lib/gcc/nios2-elf/5.3.0/../../../../../H-x86_64-mingw32/nios2-elf/lib\libc.a(lib_a-stdio.o)
 .text.__sread  0x000000000080b6e0       0x54 c:/software/altera/18.1/nios2eds/bin/gnu/h-x86_64-mingw32/bin/../lib/gcc/nios2-elf/5.3.0/../../../../../H-x86_64-mingw32/nios2-elf/lib\libc.a(lib_a-stdio.o)
                0x000000000080b6e0                __sread
 .text.__seofread
                0x000000000080b734        0x8 c:/software/altera/18.1/nios2eds/bin/gnu/h-x86_64-mingw32/bin/../lib/gcc/nios2-elf/5.3.0/../../../../../H-x86_64-mingw32/nios2-elf/lib\libc.a(lib_a-stdio.o)
                0x000000000080b734                __seofread
 .text.__swrite
                0x000000000080b73c       0x7c c:/software/altera/18.1/nios2eds/bin/gnu/h-x86_64-mingw32/bin/../lib/gcc/nios2-elf/5.3.0/../../../../../H-x86_64-mingw32/nios2-elf/lib\libc.a(lib_a-stdio.o)
                0x000000000080b73c                __swrite
 .text.__sseek  0x000000000080b7b8       0x5c c:/software/altera/18.1/nios2eds/bin/gnu/h-x86_64-mingw32/bin/../lib/gcc/nios2-elf/5.3.0/../../../../../H-x86_64-mingw32/nios2-elf/lib\libc.a(lib_a-stdio.o)
                0x000000000080b7b8                __sseek
 .text.__sclose
                0x000000000080b814        0x8 c:/software/altera/18.1/nios2eds/bin/gnu/h-x86_64-mingw32/bin/../lib/gcc/nios2-elf/5.3.0/../../../../../H-x86_64-mingw32/nios2-elf/lib\libc.a(lib_a-stdio.o)
                0x000000000080b814                __sclose
 .text          0x000000000080b81c        0x0 c:/software/altera/18.1/nios2eds/bin/gnu/h-x86_64-mingw32/bin/../lib/gcc/nios2-elf/5.3.0/../../../../../H-x86_64-mingw32/nios2-elf/lib\libc.a(lib_a-wbuf.o)
 .text.__swbuf_r
                0x000000000080b81c      0x140 c:/software/altera/18.1/nios2eds/bin/gnu/h-x86_64-mingw32/bin/../lib/gcc/nios2-elf/5.3.0/../../../../../H-x86_64-mingw32/nios2-elf/lib\libc.a(lib_a-wbuf.o)
                0x000000000080b81c                __swbuf_r
 .text.__swbuf  0x000000000080b95c       0x18 c:/software/altera/18.1/nios2eds/bin/gnu/h-x86_64-mingw32/bin/../lib/gcc/nios2-elf/5.3.0/../../../../../H-x86_64-mingw32/nios2-elf/lib\libc.a(lib_a-wbuf.o)
                0x000000000080b95c                __swbuf
 .text          0x000000000080b974        0x0 c:/software/altera/18.1/nios2eds/bin/gnu/h-x86_64-mingw32/bin/../lib/gcc/nios2-elf/5.3.0/../../../../../H-x86_64-mingw32/nios2-elf/lib\libc.a(lib_a-writer.o)
 .text._write_r
                0x000000000080b974       0x60 c:/software/altera/18.1/nios2eds/bin/gnu/h-x86_64-mingw32/bin/../lib/gcc/nios2-elf/5.3.0/../../../../../H-x86_64-mingw32/nios2-elf/lib\libc.a(lib_a-writer.o)
                0x000000000080b974                _write_r
 .text          0x000000000080b9d4        0x0 c:/software/altera/18.1/nios2eds/bin/gnu/h-x86_64-mingw32/bin/../lib/gcc/nios2-elf/5.3.0/../../../../../H-x86_64-mingw32/nios2-elf/lib\libc.a(lib_a-wsetup.o)
 .text.__swsetup_r
                0x000000000080b9d4      0x154 c:/software/altera/18.1/nios2eds/bin/gnu/h-x86_64-mingw32/bin/../lib/gcc/nios2-elf/5.3.0/../../../../../H-x86_64-mingw32/nios2-elf/lib\libc.a(lib_a-wsetup.o)
                0x000000000080b9d4                __swsetup_r
 .text          0x000000000080bb28        0x0 c:/software/altera/18.1/nios2eds/bin/gnu/h-x86_64-mingw32/bin/../lib/gcc/nios2-elf/5.3.0/../../../../../H-x86_64-mingw32/nios2-elf/lib\libc.a(closer.o)
 .text._close_r
                0x000000000080bb28       0x54 c:/software/altera/18.1/nios2eds/bin/gnu/h-x86_64-mingw32/bin/../lib/gcc/nios2-elf/5.3.0/../../../../../H-x86_64-mingw32/nios2-elf/lib\libc.a(closer.o)
                0x000000000080bb28                _close_r
 .text          0x000000000080bb7c        0x0 c:/software/altera/18.1/nios2eds/bin/gnu/h-x86_64-mingw32/bin/../lib/gcc/nios2-elf/5.3.0/../../../../../H-x86_64-mingw32/nios2-elf/lib\libc.a(lib_a-fclose.o)
 .text._fclose_r
                0x000000000080bb7c       0xf0 c:/software/altera/18.1/nios2eds/bin/gnu/h-x86_64-mingw32/bin/../lib/gcc/nios2-elf/5.3.0/../../../../../H-x86_64-mingw32/nios2-elf/lib\libc.a(lib_a-fclose.o)
                0x000000000080bb7c                _fclose_r
 .text.fclose   0x000000000080bc6c       0x14 c:/software/altera/18.1/nios2eds/bin/gnu/h-x86_64-mingw32/bin/../lib/gcc/nios2-elf/5.3.0/../../../../../H-x86_64-mingw32/nios2-elf/lib\libc.a(lib_a-fclose.o)
                0x000000000080bc6c                fclose
 .text          0x000000000080bc80        0x0 c:/software/altera/18.1/nios2eds/bin/gnu/h-x86_64-mingw32/bin/../lib/gcc/nios2-elf/5.3.0/../../../../../H-x86_64-mingw32/nios2-elf/lib\libc.a(lib_a-fflush.o)
 .text.__sflush_r
                0x000000000080bc80      0x21c c:/software/altera/18.1/nios2eds/bin/gnu/h-x86_64-mingw32/bin/../lib/gcc/nios2-elf/5.3.0/../../../../../H-x86_64-mingw32/nios2-elf/lib\libc.a(lib_a-fflush.o)
                0x000000000080bc80                __sflush_r
 .text._fflush_r
                0x000000000080be9c       0x5c c:/software/altera/18.1/nios2eds/bin/gnu/h-x86_64-mingw32/bin/../lib/gcc/nios2-elf/5.3.0/../../../../../H-x86_64-mingw32/nios2-elf/lib\libc.a(lib_a-fflush.o)
                0x000000000080be9c                _fflush_r
 .text.fflush   0x000000000080bef8       0x30 c:/software/altera/18.1/nios2eds/bin/gnu/h-x86_64-mingw32/bin/../lib/gcc/nios2-elf/5.3.0/../../../../../H-x86_64-mingw32/nios2-elf/lib\libc.a(lib_a-fflush.o)
                0x000000000080bef8                fflush
 .text          0x000000000080bf28        0x0 c:/software/altera/18.1/nios2eds/bin/gnu/h-x86_64-mingw32/bin/../lib/gcc/nios2-elf/5.3.0/../../../../../H-x86_64-mingw32/nios2-elf/lib\libc.a(lib_a-freer.o)
 .text._malloc_trim_r
                0x000000000080bf28      0x124 c:/software/altera/18.1/nios2eds/bin/gnu/h-x86_64-mingw32/bin/../lib/gcc/nios2-elf/5.3.0/../../../../../H-x86_64-mingw32/nios2-elf/lib\libc.a(lib_a-freer.o)
                0x000000000080bf28                _malloc_trim_r
 .text._free_r  0x000000000080c04c      0x310 c:/software/altera/18.1/nios2eds/bin/gnu/h-x86_64-mingw32/bin/../lib/gcc/nios2-elf/5.3.0/../../../../../H-x86_64-mingw32/nios2-elf/lib\libc.a(lib_a-freer.o)
                0x000000000080c04c                _free_r
 .text          0x000000000080c35c        0x0 c:/software/altera/18.1/nios2eds/bin/gnu/h-x86_64-mingw32/bin/../lib/gcc/nios2-elf/5.3.0/../../../../../H-x86_64-mingw32/nios2-elf/lib\libc.a(lib_a-int_errno.o)
 .text          0x000000000080c35c        0x0 c:/software/altera/18.1/nios2eds/bin/gnu/h-x86_64-mingw32/bin/../lib/gcc/nios2-elf/5.3.0/../../../../../H-x86_64-mingw32/nios2-elf/lib\libc.a(lib_a-lseekr.o)
 .text._lseek_r
                0x000000000080c35c       0x60 c:/software/altera/18.1/nios2eds/bin/gnu/h-x86_64-mingw32/bin/../lib/gcc/nios2-elf/5.3.0/../../../../../H-x86_64-mingw32/nios2-elf/lib\libc.a(lib_a-lseekr.o)
                0x000000000080c35c                _lseek_r
 .text          0x000000000080c3bc        0x0 c:/software/altera/18.1/nios2eds/bin/gnu/h-x86_64-mingw32/bin/../lib/gcc/nios2-elf/5.3.0/../../../../../H-x86_64-mingw32/nios2-elf/lib\libc.a(lib_a-makebuf.o)
 .text.__smakebuf_r
                0x000000000080c3bc      0x1bc c:/software/altera/18.1/nios2eds/bin/gnu/h-x86_64-mingw32/bin/../lib/gcc/nios2-elf/5.3.0/../../../../../H-x86_64-mingw32/nios2-elf/lib\libc.a(lib_a-makebuf.o)
                0x000000000080c3bc                __smakebuf_r
 .text          0x000000000080c578        0x0 c:/software/altera/18.1/nios2eds/bin/gnu/h-x86_64-mingw32/bin/../lib/gcc/nios2-elf/5.3.0/../../../../../H-x86_64-mingw32/nios2-elf/lib\libc.a(lib_a-readr.o)
 .text._read_r  0x000000000080c578       0x60 c:/software/altera/18.1/nios2eds/bin/gnu/h-x86_64-mingw32/bin/../lib/gcc/nios2-elf/5.3.0/../../../../../H-x86_64-mingw32/nios2-elf/lib\libc.a(lib_a-readr.o)
                0x000000000080c578                _read_r
 .text          0x000000000080c5d8        0x0 c:/software/altera/18.1/nios2eds/bin/gnu/h-x86_64-mingw32/bin/../lib/gcc/nios2-elf/5.3.0/../../../../../H-x86_64-mingw32/nios2-elf/lib\libc.a(lib_a-fstatr.o)
 .text._fstat_r
                0x000000000080c5d8       0x5c c:/software/altera/18.1/nios2eds/bin/gnu/h-x86_64-mingw32/bin/../lib/gcc/nios2-elf/5.3.0/../../../../../H-x86_64-mingw32/nios2-elf/lib\libc.a(lib_a-fstatr.o)
                0x000000000080c5d8                _fstat_r
 .text          0x000000000080c634        0x0 c:/software/altera/18.1/nios2eds/bin/gnu/h-x86_64-mingw32/bin/../lib/gcc/nios2-elf/5.3.0/../../../../../H-x86_64-mingw32/nios2-elf/lib\libc.a(lib_a-isattyr.o)
 .text._isatty_r
                0x000000000080c634       0x54 c:/software/altera/18.1/nios2eds/bin/gnu/h-x86_64-mingw32/bin/../lib/gcc/nios2-elf/5.3.0/../../../../../H-x86_64-mingw32/nios2-elf/lib\libc.a(lib_a-isattyr.o)
                0x000000000080c634                _isatty_r
 .text          0x000000000080c688      0x12c ../Lab2_CLI_Testing_bsp/\libhal_bsp.a(alt_alarm_start.o)
                0x000000000080c688                alt_alarm_start
 .text          0x000000000080c7b4      0x10c ../Lab2_CLI_Testing_bsp/\libhal_bsp.a(alt_close.o)
                0x000000000080c7f0                close
 .text          0x000000000080c8c0       0x2c ../Lab2_CLI_Testing_bsp/\libhal_bsp.a(alt_dev.o)
 .text          0x000000000080c8ec        0x0 ../Lab2_CLI_Testing_bsp/\libhal_bsp.a(alt_errno.o)
 .text          0x000000000080c8ec       0xec ../Lab2_CLI_Testing_bsp/\libhal_bsp.a(alt_fstat.o)
                0x000000000080c928                fstat
 .text          0x000000000080c9d8       0xe0 ../Lab2_CLI_Testing_bsp/\libhal_bsp.a(alt_isatty.o)
                0x000000000080ca14                isatty
 .text          0x000000000080cab8       0xec ../Lab2_CLI_Testing_bsp/\libhal_bsp.a(alt_load.o)
                0x000000000080cb20                alt_load
 .text          0x000000000080cba4      0x110 ../Lab2_CLI_Testing_bsp/\libhal_bsp.a(alt_lseek.o)
                0x000000000080cbe0                lseek
 .text          0x000000000080ccb4       0x7c ../Lab2_CLI_Testing_bsp/\libhal_bsp.a(alt_main.o)
                0x000000000080ccb4                alt_main
 .text          0x000000000080cd30       0x48 ../Lab2_CLI_Testing_bsp/\libhal_bsp.a(alt_malloc_lock.o)
                0x000000000080cd30                __malloc_lock
                0x000000000080cd54                __malloc_unlock
 .text          0x000000000080cd78      0x22c ../Lab2_CLI_Testing_bsp/\libhal_bsp.a(alt_printf.o)
                0x000000000080cd78                alt_printf
 .text          0x000000000080cfa4       0x3c ../Lab2_CLI_Testing_bsp/\libhal_bsp.a(alt_putchar.o)
                0x000000000080cfa4                alt_putchar
 .text          0x000000000080cfe0      0x138 ../Lab2_CLI_Testing_bsp/\libhal_bsp.a(alt_read.o)
                0x000000000080d01c                read
 .text          0x000000000080d118       0x64 ../Lab2_CLI_Testing_bsp/\libhal_bsp.a(alt_release_fd.o)
                0x000000000080d118                alt_release_fd
 .text          0x000000000080d17c       0xb0 ../Lab2_CLI_Testing_bsp/\libhal_bsp.a(alt_sbrk.o)
                0x000000000080d17c                sbrk
 .text          0x000000000080d22c      0x1a4 ../Lab2_CLI_Testing_bsp/\libhal_bsp.a(alt_tick.o)
                0x000000000080d22c                alt_alarm_stop
                0x000000000080d2c8                alt_tick
 .text          0x000000000080d3d0      0x134 ../Lab2_CLI_Testing_bsp/\libhal_bsp.a(alt_write.o)
                0x000000000080d40c                write
 .text          0x000000000080d504      0x10c ../Lab2_CLI_Testing_bsp/\libhal_bsp.a(alt_sys_init.o)
                0x000000000080d538                alt_irq_init
                0x000000000080d570                alt_sys_init
 .text          0x000000000080d610       0xc0 ../Lab2_CLI_Testing_bsp/\libhal_bsp.a(altera_avalon_jtag_uart_fd.o)
                0x000000000080d610                altera_avalon_jtag_uart_read_fd
                0x000000000080d670                altera_avalon_jtag_uart_write_fd
 .text          0x000000000080d6d0       0xec ../Lab2_CLI_Testing_bsp/\libhal_bsp.a(altera_avalon_jtag_uart_read.o)
                0x000000000080d6d0                altera_avalon_jtag_uart_read
 .text          0x000000000080d7bc       0x94 ../Lab2_CLI_Testing_bsp/\libhal_bsp.a(altera_avalon_jtag_uart_write.o)
                0x000000000080d7bc                altera_avalon_jtag_uart_write
 .text          0x000000000080d850      0xe7c ../Lab2_CLI_Testing_bsp/\libhal_bsp.a(altera_avalon_lcd_16207.o)
                0x000000000080e014                altera_avalon_lcd_16207_write
                0x000000000080e598                altera_avalon_lcd_16207_init
 .text          0x000000000080e6cc       0x60 ../Lab2_CLI_Testing_bsp/\libhal_bsp.a(altera_avalon_lcd_16207_fd.o)
                0x000000000080e6cc                altera_avalon_lcd_16207_write_fd
 .text          0x000000000080e72c       0xf0 ../Lab2_CLI_Testing_bsp/\libhal_bsp.a(altera_avalon_timer_sc.o)
                0x000000000080e7a8                alt_avalon_timer_sc_init
 .text          0x000000000080e81c      0x110 ../Lab2_CLI_Testing_bsp/\libhal_bsp.a(altera_avalon_uart_fd.o)
                0x000000000080e81c                altera_avalon_uart_read_fd
                0x000000000080e87c                altera_avalon_uart_write_fd
                0x000000000080e8dc                altera_avalon_uart_close_fd
 .text          0x000000000080e92c      0x3c4 ../Lab2_CLI_Testing_bsp/\libhal_bsp.a(altera_avalon_uart_init.o)
                0x000000000080e92c                altera_avalon_uart_init
                0x000000000080ec9c                altera_avalon_uart_close
 .text          0x000000000080ecf0      0x218 ../Lab2_CLI_Testing_bsp/\libhal_bsp.a(altera_avalon_uart_read.o)
                0x000000000080ed2c                altera_avalon_uart_read
 .text          0x000000000080ef08      0x1e8 ../Lab2_CLI_Testing_bsp/\libhal_bsp.a(altera_avalon_uart_write.o)
                0x000000000080ef44                altera_avalon_uart_write
 .text          0x000000000080f0f0      0x7a8 ../Lab2_CLI_Testing_bsp/\libhal_bsp.a(altera_up_avalon_audio.o)
                0x000000000080f0f0                alt_up_audio_open_dev
                0x000000000080f12c                alt_up_audio_enable_read_interrupt
                0x000000000080f180                alt_up_audio_disable_read_interrupt
                0x000000000080f1d8                alt_up_audio_enable_write_interrupt
                0x000000000080f22c                alt_up_audio_disable_write_interrupt
                0x000000000080f284                alt_up_audio_read_interrupt_pending
                0x000000000080f2c4                alt_up_audio_write_interrupt_pending
                0x000000000080f304                alt_up_audio_reset_audio_core
                0x000000000080f398                alt_up_audio_read_fifo_avail
                0x000000000080f3f8                alt_up_audio_record_r
                0x000000000080f460                alt_up_audio_record_l
                0x000000000080f4c8                alt_up_audio_write_fifo_space
                0x000000000080f528                alt_up_audio_play_r
                0x000000000080f590                alt_up_audio_play_l
                0x000000000080f5f8                alt_up_audio_read_fifo
                0x000000000080f6d8                alt_up_audio_write_fifo
                0x000000000080f7e0                alt_up_audio_read_fifo_head
                0x000000000080f830                alt_up_audio_write_fifo_head
 .text          0x000000000080f898       0x48 ../Lab2_CLI_Testing_bsp/\libhal_bsp.a(alt_dcache_flush_all.o)
                0x000000000080f898                alt_dcache_flush_all
 .text          0x000000000080f8e0       0xe0 ../Lab2_CLI_Testing_bsp/\libhal_bsp.a(alt_dev_llist_insert.o)
                0x000000000080f91c                alt_dev_llist_insert
 .text          0x000000000080f9c0       0x60 ../Lab2_CLI_Testing_bsp/\libhal_bsp.a(alt_do_ctors.o)
                0x000000000080f9c0                _do_ctors
 .text          0x000000000080fa20       0x60 ../Lab2_CLI_Testing_bsp/\libhal_bsp.a(alt_do_dtors.o)
                0x000000000080fa20                _do_dtors
 .text          0x000000000080fa80       0x90 ../Lab2_CLI_Testing_bsp/\libhal_bsp.a(alt_find_dev.o)
                0x000000000080fa80                alt_find_dev
 .text          0x000000000080fb10       0x34 ../Lab2_CLI_Testing_bsp/\libhal_bsp.a(alt_icache_flush_all.o)
                0x000000000080fb10                alt_icache_flush_all
 .text          0x000000000080fb44      0x140 ../Lab2_CLI_Testing_bsp/\libhal_bsp.a(alt_io_redirect.o)
                0x000000000080fc08                alt_io_redirect
 .text          0x000000000080fc84      0x180 ../Lab2_CLI_Testing_bsp/\libhal_bsp.a(alt_irq_register.o)
                0x000000000080fc84                alt_irq_register
 .text          0x000000000080fe04        0x0 ../Lab2_CLI_Testing_bsp/\libhal_bsp.a(alt_irq_vars.o)
 .text          0x000000000080fe04      0x254 ../Lab2_CLI_Testing_bsp/\libhal_bsp.a(alt_open.o)
                0x000000000080ff04                open
 .text          0x0000000000810058       0x30 ../Lab2_CLI_Testing_bsp/\libhal_bsp.a(alt_usleep.o)
                0x0000000000810058                usleep
 .text          0x0000000000810088       0x24 ../Lab2_CLI_Testing_bsp/\libhal_bsp.a(altera_nios2_gen2_irq.o)
                0x0000000000810088                altera_nios2_gen2_irq_init
 .text          0x00000000008100ac      0x158 ../Lab2_CLI_Testing_bsp/\libhal_bsp.a(alt_busy_sleep.o)
                0x00000000008100ac                alt_busy_sleep
 .text          0x0000000000810204      0x108 ../Lab2_CLI_Testing_bsp/\libhal_bsp.a(alt_find_file.o)
                0x0000000000810204                alt_find_file
 .text          0x000000000081030c       0xa4 ../Lab2_CLI_Testing_bsp/\libhal_bsp.a(alt_get_fd.o)
                0x000000000081030c                alt_get_fd
 .text          0x00000000008103b0       0x90 ../Lab2_CLI_Testing_bsp/\libhal_bsp.a(alt_icache_flush.o)
                0x00000000008103b0                alt_icache_flush
 .text          0x0000000000810440        0x0 ../Lab2_CLI_Testing_bsp/\libhal_bsp.a(alt_irq_entry.o)
 .text          0x0000000000810440        0x0 ../Lab2_CLI_Testing_bsp/\libhal_bsp.a(alt_irq_handler.o)
 .text          0x0000000000810440        0x0 ../Lab2_CLI_Testing_bsp/\libhal_bsp.a(alt_exception_entry.o)
 .text          0x0000000000810440       0x9c ../Lab2_CLI_Testing_bsp/\libhal_bsp.a(alt_instruction_exception_entry.o)
                0x0000000000810440                alt_exception_cause_generated_bad_addr
 .text          0x00000000008104dc        0x0 c:/software/altera/18.1/nios2eds/bin/gnu/h-x86_64-mingw32/bin/../lib/gcc/nios2-elf/5.3.0/../../../../../H-x86_64-mingw32/nios2-elf/lib\libc.a(lib_a-atexit.o)
 .text.atexit   0x00000000008104dc       0x14 c:/software/altera/18.1/nios2eds/bin/gnu/h-x86_64-mingw32/bin/../lib/gcc/nios2-elf/5.3.0/../../../../../H-x86_64-mingw32/nios2-elf/lib\libc.a(lib_a-atexit.o)
                0x00000000008104dc                atexit
 .text          0x00000000008104f0        0x0 c:/software/altera/18.1/nios2eds/bin/gnu/h-x86_64-mingw32/bin/../lib/gcc/nios2-elf/5.3.0/../../../../../H-x86_64-mingw32/nios2-elf/lib\libc.a(lib_a-ctype_.o)
 .text          0x00000000008104f0        0x0 c:/software/altera/18.1/nios2eds/bin/gnu/h-x86_64-mingw32/bin/../lib/gcc/nios2-elf/5.3.0/../../../../../H-x86_64-mingw32/nios2-elf/lib\libc.a(lib_a-exit.o)
 .text.exit     0x00000000008104f0       0x38 c:/software/altera/18.1/nios2eds/bin/gnu/h-x86_64-mingw32/bin/../lib/gcc/nios2-elf/5.3.0/../../../../../H-x86_64-mingw32/nios2-elf/lib\libc.a(lib_a-exit.o)
                0x00000000008104f0                exit
 .text          0x0000000000810528        0x0 c:/software/altera/18.1/nios2eds/bin/gnu/h-x86_64-mingw32/bin/../lib/gcc/nios2-elf/5.3.0/../../../../../H-x86_64-mingw32/nios2-elf/lib\libc.a(lib_a-memcmp.o)
 .text.memcmp   0x0000000000810528       0x7c c:/software/altera/18.1/nios2eds/bin/gnu/h-x86_64-mingw32/bin/../lib/gcc/nios2-elf/5.3.0/../../../../../H-x86_64-mingw32/nios2-elf/lib\libc.a(lib_a-memcmp.o)
                0x0000000000810528                memcmp
 .text          0x00000000008105a4        0x0 c:/software/altera/18.1/nios2eds/bin/gnu/h-x86_64-mingw32/bin/../lib/gcc/nios2-elf/5.3.0/../../../../../H-x86_64-mingw32/nios2-elf/lib\libc.a(lib_a-memcpy.o)
 .text.memcpy   0x00000000008105a4      0x148 c:/software/altera/18.1/nios2eds/bin/gnu/h-x86_64-mingw32/bin/../lib/gcc/nios2-elf/5.3.0/../../../../../H-x86_64-mingw32/nios2-elf/lib\libc.a(lib_a-memcpy.o)
                0x00000000008105a4                memcpy
 .text          0x00000000008106ec        0x0 c:/software/altera/18.1/nios2eds/bin/gnu/h-x86_64-mingw32/bin/../lib/gcc/nios2-elf/5.3.0/../../../../../H-x86_64-mingw32/nios2-elf/lib\libc.a(lib_a-__atexit.o)
 .text.__register_exitproc
                0x00000000008106ec      0x118 c:/software/altera/18.1/nios2eds/bin/gnu/h-x86_64-mingw32/bin/../lib/gcc/nios2-elf/5.3.0/../../../../../H-x86_64-mingw32/nios2-elf/lib\libc.a(lib_a-__atexit.o)
                0x00000000008106ec                __register_exitproc
 .text          0x0000000000810804        0x0 c:/software/altera/18.1/nios2eds/bin/gnu/h-x86_64-mingw32/bin/../lib/gcc/nios2-elf/5.3.0/../../../../../H-x86_64-mingw32/nios2-elf/lib\libc.a(lib_a-__call_atexit.o)
 .text.__call_exitprocs
                0x0000000000810804      0x180 c:/software/altera/18.1/nios2eds/bin/gnu/h-x86_64-mingw32/bin/../lib/gcc/nios2-elf/5.3.0/../../../../../H-x86_64-mingw32/nios2-elf/lib\libc.a(lib_a-__call_atexit.o)
                0x0000000000810804                __call_exitprocs
 .text          0x0000000000810984       0x34 ../Lab2_CLI_Testing_bsp/\libhal_bsp.a(alt_exit.o)
                0x0000000000810984                _exit
 *(.gnu.warning.*)
 *(.fini)
                [!provide]                        PROVIDE (__etext, ABSOLUTE (.))
                [!provide]                        PROVIDE (_etext, ABSOLUTE (.))
                [!provide]                        PROVIDE (etext, ABSOLUTE (.))
 *(.eh_frame_hdr)
                0x00000000008109b8                . = ALIGN (0x4)
                [!provide]                        PROVIDE (__preinit_array_start, ABSOLUTE (.))
 *(.preinit_array)
                [!provide]                        PROVIDE (__preinit_array_end, ABSOLUTE (.))
                [!provide]                        PROVIDE (__init_array_start, ABSOLUTE (.))
 *(.init_array)
                [!provide]                        PROVIDE (__init_array_end, ABSOLUTE (.))
                [!provide]                        PROVIDE (__fini_array_start, ABSOLUTE (.))
 *(.fini_array)
                [!provide]                        PROVIDE (__fini_array_end, ABSOLUTE (.))
 *(.eh_frame)
 *(.gcc_except_table .gcc_except_table.*)
 *(.dynamic)
                0x00000000008109b8                PROVIDE (__CTOR_LIST__, ABSOLUTE (.))
 *(.ctors)
 *(SORT(.ctors.*))
                0x00000000008109b8                PROVIDE (__CTOR_END__, ABSOLUTE (.))
                0x00000000008109b8                PROVIDE (__DTOR_LIST__, ABSOLUTE (.))
 *(.dtors)
 *(SORT(.dtors.*))
                0x00000000008109b8                PROVIDE (__DTOR_END__, ABSOLUTE (.))
 *(.jcr)
                0x00000000008109b8                . = ALIGN (0x4)

.rodata         0x00000000008109b8      0xa60
                0x00000000008109b8                PROVIDE (__ram_rodata_start, ABSOLUTE (.))
                0x00000000008109b8                . = ALIGN (0x4)
 *(.rodata .rodata.* .gnu.linkonce.r.*)
 .rodata        0x00000000008109b8       0xf0 obj/default/ff.o
 .rodata        0x0000000000810aa8      0x661 obj/default/hello_world.o
 *fill*         0x0000000000811109        0x3 
 .rodata        0x000000000081110c        0xe obj/default/monitor.o
 *fill*         0x000000000081111a        0x2 
 .rodata.str1.4
                0x000000000081111c        0x4 c:/software/altera/18.1/nios2eds/bin/gnu/h-x86_64-mingw32/bin/../lib/gcc/nios2-elf/5.3.0/../../../../../H-x86_64-mingw32/nios2-elf/lib\libc.a(lib_a-impure.o)
                                          0x2 (size before relaxing)
 .rodata        0x0000000000811120        0xa ../Lab2_CLI_Testing_bsp/\libhal_bsp.a(alt_dev.o)
 *fill*         0x000000000081112a        0x2 
 .rodata        0x000000000081112c       0x11 ../Lab2_CLI_Testing_bsp/\libhal_bsp.a(alt_main.o)
 *fill*         0x000000000081113d        0x3 
 .rodata        0x0000000000811140       0x57 ../Lab2_CLI_Testing_bsp/\libhal_bsp.a(alt_sys_init.o)
 .rodata._ctype_
                0x0000000000811197      0x101 c:/software/altera/18.1/nios2eds/bin/gnu/h-x86_64-mingw32/bin/../lib/gcc/nios2-elf/5.3.0/../../../../../H-x86_64-mingw32/nios2-elf/lib\libc.a(lib_a-ctype_.o)
                0x0000000000811197                _ctype_
 .rodata._ctype_b
                0x0000000000811298      0x180 c:/software/altera/18.1/nios2eds/bin/gnu/h-x86_64-mingw32/bin/../lib/gcc/nios2-elf/5.3.0/../../../../../H-x86_64-mingw32/nios2-elf/lib\libc.a(lib_a-ctype_.o)
 *(.rodata1)
                0x0000000000811418                . = ALIGN (0x4)
                0x0000000000811418                PROVIDE (__ram_rodata_end, ABSOLUTE (.))
                0x00000000008109b8                PROVIDE (__flash_rodata_start, LOADADDR (.rodata))

.rwdata         0x0000000000811418      0xc8c load address 0x00000000008120a4
                0x0000000000811418                PROVIDE (__ram_rwdata_start, ABSOLUTE (.))
                0x0000000000811418                . = ALIGN (0x4)
 *(.got.plt)
 *(.got)
 *(.data1)
 *(.data .data.* .gnu.linkonce.d.*)
 .data          0x0000000000811418        0x0 ../Lab2_CLI_Testing_bsp//obj/HAL/src/crt0.o
 .data          0x0000000000811418        0x0 obj/default/fatfs.o
 .data          0x0000000000811418        0x0 obj/default/fatfs_diskio.o
 .data          0x0000000000811418        0x0 obj/default/fatfs_nios2_de0_nano_spi.o
 .data          0x0000000000811418        0x0 obj/default/fatfs_nios2_de1_pio.o
 .data          0x0000000000811418        0x0 obj/default/fatfs_nios2_de1_spi.o
 .data          0x0000000000811418        0x0 obj/default/ff.o
 .data          0x0000000000811418        0x0 obj/default/hello_world.o
 .data          0x0000000000811418        0x0 obj/default/monitor.o
 .data          0x0000000000811418        0x0 obj/default/uart_nios2.o
 .data          0x0000000000811418        0x0 c:/software/altera/18.1/nios2eds/bin/gnu/h-x86_64-mingw32/bin/../lib/gcc/nios2-elf/5.3.0\libgcc.a(lib2-divmod.o)
 .data          0x0000000000811418        0x0 c:/software/altera/18.1/nios2eds/bin/gnu/h-x86_64-mingw32/bin/../lib/gcc/nios2-elf/5.3.0/../../../../../H-x86_64-mingw32/nios2-elf/lib\libc.a(lib_a-getc.o)
 .data          0x0000000000811418        0x0 c:/software/altera/18.1/nios2eds/bin/gnu/h-x86_64-mingw32/bin/../lib/gcc/nios2-elf/5.3.0/../../../../../H-x86_64-mingw32/nios2-elf/lib\libc.a(lib_a-impure.o)
 .data.impure_data
                0x0000000000811418      0x424 c:/software/altera/18.1/nios2eds/bin/gnu/h-x86_64-mingw32/bin/../lib/gcc/nios2-elf/5.3.0/../../../../../H-x86_64-mingw32/nios2-elf/lib\libc.a(lib_a-impure.o)
 .data          0x000000000081183c        0x0 c:/software/altera/18.1/nios2eds/bin/gnu/h-x86_64-mingw32/bin/../lib/gcc/nios2-elf/5.3.0/../../../../../H-x86_64-mingw32/nios2-elf/lib\libc.a(lib_a-memset.o)
 .data          0x000000000081183c        0x0 c:/software/altera/18.1/nios2eds/bin/gnu/h-x86_64-mingw32/bin/../lib/gcc/nios2-elf/5.3.0/../../../../../H-x86_64-mingw32/nios2-elf/lib\libc.a(lib_a-putchar.o)
 .data          0x000000000081183c        0x0 c:/software/altera/18.1/nios2eds/bin/gnu/h-x86_64-mingw32/bin/../lib/gcc/nios2-elf/5.3.0/../../../../../H-x86_64-mingw32/nios2-elf/lib\libc.a(lib_a-rget.o)
 .data          0x000000000081183c        0x0 c:/software/altera/18.1/nios2eds/bin/gnu/h-x86_64-mingw32/bin/../lib/gcc/nios2-elf/5.3.0/../../../../../H-x86_64-mingw32/nios2-elf/lib\libc.a(lib_a-strcpy.o)
 .data          0x000000000081183c        0x0 c:/software/altera/18.1/nios2eds/bin/gnu/h-x86_64-mingw32/bin/../lib/gcc/nios2-elf/5.3.0/../../../../../H-x86_64-mingw32/nios2-elf/lib\libc.a(lib_a-strlen.o)
 .data          0x000000000081183c        0x0 c:/software/altera/18.1/nios2eds/bin/gnu/h-x86_64-mingw32/bin/../lib/gcc/nios2-elf/5.3.0/../../../../../H-x86_64-mingw32/nios2-elf/lib\libc.a(lib_a-findfp.o)
 .data          0x000000000081183c        0x0 c:/software/altera/18.1/nios2eds/bin/gnu/h-x86_64-mingw32/bin/../lib/gcc/nios2-elf/5.3.0/../../../../../H-x86_64-mingw32/nios2-elf/lib\libc.a(lib_a-fwalk.o)
 .data          0x000000000081183c        0x0 c:/software/altera/18.1/nios2eds/bin/gnu/h-x86_64-mingw32/bin/../lib/gcc/nios2-elf/5.3.0/../../../../../H-x86_64-mingw32/nios2-elf/lib\libc.a(lib_a-mallocr.o)
 .data.__malloc_av_
                0x000000000081183c      0x408 c:/software/altera/18.1/nios2eds/bin/gnu/h-x86_64-mingw32/bin/../lib/gcc/nios2-elf/5.3.0/../../../../../H-x86_64-mingw32/nios2-elf/lib\libc.a(lib_a-mallocr.o)
                0x000000000081183c                __malloc_av_
 .data          0x0000000000811c44        0x0 c:/software/altera/18.1/nios2eds/bin/gnu/h-x86_64-mingw32/bin/../lib/gcc/nios2-elf/5.3.0/../../../../../H-x86_64-mingw32/nios2-elf/lib\libc.a(lib_a-putc.o)
 .data          0x0000000000811c44        0x0 c:/software/altera/18.1/nios2eds/bin/gnu/h-x86_64-mingw32/bin/../lib/gcc/nios2-elf/5.3.0/../../../../../H-x86_64-mingw32/nios2-elf/lib\libc.a(lib_a-refill.o)
 .data          0x0000000000811c44        0x0 c:/software/altera/18.1/nios2eds/bin/gnu/h-x86_64-mingw32/bin/../lib/gcc/nios2-elf/5.3.0/../../../../../H-x86_64-mingw32/nios2-elf/lib\libc.a(lib_a-sbrkr.o)
 .data          0x0000000000811c44        0x0 c:/software/altera/18.1/nios2eds/bin/gnu/h-x86_64-mingw32/bin/../lib/gcc/nios2-elf/5.3.0/../../../../../H-x86_64-mingw32/nios2-elf/lib\libc.a(lib_a-stdio.o)
 .data          0x0000000000811c44        0x0 c:/software/altera/18.1/nios2eds/bin/gnu/h-x86_64-mingw32/bin/../lib/gcc/nios2-elf/5.3.0/../../../../../H-x86_64-mingw32/nios2-elf/lib\libc.a(lib_a-wbuf.o)
 .data          0x0000000000811c44        0x0 c:/software/altera/18.1/nios2eds/bin/gnu/h-x86_64-mingw32/bin/../lib/gcc/nios2-elf/5.3.0/../../../../../H-x86_64-mingw32/nios2-elf/lib\libc.a(lib_a-writer.o)
 .data          0x0000000000811c44        0x0 c:/software/altera/18.1/nios2eds/bin/gnu/h-x86_64-mingw32/bin/../lib/gcc/nios2-elf/5.3.0/../../../../../H-x86_64-mingw32/nios2-elf/lib\libc.a(lib_a-wsetup.o)
 .data          0x0000000000811c44        0x0 c:/software/altera/18.1/nios2eds/bin/gnu/h-x86_64-mingw32/bin/../lib/gcc/nios2-elf/5.3.0/../../../../../H-x86_64-mingw32/nios2-elf/lib\libc.a(closer.o)
 .data          0x0000000000811c44        0x0 c:/software/altera/18.1/nios2eds/bin/gnu/h-x86_64-mingw32/bin/../lib/gcc/nios2-elf/5.3.0/../../../../../H-x86_64-mingw32/nios2-elf/lib\libc.a(lib_a-fclose.o)
 .data          0x0000000000811c44        0x0 c:/software/altera/18.1/nios2eds/bin/gnu/h-x86_64-mingw32/bin/../lib/gcc/nios2-elf/5.3.0/../../../../../H-x86_64-mingw32/nios2-elf/lib\libc.a(lib_a-fflush.o)
 .data          0x0000000000811c44        0x0 c:/software/altera/18.1/nios2eds/bin/gnu/h-x86_64-mingw32/bin/../lib/gcc/nios2-elf/5.3.0/../../../../../H-x86_64-mingw32/nios2-elf/lib\libc.a(lib_a-freer.o)
 .data          0x0000000000811c44        0x0 c:/software/altera/18.1/nios2eds/bin/gnu/h-x86_64-mingw32/bin/../lib/gcc/nios2-elf/5.3.0/../../../../../H-x86_64-mingw32/nios2-elf/lib\libc.a(lib_a-int_errno.o)
 .data          0x0000000000811c44        0x0 c:/software/altera/18.1/nios2eds/bin/gnu/h-x86_64-mingw32/bin/../lib/gcc/nios2-elf/5.3.0/../../../../../H-x86_64-mingw32/nios2-elf/lib\libc.a(lib_a-lseekr.o)
 .data          0x0000000000811c44        0x0 c:/software/altera/18.1/nios2eds/bin/gnu/h-x86_64-mingw32/bin/../lib/gcc/nios2-elf/5.3.0/../../../../../H-x86_64-mingw32/nios2-elf/lib\libc.a(lib_a-makebuf.o)
 .data          0x0000000000811c44        0x0 c:/software/altera/18.1/nios2eds/bin/gnu/h-x86_64-mingw32/bin/../lib/gcc/nios2-elf/5.3.0/../../../../../H-x86_64-mingw32/nios2-elf/lib\libc.a(lib_a-readr.o)
 .data          0x0000000000811c44        0x0 c:/software/altera/18.1/nios2eds/bin/gnu/h-x86_64-mingw32/bin/../lib/gcc/nios2-elf/5.3.0/../../../../../H-x86_64-mingw32/nios2-elf/lib\libc.a(lib_a-fstatr.o)
 .data          0x0000000000811c44        0x0 c:/software/altera/18.1/nios2eds/bin/gnu/h-x86_64-mingw32/bin/../lib/gcc/nios2-elf/5.3.0/../../../../../H-x86_64-mingw32/nios2-elf/lib\libc.a(lib_a-isattyr.o)
 .data          0x0000000000811c44        0x0 ../Lab2_CLI_Testing_bsp/\libhal_bsp.a(alt_alarm_start.o)
 .data          0x0000000000811c44        0x0 ../Lab2_CLI_Testing_bsp/\libhal_bsp.a(alt_close.o)
 .data          0x0000000000811c44      0x1a8 ../Lab2_CLI_Testing_bsp/\libhal_bsp.a(alt_dev.o)
                0x0000000000811c44                alt_dev_null
                0x0000000000811c6c                alt_fd_list
 .data          0x0000000000811dec        0x0 ../Lab2_CLI_Testing_bsp/\libhal_bsp.a(alt_errno.o)
 .data          0x0000000000811dec        0x0 ../Lab2_CLI_Testing_bsp/\libhal_bsp.a(alt_fstat.o)
 .data          0x0000000000811dec        0x0 ../Lab2_CLI_Testing_bsp/\libhal_bsp.a(alt_isatty.o)
 .data          0x0000000000811dec        0x0 ../Lab2_CLI_Testing_bsp/\libhal_bsp.a(alt_load.o)
 .data          0x0000000000811dec        0x0 ../Lab2_CLI_Testing_bsp/\libhal_bsp.a(alt_lseek.o)
 .data          0x0000000000811dec        0x0 ../Lab2_CLI_Testing_bsp/\libhal_bsp.a(alt_main.o)
 .data          0x0000000000811dec        0x0 ../Lab2_CLI_Testing_bsp/\libhal_bsp.a(alt_malloc_lock.o)
 .data          0x0000000000811dec        0x0 ../Lab2_CLI_Testing_bsp/\libhal_bsp.a(alt_printf.o)
 .data          0x0000000000811dec        0x0 ../Lab2_CLI_Testing_bsp/\libhal_bsp.a(alt_putchar.o)
 .data          0x0000000000811dec        0x0 ../Lab2_CLI_Testing_bsp/\libhal_bsp.a(alt_read.o)
 .data          0x0000000000811dec        0x0 ../Lab2_CLI_Testing_bsp/\libhal_bsp.a(alt_release_fd.o)
 .data          0x0000000000811dec        0x0 ../Lab2_CLI_Testing_bsp/\libhal_bsp.a(alt_sbrk.o)
 .data          0x0000000000811dec        0x0 ../Lab2_CLI_Testing_bsp/\libhal_bsp.a(alt_tick.o)
 .data          0x0000000000811dec        0x0 ../Lab2_CLI_Testing_bsp/\libhal_bsp.a(alt_write.o)
 .data          0x0000000000811dec      0x270 ../Lab2_CLI_Testing_bsp/\libhal_bsp.a(alt_sys_init.o)
 .data          0x000000000081205c        0x0 ../Lab2_CLI_Testing_bsp/\libhal_bsp.a(altera_avalon_jtag_uart_fd.o)
 .data          0x000000000081205c        0x0 ../Lab2_CLI_Testing_bsp/\libhal_bsp.a(altera_avalon_jtag_uart_read.o)
 .data          0x000000000081205c        0x0 ../Lab2_CLI_Testing_bsp/\libhal_bsp.a(altera_avalon_jtag_uart_write.o)
 .data          0x000000000081205c        0x0 ../Lab2_CLI_Testing_bsp/\libhal_bsp.a(altera_avalon_lcd_16207.o)
 .data          0x000000000081205c        0x0 ../Lab2_CLI_Testing_bsp/\libhal_bsp.a(altera_avalon_lcd_16207_fd.o)
 .data          0x000000000081205c        0x0 ../Lab2_CLI_Testing_bsp/\libhal_bsp.a(altera_avalon_timer_sc.o)
 .data          0x000000000081205c        0x0 ../Lab2_CLI_Testing_bsp/\libhal_bsp.a(altera_avalon_uart_fd.o)
 .data          0x000000000081205c        0x0 ../Lab2_CLI_Testing_bsp/\libhal_bsp.a(altera_avalon_uart_init.o)
 .data          0x000000000081205c        0x0 ../Lab2_CLI_Testing_bsp/\libhal_bsp.a(altera_avalon_uart_read.o)
 .data          0x000000000081205c        0x0 ../Lab2_CLI_Testing_bsp/\libhal_bsp.a(altera_avalon_uart_write.o)
 .data          0x000000000081205c        0x0 ../Lab2_CLI_Testing_bsp/\libhal_bsp.a(altera_up_avalon_audio.o)
 .data          0x000000000081205c        0x0 ../Lab2_CLI_Testing_bsp/\libhal_bsp.a(alt_dcache_flush_all.o)
 .data          0x000000000081205c        0x0 ../Lab2_CLI_Testing_bsp/\libhal_bsp.a(alt_dev_llist_insert.o)
 .data          0x000000000081205c        0x0 ../Lab2_CLI_Testing_bsp/\libhal_bsp.a(alt_do_ctors.o)
 .data          0x000000000081205c        0x0 ../Lab2_CLI_Testing_bsp/\libhal_bsp.a(alt_do_dtors.o)
 .data          0x000000000081205c        0x0 ../Lab2_CLI_Testing_bsp/\libhal_bsp.a(alt_find_dev.o)
 .data          0x000000000081205c        0x0 ../Lab2_CLI_Testing_bsp/\libhal_bsp.a(alt_icache_flush_all.o)
 .data          0x000000000081205c        0x0 ../Lab2_CLI_Testing_bsp/\libhal_bsp.a(alt_io_redirect.o)
 .data          0x000000000081205c        0x0 ../Lab2_CLI_Testing_bsp/\libhal_bsp.a(alt_irq_register.o)
 .data          0x000000000081205c        0x0 ../Lab2_CLI_Testing_bsp/\libhal_bsp.a(alt_irq_vars.o)
 .data          0x000000000081205c        0x0 ../Lab2_CLI_Testing_bsp/\libhal_bsp.a(alt_open.o)
 .data          0x000000000081205c        0x0 ../Lab2_CLI_Testing_bsp/\libhal_bsp.a(alt_usleep.o)
 .data          0x000000000081205c        0x0 ../Lab2_CLI_Testing_bsp/\libhal_bsp.a(altera_nios2_gen2_irq.o)
 .data          0x000000000081205c        0x0 ../Lab2_CLI_Testing_bsp/\libhal_bsp.a(alt_busy_sleep.o)
 .data          0x000000000081205c        0x0 ../Lab2_CLI_Testing_bsp/\libhal_bsp.a(alt_find_file.o)
 .data          0x000000000081205c        0x0 ../Lab2_CLI_Testing_bsp/\libhal_bsp.a(alt_get_fd.o)
 .data          0x000000000081205c        0x0 ../Lab2_CLI_Testing_bsp/\libhal_bsp.a(alt_icache_flush.o)
 .data          0x000000000081205c        0x0 ../Lab2_CLI_Testing_bsp/\libhal_bsp.a(alt_irq_entry.o)
 .data          0x000000000081205c        0x0 ../Lab2_CLI_Testing_bsp/\libhal_bsp.a(alt_irq_handler.o)
 .data          0x000000000081205c        0x0 ../Lab2_CLI_Testing_bsp/\libhal_bsp.a(alt_exception_entry.o)
 .data          0x000000000081205c        0x0 ../Lab2_CLI_Testing_bsp/\libhal_bsp.a(alt_instruction_exception_entry.o)
 .data          0x000000000081205c        0x0 c:/software/altera/18.1/nios2eds/bin/gnu/h-x86_64-mingw32/bin/../lib/gcc/nios2-elf/5.3.0/../../../../../H-x86_64-mingw32/nios2-elf/lib\libc.a(lib_a-atexit.o)
 .data          0x000000000081205c        0x0 c:/software/altera/18.1/nios2eds/bin/gnu/h-x86_64-mingw32/bin/../lib/gcc/nios2-elf/5.3.0/../../../../../H-x86_64-mingw32/nios2-elf/lib\libc.a(lib_a-ctype_.o)
 .data          0x000000000081205c        0x0 c:/software/altera/18.1/nios2eds/bin/gnu/h-x86_64-mingw32/bin/../lib/gcc/nios2-elf/5.3.0/../../../../../H-x86_64-mingw32/nios2-elf/lib\libc.a(lib_a-exit.o)
 .data          0x000000000081205c        0x0 c:/software/altera/18.1/nios2eds/bin/gnu/h-x86_64-mingw32/bin/../lib/gcc/nios2-elf/5.3.0/../../../../../H-x86_64-mingw32/nios2-elf/lib\libc.a(lib_a-memcmp.o)
 .data          0x000000000081205c        0x0 c:/software/altera/18.1/nios2eds/bin/gnu/h-x86_64-mingw32/bin/../lib/gcc/nios2-elf/5.3.0/../../../../../H-x86_64-mingw32/nios2-elf/lib\libc.a(lib_a-memcpy.o)
 .data          0x000000000081205c        0x0 c:/software/altera/18.1/nios2eds/bin/gnu/h-x86_64-mingw32/bin/../lib/gcc/nios2-elf/5.3.0/../../../../../H-x86_64-mingw32/nios2-elf/lib\libc.a(lib_a-__atexit.o)
 .data          0x000000000081205c        0x0 c:/software/altera/18.1/nios2eds/bin/gnu/h-x86_64-mingw32/bin/../lib/gcc/nios2-elf/5.3.0/../../../../../H-x86_64-mingw32/nios2-elf/lib\libc.a(lib_a-__call_atexit.o)
 .data          0x000000000081205c        0x0 ../Lab2_CLI_Testing_bsp/\libhal_bsp.a(alt_exit.o)
                0x000000000081a05c                _gp = ABSOLUTE ((. + 0x8000))
                [!provide]                        PROVIDE (gp, _gp)
 *(.rwdata .rwdata.*)
 *(.sdata .sdata.* .gnu.linkonce.s.*)
 .sdata         0x000000000081205c        0x1 obj/default/fatfs_diskio.o
 .sdata         0x000000000081205d        0x4 obj/default/hello_world.o
 *fill*         0x0000000000812061        0x3 
 .sdata._global_impure_ptr
                0x0000000000812064        0x4 c:/software/altera/18.1/nios2eds/bin/gnu/h-x86_64-mingw32/bin/../lib/gcc/nios2-elf/5.3.0/../../../../../H-x86_64-mingw32/nios2-elf/lib\libc.a(lib_a-impure.o)
                0x0000000000812064                _global_impure_ptr
 .sdata._impure_ptr
                0x0000000000812068        0x4 c:/software/altera/18.1/nios2eds/bin/gnu/h-x86_64-mingw32/bin/../lib/gcc/nios2-elf/5.3.0/../../../../../H-x86_64-mingw32/nios2-elf/lib\libc.a(lib_a-impure.o)
                0x0000000000812068                _impure_ptr
 .sdata.__malloc_sbrk_base
                0x000000000081206c        0x4 c:/software/altera/18.1/nios2eds/bin/gnu/h-x86_64-mingw32/bin/../lib/gcc/nios2-elf/5.3.0/../../../../../H-x86_64-mingw32/nios2-elf/lib\libc.a(lib_a-mallocr.o)
                0x000000000081206c                __malloc_sbrk_base
 .sdata.__malloc_trim_threshold
                0x0000000000812070        0x4 c:/software/altera/18.1/nios2eds/bin/gnu/h-x86_64-mingw32/bin/../lib/gcc/nios2-elf/5.3.0/../../../../../H-x86_64-mingw32/nios2-elf/lib\libc.a(lib_a-mallocr.o)
                0x0000000000812070                __malloc_trim_threshold
 .sdata         0x0000000000812074       0x14 ../Lab2_CLI_Testing_bsp/\libhal_bsp.a(alt_dev.o)
                0x0000000000812074                alt_fs_list
                0x000000000081207c                alt_dev_list
                0x0000000000812084                alt_max_fd
 .sdata         0x0000000000812088        0x4 ../Lab2_CLI_Testing_bsp/\libhal_bsp.a(alt_errno.o)
                0x0000000000812088                alt_errno
 .sdata         0x000000000081208c        0x4 ../Lab2_CLI_Testing_bsp/\libhal_bsp.a(alt_sbrk.o)
 .sdata         0x0000000000812090        0x8 ../Lab2_CLI_Testing_bsp/\libhal_bsp.a(alt_tick.o)
                0x0000000000812090                alt_alarm_list
 .sdata         0x0000000000812098        0x4 ../Lab2_CLI_Testing_bsp/\libhal_bsp.a(altera_avalon_lcd_16207.o)
 .sdata         0x000000000081209c        0x4 ../Lab2_CLI_Testing_bsp/\libhal_bsp.a(alt_irq_vars.o)
                0x000000000081209c                alt_priority_mask
 .sdata.__ctype_ptr__
                0x00000000008120a0        0x4 c:/software/altera/18.1/nios2eds/bin/gnu/h-x86_64-mingw32/bin/../lib/gcc/nios2-elf/5.3.0/../../../../../H-x86_64-mingw32/nios2-elf/lib\libc.a(lib_a-ctype_.o)
                0x00000000008120a0                __ctype_ptr__
 *(.sdata2 .sdata2.* .gnu.linkonce.s2.*)
                0x00000000008120a4                . = ALIGN (0x4)
                0x00000000008120a4                _edata = ABSOLUTE (.)
                [!provide]                        PROVIDE (edata, ABSOLUTE (.))
                0x00000000008120a4                PROVIDE (__ram_rwdata_end, ABSOLUTE (.))
                0x00000000008120a4                PROVIDE (__flash_rwdata_start, LOADADDR (.rwdata))

.bss            0x0000000000812d30     0x2940
                0x0000000000812d30                __bss_start = ABSOLUTE (.)
                [!provide]                        PROVIDE (__sbss_start, ABSOLUTE (.))
                [!provide]                        PROVIDE (___sbss_start, ABSOLUTE (.))
 *(.dynsbss)
 *(.sbss .sbss.* .gnu.linkonce.sb.*)
 .sbss          0x0000000000812d30       0x10 obj/default/fatfs_diskio.o
 .sbss          0x0000000000812d40        0x6 obj/default/ff.o
 *fill*         0x0000000000812d46        0x2 
 .sbss          0x0000000000812d48        0x8 obj/default/hello_world.o
 .sbss          0x0000000000812d50        0x8 obj/default/hello_world.o
                0x0000000000812d50                acc_dirs
                0x0000000000812d52                acc_files
                0x0000000000812d54                acc_size
 .sbss.__malloc_max_total_mem
                0x0000000000812d58        0x4 c:/software/altera/18.1/nios2eds/bin/gnu/h-x86_64-mingw32/bin/../lib/gcc/nios2-elf/5.3.0/../../../../../H-x86_64-mingw32/nios2-elf/lib\libc.a(lib_a-mallocr.o)
                0x0000000000812d58                __malloc_max_total_mem
 .sbss.__malloc_max_sbrked_mem
                0x0000000000812d5c        0x4 c:/software/altera/18.1/nios2eds/bin/gnu/h-x86_64-mingw32/bin/../lib/gcc/nios2-elf/5.3.0/../../../../../H-x86_64-mingw32/nios2-elf/lib\libc.a(lib_a-mallocr.o)
                0x0000000000812d5c                __malloc_max_sbrked_mem
 .sbss.__malloc_top_pad
                0x0000000000812d60        0x4 c:/software/altera/18.1/nios2eds/bin/gnu/h-x86_64-mingw32/bin/../lib/gcc/nios2-elf/5.3.0/../../../../../H-x86_64-mingw32/nios2-elf/lib\libc.a(lib_a-mallocr.o)
                0x0000000000812d60                __malloc_top_pad
 .sbss          0x0000000000812d64        0x4 c:/software/altera/18.1/nios2eds/bin/gnu/h-x86_64-mingw32/bin/../lib/gcc/nios2-elf/5.3.0/../../../../../H-x86_64-mingw32/nios2-elf/lib\libc.a(lib_a-int_errno.o)
                0x0000000000812d64                errno
 .sbss          0x0000000000812d68        0xc ../Lab2_CLI_Testing_bsp/\libhal_bsp.a(alt_main.o)
                0x0000000000812d68                alt_argc
                0x0000000000812d6c                alt_argv
                0x0000000000812d70                alt_envp
 .sbss          0x0000000000812d74        0x8 ../Lab2_CLI_Testing_bsp/\libhal_bsp.a(alt_tick.o)
                0x0000000000812d74                _alt_tick_rate
                0x0000000000812d78                _alt_nticks
 .sbss          0x0000000000812d7c        0x4 ../Lab2_CLI_Testing_bsp/\libhal_bsp.a(alt_irq_vars.o)
                0x0000000000812d7c                alt_irq_active
 .sbss          0x0000000000812d80        0x4 ../Lab2_CLI_Testing_bsp/\libhal_bsp.a(alt_instruction_exception_entry.o)
                0x0000000000812d80                alt_instruction_exception_handler
 *(.sbss2 .sbss2.* .gnu.linkonce.sb2.*)
 *(.scommon)
                [!provide]                        PROVIDE (__sbss_end, ABSOLUTE (.))
                [!provide]                        PROVIDE (___sbss_end, ABSOLUTE (.))
 *(.dynbss)
 *(.bss .bss.* .gnu.linkonce.b.*)
 .bss           0x0000000000812d84        0x0 ../Lab2_CLI_Testing_bsp//obj/HAL/src/crt0.o
 .bss           0x0000000000812d84        0x0 obj/default/fatfs.o
 .bss           0x0000000000812d84        0x0 obj/default/fatfs_diskio.o
 .bss           0x0000000000812d84        0x0 obj/default/fatfs_nios2_de0_nano_spi.o
 .bss           0x0000000000812d84        0x0 obj/default/fatfs_nios2_de1_pio.o
 .bss           0x0000000000812d84        0x0 obj/default/fatfs_nios2_de1_spi.o
 .bss           0x0000000000812d84        0x0 obj/default/ff.o
 .bss           0x0000000000812d84       0x18 obj/default/hello_world.o
 .bss           0x0000000000812d9c        0x0 obj/default/monitor.o
 .bss           0x0000000000812d9c        0x0 obj/default/uart_nios2.o
 .bss           0x0000000000812d9c        0x0 c:/software/altera/18.1/nios2eds/bin/gnu/h-x86_64-mingw32/bin/../lib/gcc/nios2-elf/5.3.0\libgcc.a(lib2-divmod.o)
 .bss           0x0000000000812d9c        0x0 c:/software/altera/18.1/nios2eds/bin/gnu/h-x86_64-mingw32/bin/../lib/gcc/nios2-elf/5.3.0/../../../../../H-x86_64-mingw32/nios2-elf/lib\libc.a(lib_a-getc.o)
 .bss           0x0000000000812d9c        0x0 c:/software/altera/18.1/nios2eds/bin/gnu/h-x86_64-mingw32/bin/../lib/gcc/nios2-elf/5.3.0/../../../../../H-x86_64-mingw32/nios2-elf/lib\libc.a(lib_a-impure.o)
 .bss           0x0000000000812d9c        0x0 c:/software/altera/18.1/nios2eds/bin/gnu/h-x86_64-mingw32/bin/../lib/gcc/nios2-elf/5.3.0/../../../../../H-x86_64-mingw32/nios2-elf/lib\libc.a(lib_a-memset.o)
 .bss           0x0000000000812d9c        0x0 c:/software/altera/18.1/nios2eds/bin/gnu/h-x86_64-mingw32/bin/../lib/gcc/nios2-elf/5.3.0/../../../../../H-x86_64-mingw32/nios2-elf/lib\libc.a(lib_a-putchar.o)
 .bss           0x0000000000812d9c        0x0 c:/software/altera/18.1/nios2eds/bin/gnu/h-x86_64-mingw32/bin/../lib/gcc/nios2-elf/5.3.0/../../../../../H-x86_64-mingw32/nios2-elf/lib\libc.a(lib_a-rget.o)
 .bss           0x0000000000812d9c        0x0 c:/software/altera/18.1/nios2eds/bin/gnu/h-x86_64-mingw32/bin/../lib/gcc/nios2-elf/5.3.0/../../../../../H-x86_64-mingw32/nios2-elf/lib\libc.a(lib_a-strcpy.o)
 .bss           0x0000000000812d9c        0x0 c:/software/altera/18.1/nios2eds/bin/gnu/h-x86_64-mingw32/bin/../lib/gcc/nios2-elf/5.3.0/../../../../../H-x86_64-mingw32/nios2-elf/lib\libc.a(lib_a-strlen.o)
 .bss           0x0000000000812d9c        0x0 c:/software/altera/18.1/nios2eds/bin/gnu/h-x86_64-mingw32/bin/../lib/gcc/nios2-elf/5.3.0/../../../../../H-x86_64-mingw32/nios2-elf/lib\libc.a(lib_a-findfp.o)
 .bss           0x0000000000812d9c        0x0 c:/software/altera/18.1/nios2eds/bin/gnu/h-x86_64-mingw32/bin/../lib/gcc/nios2-elf/5.3.0/../../../../../H-x86_64-mingw32/nios2-elf/lib\libc.a(lib_a-fwalk.o)
 .bss           0x0000000000812d9c        0x0 c:/software/altera/18.1/nios2eds/bin/gnu/h-x86_64-mingw32/bin/../lib/gcc/nios2-elf/5.3.0/../../../../../H-x86_64-mingw32/nios2-elf/lib\libc.a(lib_a-mallocr.o)
 .bss.__malloc_current_mallinfo
                0x0000000000812d9c       0x28 c:/software/altera/18.1/nios2eds/bin/gnu/h-x86_64-mingw32/bin/../lib/gcc/nios2-elf/5.3.0/../../../../../H-x86_64-mingw32/nios2-elf/lib\libc.a(lib_a-mallocr.o)
                0x0000000000812d9c                __malloc_current_mallinfo
 .bss           0x0000000000812dc4        0x0 c:/software/altera/18.1/nios2eds/bin/gnu/h-x86_64-mingw32/bin/../lib/gcc/nios2-elf/5.3.0/../../../../../H-x86_64-mingw32/nios2-elf/lib\libc.a(lib_a-putc.o)
 .bss           0x0000000000812dc4        0x0 c:/software/altera/18.1/nios2eds/bin/gnu/h-x86_64-mingw32/bin/../lib/gcc/nios2-elf/5.3.0/../../../../../H-x86_64-mingw32/nios2-elf/lib\libc.a(lib_a-refill.o)
 .bss           0x0000000000812dc4        0x0 c:/software/altera/18.1/nios2eds/bin/gnu/h-x86_64-mingw32/bin/../lib/gcc/nios2-elf/5.3.0/../../../../../H-x86_64-mingw32/nios2-elf/lib\libc.a(lib_a-sbrkr.o)
 .bss           0x0000000000812dc4        0x0 c:/software/altera/18.1/nios2eds/bin/gnu/h-x86_64-mingw32/bin/../lib/gcc/nios2-elf/5.3.0/../../../../../H-x86_64-mingw32/nios2-elf/lib\libc.a(lib_a-stdio.o)
 .bss           0x0000000000812dc4        0x0 c:/software/altera/18.1/nios2eds/bin/gnu/h-x86_64-mingw32/bin/../lib/gcc/nios2-elf/5.3.0/../../../../../H-x86_64-mingw32/nios2-elf/lib\libc.a(lib_a-wbuf.o)
 .bss           0x0000000000812dc4        0x0 c:/software/altera/18.1/nios2eds/bin/gnu/h-x86_64-mingw32/bin/../lib/gcc/nios2-elf/5.3.0/../../../../../H-x86_64-mingw32/nios2-elf/lib\libc.a(lib_a-writer.o)
 .bss           0x0000000000812dc4        0x0 c:/software/altera/18.1/nios2eds/bin/gnu/h-x86_64-mingw32/bin/../lib/gcc/nios2-elf/5.3.0/../../../../../H-x86_64-mingw32/nios2-elf/lib\libc.a(lib_a-wsetup.o)
 .bss           0x0000000000812dc4        0x0 c:/software/altera/18.1/nios2eds/bin/gnu/h-x86_64-mingw32/bin/../lib/gcc/nios2-elf/5.3.0/../../../../../H-x86_64-mingw32/nios2-elf/lib\libc.a(closer.o)
 .bss           0x0000000000812dc4        0x0 c:/software/altera/18.1/nios2eds/bin/gnu/h-x86_64-mingw32/bin/../lib/gcc/nios2-elf/5.3.0/../../../../../H-x86_64-mingw32/nios2-elf/lib\libc.a(lib_a-fclose.o)
 .bss           0x0000000000812dc4        0x0 c:/software/altera/18.1/nios2eds/bin/gnu/h-x86_64-mingw32/bin/../lib/gcc/nios2-elf/5.3.0/../../../../../H-x86_64-mingw32/nios2-elf/lib\libc.a(lib_a-fflush.o)
 .bss           0x0000000000812dc4        0x0 c:/software/altera/18.1/nios2eds/bin/gnu/h-x86_64-mingw32/bin/../lib/gcc/nios2-elf/5.3.0/../../../../../H-x86_64-mingw32/nios2-elf/lib\libc.a(lib_a-freer.o)
 .bss           0x0000000000812dc4        0x0 c:/software/altera/18.1/nios2eds/bin/gnu/h-x86_64-mingw32/bin/../lib/gcc/nios2-elf/5.3.0/../../../../../H-x86_64-mingw32/nios2-elf/lib\libc.a(lib_a-int_errno.o)
 .bss           0x0000000000812dc4        0x0 c:/software/altera/18.1/nios2eds/bin/gnu/h-x86_64-mingw32/bin/../lib/gcc/nios2-elf/5.3.0/../../../../../H-x86_64-mingw32/nios2-elf/lib\libc.a(lib_a-lseekr.o)
 .bss           0x0000000000812dc4        0x0 c:/software/altera/18.1/nios2eds/bin/gnu/h-x86_64-mingw32/bin/../lib/gcc/nios2-elf/5.3.0/../../../../../H-x86_64-mingw32/nios2-elf/lib\libc.a(lib_a-makebuf.o)
 .bss           0x0000000000812dc4        0x0 c:/software/altera/18.1/nios2eds/bin/gnu/h-x86_64-mingw32/bin/../lib/gcc/nios2-elf/5.3.0/../../../../../H-x86_64-mingw32/nios2-elf/lib\libc.a(lib_a-readr.o)
 .bss           0x0000000000812dc4        0x0 c:/software/altera/18.1/nios2eds/bin/gnu/h-x86_64-mingw32/bin/../lib/gcc/nios2-elf/5.3.0/../../../../../H-x86_64-mingw32/nios2-elf/lib\libc.a(lib_a-fstatr.o)
 .bss           0x0000000000812dc4        0x0 c:/software/altera/18.1/nios2eds/bin/gnu/h-x86_64-mingw32/bin/../lib/gcc/nios2-elf/5.3.0/../../../../../H-x86_64-mingw32/nios2-elf/lib\libc.a(lib_a-isattyr.o)
 .bss           0x0000000000812dc4        0x0 ../Lab2_CLI_Testing_bsp/\libhal_bsp.a(alt_alarm_start.o)
 .bss           0x0000000000812dc4        0x0 ../Lab2_CLI_Testing_bsp/\libhal_bsp.a(alt_close.o)
 .bss           0x0000000000812dc4        0x0 ../Lab2_CLI_Testing_bsp/\libhal_bsp.a(alt_dev.o)
 .bss           0x0000000000812dc4        0x0 ../Lab2_CLI_Testing_bsp/\libhal_bsp.a(alt_errno.o)
 .bss           0x0000000000812dc4        0x0 ../Lab2_CLI_Testing_bsp/\libhal_bsp.a(alt_fstat.o)
 .bss           0x0000000000812dc4        0x0 ../Lab2_CLI_Testing_bsp/\libhal_bsp.a(alt_isatty.o)
 .bss           0x0000000000812dc4        0x0 ../Lab2_CLI_Testing_bsp/\libhal_bsp.a(alt_load.o)
 .bss           0x0000000000812dc4        0x0 ../Lab2_CLI_Testing_bsp/\libhal_bsp.a(alt_lseek.o)
 .bss           0x0000000000812dc4        0x0 ../Lab2_CLI_Testing_bsp/\libhal_bsp.a(alt_main.o)
 .bss           0x0000000000812dc4        0x0 ../Lab2_CLI_Testing_bsp/\libhal_bsp.a(alt_malloc_lock.o)
 .bss           0x0000000000812dc4        0x0 ../Lab2_CLI_Testing_bsp/\libhal_bsp.a(alt_printf.o)
 .bss           0x0000000000812dc4        0x0 ../Lab2_CLI_Testing_bsp/\libhal_bsp.a(alt_putchar.o)
 .bss           0x0000000000812dc4        0x0 ../Lab2_CLI_Testing_bsp/\libhal_bsp.a(alt_read.o)
 .bss           0x0000000000812dc4        0x0 ../Lab2_CLI_Testing_bsp/\libhal_bsp.a(alt_release_fd.o)
 .bss           0x0000000000812dc4        0x0 ../Lab2_CLI_Testing_bsp/\libhal_bsp.a(alt_sbrk.o)
 .bss           0x0000000000812dc4        0x0 ../Lab2_CLI_Testing_bsp/\libhal_bsp.a(alt_tick.o)
 .bss           0x0000000000812dc4        0x0 ../Lab2_CLI_Testing_bsp/\libhal_bsp.a(alt_write.o)
 .bss           0x0000000000812dc4        0x0 ../Lab2_CLI_Testing_bsp/\libhal_bsp.a(alt_sys_init.o)
 .bss           0x0000000000812dc4        0x0 ../Lab2_CLI_Testing_bsp/\libhal_bsp.a(altera_avalon_jtag_uart_fd.o)
 .bss           0x0000000000812dc4        0x0 ../Lab2_CLI_Testing_bsp/\libhal_bsp.a(altera_avalon_jtag_uart_read.o)
 .bss           0x0000000000812dc4        0x0 ../Lab2_CLI_Testing_bsp/\libhal_bsp.a(altera_avalon_jtag_uart_write.o)
 .bss           0x0000000000812dc4        0x0 ../Lab2_CLI_Testing_bsp/\libhal_bsp.a(altera_avalon_lcd_16207.o)
 .bss           0x0000000000812dc4        0x0 ../Lab2_CLI_Testing_bsp/\libhal_bsp.a(altera_avalon_lcd_16207_fd.o)
 .bss           0x0000000000812dc4        0x0 ../Lab2_CLI_Testing_bsp/\libhal_bsp.a(altera_avalon_timer_sc.o)
 .bss           0x0000000000812dc4        0x0 ../Lab2_CLI_Testing_bsp/\libhal_bsp.a(altera_avalon_uart_fd.o)
 .bss           0x0000000000812dc4        0x0 ../Lab2_CLI_Testing_bsp/\libhal_bsp.a(altera_avalon_uart_init.o)
 .bss           0x0000000000812dc4        0x0 ../Lab2_CLI_Testing_bsp/\libhal_bsp.a(altera_avalon_uart_read.o)
 .bss           0x0000000000812dc4        0x0 ../Lab2_CLI_Testing_bsp/\libhal_bsp.a(altera_avalon_uart_write.o)
 .bss           0x0000000000812dc4        0x0 ../Lab2_CLI_Testing_bsp/\libhal_bsp.a(altera_up_avalon_audio.o)
 .bss           0x0000000000812dc4        0x0 ../Lab2_CLI_Testing_bsp/\libhal_bsp.a(alt_dcache_flush_all.o)
 .bss           0x0000000000812dc4        0x0 ../Lab2_CLI_Testing_bsp/\libhal_bsp.a(alt_dev_llist_insert.o)
 .bss           0x0000000000812dc4        0x0 ../Lab2_CLI_Testing_bsp/\libhal_bsp.a(alt_do_ctors.o)
 .bss           0x0000000000812dc4        0x0 ../Lab2_CLI_Testing_bsp/\libhal_bsp.a(alt_do_dtors.o)
 .bss           0x0000000000812dc4        0x0 ../Lab2_CLI_Testing_bsp/\libhal_bsp.a(alt_find_dev.o)
 .bss           0x0000000000812dc4        0x0 ../Lab2_CLI_Testing_bsp/\libhal_bsp.a(alt_icache_flush_all.o)
 .bss           0x0000000000812dc4        0x0 ../Lab2_CLI_Testing_bsp/\libhal_bsp.a(alt_io_redirect.o)
 .bss           0x0000000000812dc4        0x0 ../Lab2_CLI_Testing_bsp/\libhal_bsp.a(alt_irq_register.o)
 .bss           0x0000000000812dc4        0x0 ../Lab2_CLI_Testing_bsp/\libhal_bsp.a(alt_irq_vars.o)
 .bss           0x0000000000812dc4        0x0 ../Lab2_CLI_Testing_bsp/\libhal_bsp.a(alt_open.o)
 .bss           0x0000000000812dc4        0x0 ../Lab2_CLI_Testing_bsp/\libhal_bsp.a(alt_usleep.o)
 .bss           0x0000000000812dc4        0x0 ../Lab2_CLI_Testing_bsp/\libhal_bsp.a(altera_nios2_gen2_irq.o)
 .bss           0x0000000000812dc4        0x0 ../Lab2_CLI_Testing_bsp/\libhal_bsp.a(alt_busy_sleep.o)
 .bss           0x0000000000812dc4        0x0 ../Lab2_CLI_Testing_bsp/\libhal_bsp.a(alt_find_file.o)
 .bss           0x0000000000812dc4        0x0 ../Lab2_CLI_Testing_bsp/\libhal_bsp.a(alt_get_fd.o)
 .bss           0x0000000000812dc4        0x0 ../Lab2_CLI_Testing_bsp/\libhal_bsp.a(alt_icache_flush.o)
 .bss           0x0000000000812dc4        0x0 ../Lab2_CLI_Testing_bsp/\libhal_bsp.a(alt_irq_entry.o)
 .bss           0x0000000000812dc4        0x0 ../Lab2_CLI_Testing_bsp/\libhal_bsp.a(alt_irq_handler.o)
 .bss           0x0000000000812dc4        0x0 ../Lab2_CLI_Testing_bsp/\libhal_bsp.a(alt_exception_entry.o)
 .bss           0x0000000000812dc4        0x0 ../Lab2_CLI_Testing_bsp/\libhal_bsp.a(alt_instruction_exception_entry.o)
 .bss           0x0000000000812dc4        0x0 c:/software/altera/18.1/nios2eds/bin/gnu/h-x86_64-mingw32/bin/../lib/gcc/nios2-elf/5.3.0/../../../../../H-x86_64-mingw32/nios2-elf/lib\libc.a(lib_a-atexit.o)
 .bss           0x0000000000812dc4        0x0 c:/software/altera/18.1/nios2eds/bin/gnu/h-x86_64-mingw32/bin/../lib/gcc/nios2-elf/5.3.0/../../../../../H-x86_64-mingw32/nios2-elf/lib\libc.a(lib_a-ctype_.o)
 .bss           0x0000000000812dc4        0x0 c:/software/altera/18.1/nios2eds/bin/gnu/h-x86_64-mingw32/bin/../lib/gcc/nios2-elf/5.3.0/../../../../../H-x86_64-mingw32/nios2-elf/lib\libc.a(lib_a-exit.o)
 .bss           0x0000000000812dc4        0x0 c:/software/altera/18.1/nios2eds/bin/gnu/h-x86_64-mingw32/bin/../lib/gcc/nios2-elf/5.3.0/../../../../../H-x86_64-mingw32/nios2-elf/lib\libc.a(lib_a-memcmp.o)
 .bss           0x0000000000812dc4        0x0 c:/software/altera/18.1/nios2eds/bin/gnu/h-x86_64-mingw32/bin/../lib/gcc/nios2-elf/5.3.0/../../../../../H-x86_64-mingw32/nios2-elf/lib\libc.a(lib_a-memcpy.o)
 .bss           0x0000000000812dc4        0x0 c:/software/altera/18.1/nios2eds/bin/gnu/h-x86_64-mingw32/bin/../lib/gcc/nios2-elf/5.3.0/../../../../../H-x86_64-mingw32/nios2-elf/lib\libc.a(lib_a-__atexit.o)
 .bss           0x0000000000812dc4        0x0 c:/software/altera/18.1/nios2eds/bin/gnu/h-x86_64-mingw32/bin/../lib/gcc/nios2-elf/5.3.0/../../../../../H-x86_64-mingw32/nios2-elf/lib\libc.a(lib_a-__call_atexit.o)
 .bss           0x0000000000812dc4        0x0 ../Lab2_CLI_Testing_bsp/\libhal_bsp.a(alt_exit.o)
 *(COMMON)
 COMMON         0x0000000000812dc4     0x27ac obj/default/hello_world.o
                0x0000000000812dc4                Fatfs
                0x0000000000812ff4                File1
                0x0000000000813218                Finfo
                0x0000000000813230                Buff
                0x0000000000815230                File2
                0x0000000000815454                Dir
                0x0000000000815470                Line
 COMMON         0x0000000000815570      0x100 ../Lab2_CLI_Testing_bsp/\libhal_bsp.a(alt_irq_handler.o)
                0x0000000000815570                alt_irq
                0x0000000000815670                . = ALIGN (0x4)
                0x0000000000815670                __bss_end = ABSOLUTE (.)

.sdram_0        0x0000000000815670        0x0
                [!provide]                        PROVIDE (_alt_partition_sdram_0_start, ABSOLUTE (.))
 *(.sdram_0 .sdram_0. sdram_0.*)
                0x0000000000815670                . = ALIGN (0x4)
                [!provide]                        PROVIDE (_alt_partition_sdram_0_end, ABSOLUTE (.))
                0x0000000000815670                _end = ABSOLUTE (.)
                0x0000000000815670                end = ABSOLUTE (.)
                0x0000000000815670                __alt_stack_base = ABSOLUTE (.)
                [!provide]                        PROVIDE (_alt_partition_sdram_0_load_addr, LOADADDR (.sdram_0))

.stab
 *(.stab)

.stabstr
 *(.stabstr)

.stab.excl
 *(.stab.excl)

.stab.exclstr
 *(.stab.exclstr)

.stab.index
 *(.stab.index)

.stab.indexstr
 *(.stab.indexstr)

.comment        0x0000000000000000       0x23
 *(.comment)
 .comment       0x0000000000000000       0x23 obj/default/fatfs.o
                                         0x24 (size before relaxing)
 .comment       0x0000000000000023       0x24 obj/default/fatfs_diskio.o
 .comment       0x0000000000000023       0x24 obj/default/fatfs_nios2_de0_nano_spi.o
 .comment       0x0000000000000023       0x24 obj/default/fatfs_nios2_de1_pio.o
 .comment       0x0000000000000023       0x24 obj/default/fatfs_nios2_de1_spi.o
 .comment       0x0000000000000023       0x24 obj/default/ff.o
 .comment       0x0000000000000023       0x24 obj/default/hello_world.o
 .comment       0x0000000000000023       0x24 obj/default/monitor.o
 .comment       0x0000000000000023       0x24 obj/default/uart_nios2.o
 .comment       0x0000000000000023       0x24 c:/software/altera/18.1/nios2eds/bin/gnu/h-x86_64-mingw32/bin/../lib/gcc/nios2-elf/5.3.0\libgcc.a(lib2-divmod.o)
 .comment       0x0000000000000023       0x24 c:/software/altera/18.1/nios2eds/bin/gnu/h-x86_64-mingw32/bin/../lib/gcc/nios2-elf/5.3.0/../../../../../H-x86_64-mingw32/nios2-elf/lib\libc.a(lib_a-getc.o)
 .comment       0x0000000000000023       0x24 c:/software/altera/18.1/nios2eds/bin/gnu/h-x86_64-mingw32/bin/../lib/gcc/nios2-elf/5.3.0/../../../../../H-x86_64-mingw32/nios2-elf/lib\libc.a(lib_a-impure.o)
 .comment       0x0000000000000023       0x24 c:/software/altera/18.1/nios2eds/bin/gnu/h-x86_64-mingw32/bin/../lib/gcc/nios2-elf/5.3.0/../../../../../H-x86_64-mingw32/nios2-elf/lib\libc.a(lib_a-memset.o)
 .comment       0x0000000000000023       0x24 c:/software/altera/18.1/nios2eds/bin/gnu/h-x86_64-mingw32/bin/../lib/gcc/nios2-elf/5.3.0/../../../../../H-x86_64-mingw32/nios2-elf/lib\libc.a(lib_a-putchar.o)
 .comment       0x0000000000000023       0x24 c:/software/altera/18.1/nios2eds/bin/gnu/h-x86_64-mingw32/bin/../lib/gcc/nios2-elf/5.3.0/../../../../../H-x86_64-mingw32/nios2-elf/lib\libc.a(lib_a-rget.o)
 .comment       0x0000000000000023       0x24 c:/software/altera/18.1/nios2eds/bin/gnu/h-x86_64-mingw32/bin/../lib/gcc/nios2-elf/5.3.0/../../../../../H-x86_64-mingw32/nios2-elf/lib\libc.a(lib_a-strcpy.o)
 .comment       0x0000000000000023       0x24 c:/software/altera/18.1/nios2eds/bin/gnu/h-x86_64-mingw32/bin/../lib/gcc/nios2-elf/5.3.0/../../../../../H-x86_64-mingw32/nios2-elf/lib\libc.a(lib_a-strlen.o)
 .comment       0x0000000000000023       0x24 c:/software/altera/18.1/nios2eds/bin/gnu/h-x86_64-mingw32/bin/../lib/gcc/nios2-elf/5.3.0/../../../../../H-x86_64-mingw32/nios2-elf/lib\libc.a(lib_a-findfp.o)
 .comment       0x0000000000000023       0x24 c:/software/altera/18.1/nios2eds/bin/gnu/h-x86_64-mingw32/bin/../lib/gcc/nios2-elf/5.3.0/../../../../../H-x86_64-mingw32/nios2-elf/lib\libc.a(lib_a-fwalk.o)
 .comment       0x0000000000000023       0x24 c:/software/altera/18.1/nios2eds/bin/gnu/h-x86_64-mingw32/bin/../lib/gcc/nios2-elf/5.3.0/../../../../../H-x86_64-mingw32/nios2-elf/lib\libc.a(lib_a-mallocr.o)
 .comment       0x0000000000000023       0x24 c:/software/altera/18.1/nios2eds/bin/gnu/h-x86_64-mingw32/bin/../lib/gcc/nios2-elf/5.3.0/../../../../../H-x86_64-mingw32/nios2-elf/lib\libc.a(lib_a-putc.o)
 .comment       0x0000000000000023       0x24 c:/software/altera/18.1/nios2eds/bin/gnu/h-x86_64-mingw32/bin/../lib/gcc/nios2-elf/5.3.0/../../../../../H-x86_64-mingw32/nios2-elf/lib\libc.a(lib_a-refill.o)
 .comment       0x0000000000000023       0x24 c:/software/altera/18.1/nios2eds/bin/gnu/h-x86_64-mingw32/bin/../lib/gcc/nios2-elf/5.3.0/../../../../../H-x86_64-mingw32/nios2-elf/lib\libc.a(lib_a-sbrkr.o)
 .comment       0x0000000000000023       0x24 c:/software/altera/18.1/nios2eds/bin/gnu/h-x86_64-mingw32/bin/../lib/gcc/nios2-elf/5.3.0/../../../../../H-x86_64-mingw32/nios2-elf/lib\libc.a(lib_a-stdio.o)
 .comment       0x0000000000000023       0x24 c:/software/altera/18.1/nios2eds/bin/gnu/h-x86_64-mingw32/bin/../lib/gcc/nios2-elf/5.3.0/../../../../../H-x86_64-mingw32/nios2-elf/lib\libc.a(lib_a-wbuf.o)
 .comment       0x0000000000000023       0x24 c:/software/altera/18.1/nios2eds/bin/gnu/h-x86_64-mingw32/bin/../lib/gcc/nios2-elf/5.3.0/../../../../../H-x86_64-mingw32/nios2-elf/lib\libc.a(lib_a-writer.o)
 .comment       0x0000000000000023       0x24 c:/software/altera/18.1/nios2eds/bin/gnu/h-x86_64-mingw32/bin/../lib/gcc/nios2-elf/5.3.0/../../../../../H-x86_64-mingw32/nios2-elf/lib\libc.a(lib_a-wsetup.o)
 .comment       0x0000000000000023       0x24 c:/software/altera/18.1/nios2eds/bin/gnu/h-x86_64-mingw32/bin/../lib/gcc/nios2-elf/5.3.0/../../../../../H-x86_64-mingw32/nios2-elf/lib\libc.a(closer.o)
 .comment       0x0000000000000023       0x24 c:/software/altera/18.1/nios2eds/bin/gnu/h-x86_64-mingw32/bin/../lib/gcc/nios2-elf/5.3.0/../../../../../H-x86_64-mingw32/nios2-elf/lib\libc.a(lib_a-fclose.o)
 .comment       0x0000000000000023       0x24 c:/software/altera/18.1/nios2eds/bin/gnu/h-x86_64-mingw32/bin/../lib/gcc/nios2-elf/5.3.0/../../../../../H-x86_64-mingw32/nios2-elf/lib\libc.a(lib_a-fflush.o)
 .comment       0x0000000000000023       0x24 c:/software/altera/18.1/nios2eds/bin/gnu/h-x86_64-mingw32/bin/../lib/gcc/nios2-elf/5.3.0/../../../../../H-x86_64-mingw32/nios2-elf/lib\libc.a(lib_a-freer.o)
 .comment       0x0000000000000023       0x24 c:/software/altera/18.1/nios2eds/bin/gnu/h-x86_64-mingw32/bin/../lib/gcc/nios2-elf/5.3.0/../../../../../H-x86_64-mingw32/nios2-elf/lib\libc.a(lib_a-int_errno.o)
 .comment       0x0000000000000023       0x24 c:/software/altera/18.1/nios2eds/bin/gnu/h-x86_64-mingw32/bin/../lib/gcc/nios2-elf/5.3.0/../../../../../H-x86_64-mingw32/nios2-elf/lib\libc.a(lib_a-lseekr.o)
 .comment       0x0000000000000023       0x24 c:/software/altera/18.1/nios2eds/bin/gnu/h-x86_64-mingw32/bin/../lib/gcc/nios2-elf/5.3.0/../../../../../H-x86_64-mingw32/nios2-elf/lib\libc.a(lib_a-makebuf.o)
 .comment       0x0000000000000023       0x24 c:/software/altera/18.1/nios2eds/bin/gnu/h-x86_64-mingw32/bin/../lib/gcc/nios2-elf/5.3.0/../../../../../H-x86_64-mingw32/nios2-elf/lib\libc.a(lib_a-readr.o)
 .comment       0x0000000000000023       0x24 c:/software/altera/18.1/nios2eds/bin/gnu/h-x86_64-mingw32/bin/../lib/gcc/nios2-elf/5.3.0/../../../../../H-x86_64-mingw32/nios2-elf/lib\libc.a(lib_a-fstatr.o)
 .comment       0x0000000000000023       0x24 c:/software/altera/18.1/nios2eds/bin/gnu/h-x86_64-mingw32/bin/../lib/gcc/nios2-elf/5.3.0/../../../../../H-x86_64-mingw32/nios2-elf/lib\libc.a(lib_a-isattyr.o)
 .comment       0x0000000000000023       0x24 ../Lab2_CLI_Testing_bsp/\libhal_bsp.a(alt_alarm_start.o)
 .comment       0x0000000000000023       0x24 ../Lab2_CLI_Testing_bsp/\libhal_bsp.a(alt_close.o)
 .comment       0x0000000000000023       0x24 ../Lab2_CLI_Testing_bsp/\libhal_bsp.a(alt_dev.o)
 .comment       0x0000000000000023       0x24 ../Lab2_CLI_Testing_bsp/\libhal_bsp.a(alt_errno.o)
 .comment       0x0000000000000023       0x24 ../Lab2_CLI_Testing_bsp/\libhal_bsp.a(alt_fstat.o)
 .comment       0x0000000000000023       0x24 ../Lab2_CLI_Testing_bsp/\libhal_bsp.a(alt_isatty.o)
 .comment       0x0000000000000023       0x24 ../Lab2_CLI_Testing_bsp/\libhal_bsp.a(alt_load.o)
 .comment       0x0000000000000023       0x24 ../Lab2_CLI_Testing_bsp/\libhal_bsp.a(alt_lseek.o)
 .comment       0x0000000000000023       0x24 ../Lab2_CLI_Testing_bsp/\libhal_bsp.a(alt_main.o)
 .comment       0x0000000000000023       0x24 ../Lab2_CLI_Testing_bsp/\libhal_bsp.a(alt_malloc_lock.o)
 .comment       0x0000000000000023       0x24 ../Lab2_CLI_Testing_bsp/\libhal_bsp.a(alt_printf.o)
 .comment       0x0000000000000023       0x24 ../Lab2_CLI_Testing_bsp/\libhal_bsp.a(alt_putchar.o)
 .comment       0x0000000000000023       0x24 ../Lab2_CLI_Testing_bsp/\libhal_bsp.a(alt_read.o)
 .comment       0x0000000000000023       0x24 ../Lab2_CLI_Testing_bsp/\libhal_bsp.a(alt_release_fd.o)
 .comment       0x0000000000000023       0x24 ../Lab2_CLI_Testing_bsp/\libhal_bsp.a(alt_sbrk.o)
 .comment       0x0000000000000023       0x24 ../Lab2_CLI_Testing_bsp/\libhal_bsp.a(alt_tick.o)
 .comment       0x0000000000000023       0x24 ../Lab2_CLI_Testing_bsp/\libhal_bsp.a(alt_write.o)
 .comment       0x0000000000000023       0x24 ../Lab2_CLI_Testing_bsp/\libhal_bsp.a(alt_sys_init.o)
 .comment       0x0000000000000023       0x24 ../Lab2_CLI_Testing_bsp/\libhal_bsp.a(altera_avalon_jtag_uart_fd.o)
 .comment       0x0000000000000023       0x24 ../Lab2_CLI_Testing_bsp/\libhal_bsp.a(altera_avalon_jtag_uart_read.o)
 .comment       0x0000000000000023       0x24 ../Lab2_CLI_Testing_bsp/\libhal_bsp.a(altera_avalon_jtag_uart_write.o)
 .comment       0x0000000000000023       0x24 ../Lab2_CLI_Testing_bsp/\libhal_bsp.a(altera_avalon_lcd_16207.o)
 .comment       0x0000000000000023       0x24 ../Lab2_CLI_Testing_bsp/\libhal_bsp.a(altera_avalon_lcd_16207_fd.o)
 .comment       0x0000000000000023       0x24 ../Lab2_CLI_Testing_bsp/\libhal_bsp.a(altera_avalon_timer_sc.o)
 .comment       0x0000000000000023       0x24 ../Lab2_CLI_Testing_bsp/\libhal_bsp.a(altera_avalon_uart_fd.o)
 .comment       0x0000000000000023       0x24 ../Lab2_CLI_Testing_bsp/\libhal_bsp.a(altera_avalon_uart_init.o)
 .comment       0x0000000000000023       0x24 ../Lab2_CLI_Testing_bsp/\libhal_bsp.a(altera_avalon_uart_read.o)
 .comment       0x0000000000000023       0x24 ../Lab2_CLI_Testing_bsp/\libhal_bsp.a(altera_avalon_uart_write.o)
 .comment       0x0000000000000023       0x24 ../Lab2_CLI_Testing_bsp/\libhal_bsp.a(altera_up_avalon_audio.o)
 .comment       0x0000000000000023       0x24 ../Lab2_CLI_Testing_bsp/\libhal_bsp.a(alt_dcache_flush_all.o)
 .comment       0x0000000000000023       0x24 ../Lab2_CLI_Testing_bsp/\libhal_bsp.a(alt_dev_llist_insert.o)
 .comment       0x0000000000000023       0x24 ../Lab2_CLI_Testing_bsp/\libhal_bsp.a(alt_do_ctors.o)
 .comment       0x0000000000000023       0x24 ../Lab2_CLI_Testing_bsp/\libhal_bsp.a(alt_do_dtors.o)
 .comment       0x0000000000000023       0x24 ../Lab2_CLI_Testing_bsp/\libhal_bsp.a(alt_find_dev.o)
 .comment       0x0000000000000023       0x24 ../Lab2_CLI_Testing_bsp/\libhal_bsp.a(alt_icache_flush_all.o)
 .comment       0x0000000000000023       0x24 ../Lab2_CLI_Testing_bsp/\libhal_bsp.a(alt_io_redirect.o)
 .comment       0x0000000000000023       0x24 ../Lab2_CLI_Testing_bsp/\libhal_bsp.a(alt_irq_register.o)
 .comment       0x0000000000000023       0x24 ../Lab2_CLI_Testing_bsp/\libhal_bsp.a(alt_irq_vars.o)
 .comment       0x0000000000000023       0x24 ../Lab2_CLI_Testing_bsp/\libhal_bsp.a(alt_open.o)
 .comment       0x0000000000000023       0x24 ../Lab2_CLI_Testing_bsp/\libhal_bsp.a(alt_usleep.o)
 .comment       0x0000000000000023       0x24 ../Lab2_CLI_Testing_bsp/\libhal_bsp.a(altera_nios2_gen2_irq.o)
 .comment       0x0000000000000023       0x24 ../Lab2_CLI_Testing_bsp/\libhal_bsp.a(alt_busy_sleep.o)
 .comment       0x0000000000000023       0x24 ../Lab2_CLI_Testing_bsp/\libhal_bsp.a(alt_find_file.o)
 .comment       0x0000000000000023       0x24 ../Lab2_CLI_Testing_bsp/\libhal_bsp.a(alt_get_fd.o)
 .comment       0x0000000000000023       0x24 ../Lab2_CLI_Testing_bsp/\libhal_bsp.a(alt_icache_flush.o)
 .comment       0x0000000000000023       0x24 ../Lab2_CLI_Testing_bsp/\libhal_bsp.a(alt_irq_handler.o)
 .comment       0x0000000000000023       0x24 ../Lab2_CLI_Testing_bsp/\libhal_bsp.a(alt_instruction_exception_entry.o)
 .comment       0x0000000000000023       0x24 c:/software/altera/18.1/nios2eds/bin/gnu/h-x86_64-mingw32/bin/../lib/gcc/nios2-elf/5.3.0/../../../../../H-x86_64-mingw32/nios2-elf/lib\libc.a(lib_a-atexit.o)
 .comment       0x0000000000000023       0x24 c:/software/altera/18.1/nios2eds/bin/gnu/h-x86_64-mingw32/bin/../lib/gcc/nios2-elf/5.3.0/../../../../../H-x86_64-mingw32/nios2-elf/lib\libc.a(lib_a-ctype_.o)
 .comment       0x0000000000000023       0x24 c:/software/altera/18.1/nios2eds/bin/gnu/h-x86_64-mingw32/bin/../lib/gcc/nios2-elf/5.3.0/../../../../../H-x86_64-mingw32/nios2-elf/lib\libc.a(lib_a-exit.o)