Archive member included to satisfy reference by file (symbol)

../Lab2_Loop_Audio_bsp/\libhal_bsp.a(alt_load.o)
                              ../Lab2_Loop_Audio_bsp//obj/HAL/src/crt0.o (alt_load)
../Lab2_Loop_Audio_bsp/\libhal_bsp.a(alt_main.o)
                              ../Lab2_Loop_Audio_bsp//obj/HAL/src/crt0.o (alt_main)
../Lab2_Loop_Audio_bsp/\libhal_bsp.a(alt_printf.o)
                              obj/default/hello_world.o (alt_printf)
../Lab2_Loop_Audio_bsp/\libhal_bsp.a(alt_putchar.o)
                              ../Lab2_Loop_Audio_bsp/\libhal_bsp.a(alt_printf.o) (alt_putchar)
../Lab2_Loop_Audio_bsp/\libhal_bsp.a(alt_sys_init.o)
                              ../Lab2_Loop_Audio_bsp/\libhal_bsp.a(alt_main.o) (alt_irq_init)
../Lab2_Loop_Audio_bsp/\libhal_bsp.a(altera_avalon_jtag_uart_fd.o)
                              ../Lab2_Loop_Audio_bsp/\libhal_bsp.a(alt_sys_init.o) (altera_avalon_jtag_uart_read_fd)
../Lab2_Loop_Audio_bsp/\libhal_bsp.a(altera_avalon_jtag_uart_read.o)
                              ../Lab2_Loop_Audio_bsp/\libhal_bsp.a(altera_avalon_jtag_uart_fd.o) (altera_avalon_jtag_uart_read)
../Lab2_Loop_Audio_bsp/\libhal_bsp.a(altera_avalon_jtag_uart_write.o)
                              ../Lab2_Loop_Audio_bsp/\libhal_bsp.a(altera_avalon_jtag_uart_fd.o) (altera_avalon_jtag_uart_write)
../Lab2_Loop_Audio_bsp/\libhal_bsp.a(altera_avalon_lcd_16207.o)
                              ../Lab2_Loop_Audio_bsp/\libhal_bsp.a(alt_sys_init.o) (altera_avalon_lcd_16207_init)
../Lab2_Loop_Audio_bsp/\libhal_bsp.a(altera_avalon_lcd_16207_fd.o)
                              ../Lab2_Loop_Audio_bsp/\libhal_bsp.a(alt_sys_init.o) (altera_avalon_lcd_16207_write_fd)
../Lab2_Loop_Audio_bsp/\libhal_bsp.a(altera_avalon_timer_sc.o)
                              ../Lab2_Loop_Audio_bsp/\libhal_bsp.a(alt_sys_init.o) (alt_avalon_timer_sc_init)
../Lab2_Loop_Audio_bsp/\libhal_bsp.a(altera_avalon_uart_fd.o)
                              ../Lab2_Loop_Audio_bsp/\libhal_bsp.a(alt_sys_init.o) (altera_avalon_uart_read_fd)
../Lab2_Loop_Audio_bsp/\libhal_bsp.a(altera_avalon_uart_init.o)
                              ../Lab2_Loop_Audio_bsp/\libhal_bsp.a(alt_sys_init.o) (altera_avalon_uart_init)
../Lab2_Loop_Audio_bsp/\libhal_bsp.a(altera_avalon_uart_read.o)
                              ../Lab2_Loop_Audio_bsp/\libhal_bsp.a(altera_avalon_uart_fd.o) (altera_avalon_uart_read)
../Lab2_Loop_Audio_bsp/\libhal_bsp.a(altera_avalon_uart_write.o)
                              ../Lab2_Loop_Audio_bsp/\libhal_bsp.a(altera_avalon_uart_fd.o) (altera_avalon_uart_write)
../Lab2_Loop_Audio_bsp/\libhal_bsp.a(altera_up_avalon_audio.o)
                              obj/default/hello_world.o (alt_up_audio_open_dev)
../Lab2_Loop_Audio_bsp/\libhal_bsp.a(alt_alarm_start.o)
                              ../Lab2_Loop_Audio_bsp/\libhal_bsp.a(altera_avalon_lcd_16207.o) (alt_alarm_start)
../Lab2_Loop_Audio_bsp/\libhal_bsp.a(alt_close.o)
                              ../Lab2_Loop_Audio_bsp/\libhal_bsp.a(alt_main.o) (close)
../Lab2_Loop_Audio_bsp/\libhal_bsp.a(alt_dcache_flush_all.o)
                              ../Lab2_Loop_Audio_bsp/\libhal_bsp.a(alt_load.o) (alt_dcache_flush_all)
../Lab2_Loop_Audio_bsp/\libhal_bsp.a(alt_dev.o)
                              ../Lab2_Loop_Audio_bsp/\libhal_bsp.a(alt_sys_init.o) (alt_dev_list)
../Lab2_Loop_Audio_bsp/\libhal_bsp.a(alt_dev_llist_insert.o)
                              ../Lab2_Loop_Audio_bsp/\libhal_bsp.a(alt_sys_init.o) (alt_dev_llist_insert)
../Lab2_Loop_Audio_bsp/\libhal_bsp.a(alt_do_ctors.o)
                              ../Lab2_Loop_Audio_bsp/\libhal_bsp.a(alt_main.o) (_do_ctors)
../Lab2_Loop_Audio_bsp/\libhal_bsp.a(alt_do_dtors.o)
                              ../Lab2_Loop_Audio_bsp/\libhal_bsp.a(alt_main.o) (_do_dtors)
../Lab2_Loop_Audio_bsp/\libhal_bsp.a(alt_errno.o)
                              ../Lab2_Loop_Audio_bsp/\libhal_bsp.a(altera_avalon_uart_read.o) (alt_errno)
../Lab2_Loop_Audio_bsp/\libhal_bsp.a(alt_find_dev.o)
                              ../Lab2_Loop_Audio_bsp/\libhal_bsp.a(altera_up_avalon_audio.o) (alt_find_dev)
../Lab2_Loop_Audio_bsp/\libhal_bsp.a(alt_icache_flush_all.o)
                              ../Lab2_Loop_Audio_bsp/\libhal_bsp.a(alt_load.o) (alt_icache_flush_all)
../Lab2_Loop_Audio_bsp/\libhal_bsp.a(alt_io_redirect.o)
                              ../Lab2_Loop_Audio_bsp/\libhal_bsp.a(alt_main.o) (alt_io_redirect)
../Lab2_Loop_Audio_bsp/\libhal_bsp.a(alt_irq_register.o)
                              ../Lab2_Loop_Audio_bsp/\libhal_bsp.a(altera_avalon_timer_sc.o) (alt_irq_register)
../Lab2_Loop_Audio_bsp/\libhal_bsp.a(alt_irq_vars.o)
                              ../Lab2_Loop_Audio_bsp/\libhal_bsp.a(alt_irq_register.o) (alt_irq_active)
../Lab2_Loop_Audio_bsp/\libhal_bsp.a(alt_open.o)
                              ../Lab2_Loop_Audio_bsp/\libhal_bsp.a(alt_io_redirect.o) (open)
[...]
Memory Configuration

Name             Origin             Length             Attributes
reset            0x0000000000800000 0x0000000000000020
sdram_0          0x0000000000800020 0x00000000007fffe0
*default*        0x0000000000000000 0xffffffffffffffff

Linker script and memory map

LOAD ../Lab2_Loop_Audio_bsp//obj/HAL/src/crt0.o
LOAD obj/default/hello_world.o
LOAD c:/software/altera/18.1/nios2eds/bin/gnu/h-x86_64-mingw32/bin/../lib/gcc/nios2-elf/5.3.0/../../../../../H-x86_64-mingw32/nios2-elf/lib\libstdc++.a
LOAD c:/software/altera/18.1/nios2eds/bin/gnu/h-x86_64-mingw32/bin/../lib/gcc/nios2-elf/5.3.0/../../../../../H-x86_64-mingw32/nios2-elf/lib\libm.a
LOAD c:/software/altera/18.1/nios2eds/bin/gnu/h-x86_64-mingw32/bin/../lib/gcc/nios2-elf/5.3.0\libgcc.a
START GROUP
LOAD c:/software/altera/18.1/nios2eds/bin/gnu/h-x86_64-mingw32/bin/../lib/gcc/nios2-elf/5.3.0/../../../../../H-x86_64-mingw32/nios2-elf/lib\libc.a
LOAD c:/software/altera/18.1/nios2eds/bin/gnu/h-x86_64-mingw32/bin/../lib/gcc/nios2-elf/5.3.0\libgcc.a
LOAD ../Lab2_Loop_Audio_bsp/\libhal_bsp.a
LOAD c:/software/altera/18.1/nios2eds/bin/gnu/h-x86_64-mingw32/bin/../lib/gcc/nios2-elf/5.3.0/../../../../../H-x86_64-mingw32/nios2-elf/lib\libm.a
END GROUP
LOAD c:/software/altera/18.1/nios2eds/bin/gnu/h-x86_64-mingw32/bin/../lib/gcc/nios2-elf/5.3.0\libgcc.a
                0x0000000000800000                __alt_mem_sdram_0 = 0x800000

.entry          0x0000000000800000       0x20
 *(.entry)
 .entry         0x0000000000800000       0x20 ../Lab2_Loop_Audio_bsp//obj/HAL/src/crt0.o
                0x0000000000800000                __reset

.exceptions     0x0000000000800020      0x228
                0x0000000000800020                PROVIDE (__ram_exceptions_start, ABSOLUTE (.))
                0x0000000000800020                . = ALIGN (0x20)
 *(.irq)
 *(.exceptions.entry.label)
 .exceptions.entry.label
                0x0000000000800020        0x0 ../Lab2_Loop_Audio_bsp/\libhal_bsp.a(alt_irq_entry.o)
                0x0000000000800020                alt_irq_entry
 .exceptions.entry.label
                0x0000000000800020        0x0 ../Lab2_Loop_Audio_bsp/\libhal_bsp.a(alt_exception_entry.o)
                0x0000000000800020                alt_exception
 *(.exceptions.entry.user)
 *(.exceptions.entry.ecc_fatal)
 *(.exceptions.entry)
 .exceptions.entry
                0x0000000000800020       0x54 ../Lab2_Loop_Audio_bsp/\libhal_bsp.a(alt_exception_entry.o)
 *(.exceptions.irqtest.user)
 *(.exceptions.irqtest)
 .exceptions.irqtest
                0x0000000000800074       0x10 ../Lab2_Loop_Audio_bsp/\libhal_bsp.a(alt_irq_entry.o)
 *(.exceptions.irqhandler.user)
 *(.exceptions.irqhandler)
 .exceptions.irqhandler
                0x0000000000800084        0x4 ../Lab2_Loop_Audio_bsp/\libhal_bsp.a(alt_irq_entry.o)
 *(.exceptions.irqreturn.user)
 *(.exceptions.irqreturn)
 .exceptions.irqreturn
                0x0000000000800088        0x4 ../Lab2_Loop_Audio_bsp/\libhal_bsp.a(alt_irq_entry.o)
 *(.exceptions.notirq.label)
 .exceptions.notirq.label
                0x000000000080008c        0x0 ../Lab2_Loop_Audio_bsp/\libhal_bsp.a(alt_irq_entry.o)
 *(.exceptions.notirq.user)
 *(.exceptions.notirq)
 .exceptions.notirq
                0x000000000080008c        0x8 ../Lab2_Loop_Audio_bsp/\libhal_bsp.a(alt_exception_entry.o)
 *(.exceptions.soft.user)
 *(.exceptions.soft)
 *(.exceptions.unknown.user)
 *(.exceptions.unknown)
 .exceptions.unknown
                0x0000000000800094       0x14 ../Lab2_Loop_Audio_bsp/\libhal_bsp.a(alt_exception_entry.o)
 *(.exceptions.exit.label)
 .exceptions.exit.label
                0x00000000008000a8        0x0 ../Lab2_Loop_Audio_bsp/\libhal_bsp.a(alt_irq_entry.o)
 .exceptions.exit.label
                0x00000000008000a8        0x0 ../Lab2_Loop_Audio_bsp/\libhal_bsp.a(alt_exception_entry.o)
 *(.exceptions.exit.user)
 *(.exceptions.exit)
 .exceptions.exit
                0x00000000008000a8       0x54 ../Lab2_Loop_Audio_bsp/\libhal_bsp.a(alt_exception_entry.o)
 *(.exceptions)
 .exceptions    0x00000000008000fc       0xd8 ../Lab2_Loop_Audio_bsp/\libhal_bsp.a(alt_irq_handler.o)
                0x00000000008000fc                alt_irq_handler
 .exceptions    0x00000000008001d4       0x74 ../Lab2_Loop_Audio_bsp/\libhal_bsp.a(alt_instruction_exception_entry.o)
                0x00000000008001d4                alt_instruction_exception_entry
                0x0000000000800248                PROVIDE (__ram_exceptions_end, ABSOLUTE (.))
                0x0000000000800020                PROVIDE (__flash_exceptions_start, LOADADDR (.exceptions))

.text           0x0000000000800248     0x6630
                [!provide]                        PROVIDE (stext, ABSOLUTE (.))
 *(.interp)
 *(.hash)
 *(.dynsym)
 *(.dynstr)
 *(.gnu.version)
 *(.gnu.version_d)
 *(.gnu.version_r)
 *(.rel.init)
 *(.rela.init)
 *(.rel.text .rel.text.* .rel.gnu.linkonce.t.*)
 *(.rela.text .rela.text.* .rela.gnu.linkonce.t.*)
 *(.rel.fini)
 *(.rela.fini)
 *(.rel.rodata .rel.rodata.* .rel.gnu.linkonce.r.*)
 *(.rela.rodata .rela.rodata.* .rela.gnu.linkonce.r.*)
 *(.rel.data .rel.data.* .rel.gnu.linkonce.d.*)
 *(.rela.data .rela.data.* .rela.gnu.linkonce.d.*)
 *(.rel.tdata .rel.tdata.* .rel.gnu.linkonce.td.*)
 *(.rela.tdata .rela.tdata.* .rela.gnu.linkonce.td.*)
 *(.rel.tbss .rel.tbss.* .rel.gnu.linkonce.tb.*)
 *(.rela.tbss .rela.tbss.* .rela.gnu.linkonce.tb.*)
 *(.rel.ctors)
 *(.rela.ctors)
 *(.rel.dtors)
 *(.rela.dtors)
 *(.rel.got)
 *(.rela.got)
 *(.rel.sdata .rel.sdata.* .rel.gnu.linkonce.s.*)
 *(.rela.sdata .rela.sdata.* .rela.gnu.linkonce.s.*)
 *(.rel.sbss .rel.sbss.* .rel.gnu.linkonce.sb.*)
 *(.rela.sbss .rela.sbss.* .rela.gnu.linkonce.sb.*)
 *(.rel.sdata2 .rel.sdata2.* .rel.gnu.linkonce.s2.*)
 *(.rela.sdata2 .rela.sdata2.* .rela.gnu.linkonce.s2.*)
 *(.rel.sbss2 .rel.sbss2.* .rel.gnu.linkonce.sb2.*)
 *(.rela.sbss2 .rela.sbss2.* .rela.gnu.linkonce.sb2.*)
 *(.rel.bss .rel.bss.* .rel.gnu.linkonce.b.*)
 *(.rela.bss .rela.bss.* .rela.gnu.linkonce.b.*)
 *(.rel.plt)
 *(.rela.plt)
 *(.rel.dyn)
 *(.init)
 *(.plt)
 *(.text .stub .text.* .gnu.linkonce.t.*)
 .text          0x0000000000800248       0x4c ../Lab2_Loop_Audio_bsp//obj/HAL/src/crt0.o
                0x0000000000800248                _start
 .text          0x0000000000800294       0xa8 obj/default/hello_world.o
                0x0000000000800294                main
 .text          0x000000000080033c       0xec ../Lab2_Loop_Audio_bsp/\libhal_bsp.a(alt_load.o)
                0x00000000008003a4                alt_load
 .text          0x0000000000800428       0x7c ../Lab2_Loop_Audio_bsp/\libhal_bsp.a(alt_main.o)
                0x0000000000800428                alt_main
 .text          0x00000000008004a4      0x22c ../Lab2_Loop_Audio_bsp/\libhal_bsp.a(alt_printf.o)
                0x00000000008004a4                alt_printf
 .text          0x00000000008006d0       0x3c ../Lab2_Loop_Audio_bsp/\libhal_bsp.a(alt_putchar.o)
                0x00000000008006d0                alt_putchar
 .text          0x000000000080070c      0x10c ../Lab2_Loop_Audio_bsp/\libhal_bsp.a(alt_sys_init.o)
                0x0000000000800740                alt_irq_init
                0x0000000000800778                alt_sys_init
 .text          0x0000000000800818       0xc0 ../Lab2_Loop_Audio_bsp/\libhal_bsp.a(altera_avalon_jtag_uart_fd.o)
                0x0000000000800818                altera_avalon_jtag_uart_read_fd
                0x0000000000800878                altera_avalon_jtag_uart_write_fd
 .text          0x00000000008008d8       0xec ../Lab2_Loop_Audio_bsp/\libhal_bsp.a(altera_avalon_jtag_uart_read.o)
                0x00000000008008d8                altera_avalon_jtag_uart_read
 .text          0x00000000008009c4       0x94 ../Lab2_Loop_Audio_bsp/\libhal_bsp.a(altera_avalon_jtag_uart_write.o)
                0x00000000008009c4                altera_avalon_jtag_uart_write
 .text          0x0000000000800a58      0xe7c ../Lab2_Loop_Audio_bsp/\libhal_bsp.a(altera_avalon_lcd_16207.o)
                0x000000000080121c                altera_avalon_lcd_16207_write
                0x00000000008017a0                altera_avalon_lcd_16207_init
 .text          0x00000000008018d4       0x60 ../Lab2_Loop_Audio_bsp/\libhal_bsp.a(altera_avalon_lcd_16207_fd.o)
                0x00000000008018d4                altera_avalon_lcd_16207_write_fd
 .text          0x0000000000801934       0xf0 ../Lab2_Loop_Audio_bsp/\libhal_bsp.a(altera_avalon_timer_sc.o)
                0x00000000008019b0                alt_avalon_timer_sc_init
 .text          0x0000000000801a24      0x110 ../Lab2_Loop_Audio_bsp/\libhal_bsp.a(altera_avalon_uart_fd.o)
                0x0000000000801a24                altera_avalon_uart_read_fd
                0x0000000000801a84                altera_avalon_uart_write_fd
                0x0000000000801ae4                altera_avalon_uart_close_fd
 .text          0x0000000000801b34      0x3c4 ../Lab2_Loop_Audio_bsp/\libhal_bsp.a(altera_avalon_uart_init.o)
                0x0000000000801b34                altera_avalon_uart_init
                0x0000000000801ea4                altera_avalon_uart_close
 .text          0x0000000000801ef8      0x218 ../Lab2_Loop_Audio_bsp/\libhal_bsp.a(altera_avalon_uart_read.o)
                0x0000000000801f34                altera_avalon_uart_read
 .text          0x0000000000802110      0x1e8 ../Lab2_Loop_Audio_bsp/\libhal_bsp.a(altera_avalon_uart_write.o)
                0x000000000080214c                altera_avalon_uart_write
 .text          0x00000000008022f8      0x7a8 ../Lab2_Loop_Audio_bsp/\libhal_bsp.a(altera_up_avalon_audio.o)
                0x00000000008022f8                alt_up_audio_open_dev
                0x0000000000802334                alt_up_audio_enable_read_interrupt
                0x0000000000802388                alt_up_audio_disable_read_interrupt
                0x00000000008023e0                alt_up_audio_enable_write_interrupt
                0x0000000000802434                alt_up_audio_disable_write_interrupt
                0x000000000080248c                alt_up_audio_read_interrupt_pending
                0x00000000008024cc                alt_up_audio_write_interrupt_pending
                0x000000000080250c                alt_up_audio_reset_audio_core
                0x00000000008025a0                alt_up_audio_read_fifo_avail
                0x0000000000802600                alt_up_audio_record_r
                0x0000000000802668                alt_up_audio_record_l
                0x00000000008026d0                alt_up_audio_write_fifo_space
                0x0000000000802730                alt_up_audio_play_r
                0x0000000000802798                alt_up_audio_play_l
                0x0000000000802800                alt_up_audio_read_fifo
                0x00000000008028e0                alt_up_audio_write_fifo
                0x00000000008029e8                alt_up_audio_read_fifo_head
                0x0000000000802a38                alt_up_audio_write_fifo_head
 .text          0x0000000000802aa0      0x12c ../Lab2_Loop_Audio_bsp/\libhal_bsp.a(alt_alarm_start.o)
                0x0000000000802aa0                alt_alarm_start
 .text          0x0000000000802bcc      0x10c ../Lab2_Loop_Audio_bsp/\libhal_bsp.a(alt_close.o)
                0x0000000000802c08                close
 .text          0x0000000000802cd8       0x48 ../Lab2_Loop_Audio_bsp/\libhal_bsp.a(alt_dcache_flush_all.o)
                0x0000000000802cd8                alt_dcache_flush_all
 .text          0x0000000000802d20       0x2c ../Lab2_Loop_Audio_bsp/\libhal_bsp.a(alt_dev.o)
 .text          0x0000000000802d4c       0xe0 ../Lab2_Loop_Audio_bsp/\libhal_bsp.a(alt_dev_llist_insert.o)
                0x0000000000802d88                alt_dev_llist_insert
 .text          0x0000000000802e2c       0x60 ../Lab2_Loop_Audio_bsp/\libhal_bsp.a(alt_do_ctors.o)
                0x0000000000802e2c                _do_ctors
 .text          0x0000000000802e8c       0x60 ../Lab2_Loop_Audio_bsp/\libhal_bsp.a(alt_do_dtors.o)
                0x0000000000802e8c                _do_dtors
 .text          0x0000000000802eec        0x0 ../Lab2_Loop_Audio_bsp/\libhal_bsp.a(alt_errno.o)
 .text          0x0000000000802eec       0x90 ../Lab2_Loop_Audio_bsp/\libhal_bsp.a(alt_find_dev.o)
                0x0000000000802eec                alt_find_dev
 .text          0x0000000000802f7c       0x34 ../Lab2_Loop_Audio_bsp/\libhal_bsp.a(alt_icache_flush_all.o)
                0x0000000000802f7c                alt_icache_flush_all
 .text          0x0000000000802fb0      0x140 ../Lab2_Loop_Audio_bsp/\libhal_bsp.a(alt_io_redirect.o)
                0x0000000000803074                alt_io_redirect
 .text          0x00000000008030f0      0x180 ../Lab2_Loop_Audio_bsp/\libhal_bsp.a(alt_irq_register.o)
                0x00000000008030f0                alt_irq_register
 .text          0x0000000000803270        0x0 ../Lab2_Loop_Audio_bsp/\libhal_bsp.a(alt_irq_vars.o)
 .text          0x0000000000803270      0x254 ../Lab2_Loop_Audio_bsp/\libhal_bsp.a(alt_open.o)
                0x0000000000803370                open
 .text          0x00000000008034c4       0x64 ../Lab2_Loop_Audio_bsp/\libhal_bsp.a(alt_release_fd.o)
                0x00000000008034c4                alt_release_fd
 .text          0x0000000000803528      0x1a4 ../Lab2_Loop_Audio_bsp/\libhal_bsp.a(alt_tick.o)
                0x0000000000803528                alt_alarm_stop
                0x00000000008035c4                alt_tick
 .text          0x00000000008036cc       0x30 ../Lab2_Loop_Audio_bsp/\libhal_bsp.a(alt_usleep.o)
                0x00000000008036cc                usleep
 .text          0x00000000008036fc       0x24 ../Lab2_Loop_Audio_bsp/\libhal_bsp.a(altera_nios2_gen2_irq.o)
                0x00000000008036fc                altera_nios2_gen2_irq_init
 .text          0x0000000000803720      0x158 ../Lab2_Loop_Audio_bsp/\libhal_bsp.a(alt_busy_sleep.o)
                0x0000000000803720                alt_busy_sleep
 .text          0x0000000000803878      0x108 ../Lab2_Loop_Audio_bsp/\libhal_bsp.a(alt_find_file.o)
                0x0000000000803878                alt_find_file
 .text          0x0000000000803980       0xa4 ../Lab2_Loop_Audio_bsp/\libhal_bsp.a(alt_get_fd.o)
                0x0000000000803980                alt_get_fd
 .text          0x0000000000803a24       0x90 ../Lab2_Loop_Audio_bsp/\libhal_bsp.a(alt_icache_flush.o)
                0x0000000000803a24                alt_icache_flush
 .text          0x0000000000803ab4        0x0 ../Lab2_Loop_Audio_bsp/\libhal_bsp.a(alt_irq_entry.o)
 .text          0x0000000000803ab4        0x0 ../Lab2_Loop_Audio_bsp/\libhal_bsp.a(alt_irq_handler.o)
 .text          0x0000000000803ab4        0x0 ../Lab2_Loop_Audio_bsp/\libhal_bsp.a(alt_exception_entry.o)
 .text          0x0000000000803ab4       0x9c ../Lab2_Loop_Audio_bsp/\libhal_bsp.a(alt_instruction_exception_entry.o)
                0x0000000000803ab4                alt_exception_cause_generated_bad_addr
 .text          0x0000000000803b50        0x0 c:/software/altera/18.1/nios2eds/bin/gnu/h-x86_64-mingw32/bin/../lib/gcc/nios2-elf/5.3.0/../../../../../H-x86_64-mingw32/nios2-elf/lib\libc.a(lib_a-atexit.o)
 .text.atexit   0x0000000000803b50       0x14 c:/software/altera/18.1/nios2eds/bin/gnu/h-x86_64-mingw32/bin/../lib/gcc/nios2-elf/5.3.0/../../../../../H-x86_64-mingw32/nios2-elf/lib\libc.a(lib_a-atexit.o)
                0x0000000000803b50                atexit
 .text          0x0000000000803b64        0x0 c:/software/altera/18.1/nios2eds/bin/gnu/h-x86_64-mingw32/bin/../lib/gcc/nios2-elf/5.3.0/../../../../../H-x86_64-mingw32/nios2-elf/lib\libc.a(lib_a-ctype_.o)
 .text          0x0000000000803b64        0x0 c:/software/altera/18.1/nios2eds/bin/gnu/h-x86_64-mingw32/bin/../lib/gcc/nios2-elf/5.3.0/../../../../../H-x86_64-mingw32/nios2-elf/lib\libc.a(lib_a-exit.o)
 .text.exit     0x0000000000803b64       0x38 c:/software/altera/18.1/nios2eds/bin/gnu/h-x86_64-mingw32/bin/../lib/gcc/nios2-elf/5.3.0/../../../../../H-x86_64-mingw32/nios2-elf/lib\libc.a(lib_a-exit.o)
                0x0000000000803b64                exit
 .text          0x0000000000803b9c        0x0 c:/software/altera/18.1/nios2eds/bin/gnu/h-x86_64-mingw32/bin/../lib/gcc/nios2-elf/5.3.0/../../../../../H-x86_64-mingw32/nios2-elf/lib\libc.a(lib_a-impure.o)
 .text          0x0000000000803b9c        0x0 c:/software/altera/18.1/nios2eds/bin/gnu/h-x86_64-mingw32/bin/../lib/gcc/nios2-elf/5.3.0/../../../../../H-x86_64-mingw32/nios2-elf/lib\libc.a(lib_a-int_errno.o)
 .text          0x0000000000803b9c        0x0 c:/software/altera/18.1/nios2eds/bin/gnu/h-x86_64-mingw32/bin/../lib/gcc/nios2-elf/5.3.0/../../../../../H-x86_64-mingw32/nios2-elf/lib\libc.a(lib_a-memcmp.o)
 .text.memcmp   0x0000000000803b9c       0x7c c:/software/altera/18.1/nios2eds/bin/gnu/h-x86_64-mingw32/bin/../lib/gcc/nios2-elf/5.3.0/../../../../../H-x86_64-mingw32/nios2-elf/lib\libc.a(lib_a-memcmp.o)
                0x0000000000803b9c                memcmp
 .text          0x0000000000803c18        0x0 c:/software/altera/18.1/nios2eds/bin/gnu/h-x86_64-mingw32/bin/../lib/gcc/nios2-elf/5.3.0/../../../../../H-x86_64-mingw32/nios2-elf/lib\libc.a(lib_a-memcpy.o)
 .text.memcpy   0x0000000000803c18      0x148 c:/software/altera/18.1/nios2eds/bin/gnu/h-x86_64-mingw32/bin/../lib/gcc/nios2-elf/5.3.0/../../../../../H-x86_64-mingw32/nios2-elf/lib\libc.a(lib_a-memcpy.o)
                0x0000000000803c18                memcpy
 .text          0x0000000000803d60        0x0 c:/software/altera/18.1/nios2eds/bin/gnu/h-x86_64-mingw32/bin/../lib/gcc/nios2-elf/5.3.0/../../../../../H-x86_64-mingw32/nios2-elf/lib\libc.a(lib_a-memset.o)
 .text.memset   0x0000000000803d60      0x128 c:/software/altera/18.1/nios2eds/bin/gnu/h-x86_64-mingw32/bin/../lib/gcc/nios2-elf/5.3.0/../../../../../H-x86_64-mingw32/nios2-elf/lib\libc.a(lib_a-memset.o)
                0x0000000000803d60                memset
 .text          0x0000000000803e88        0x0 c:/software/altera/18.1/nios2eds/bin/gnu/h-x86_64-mingw32/bin/../lib/gcc/nios2-elf/5.3.0/../../../../../H-x86_64-mingw32/nios2-elf/lib\libc.a(lib_a-putc.o)
 .text._putc_r  0x0000000000803e88       0xa0 c:/software/altera/18.1/nios2eds/bin/gnu/h-x86_64-mingw32/bin/../lib/gcc/nios2-elf/5.3.0/../../../../../H-x86_64-mingw32/nios2-elf/lib\libc.a(lib_a-putc.o)
                0x0000000000803e88                _putc_r
 .text.putc     0x0000000000803f28       0xc8 c:/software/altera/18.1/nios2eds/bin/gnu/h-x86_64-mingw32/bin/../lib/gcc/nios2-elf/5.3.0/../../../../../H-x86_64-mingw32/nios2-elf/lib\libc.a(lib_a-putc.o)
                0x0000000000803f28                putc
 .text          0x0000000000803ff0        0x0 c:/software/altera/18.1/nios2eds/bin/gnu/h-x86_64-mingw32/bin/../lib/gcc/nios2-elf/5.3.0/../../../../../H-x86_64-mingw32/nios2-elf/lib\libc.a(lib_a-strlen.o)
 .text.strlen   0x0000000000803ff0       0x98 c:/software/altera/18.1/nios2eds/bin/gnu/h-x86_64-mingw32/bin/../lib/gcc/nios2-elf/5.3.0/../../../../../H-x86_64-mingw32/nios2-elf/lib\libc.a(lib_a-strlen.o)
                0x0000000000803ff0                strlen
 .text          0x0000000000804088        0x0 c:/software/altera/18.1/nios2eds/bin/gnu/h-x86_64-mingw32/bin/../lib/gcc/nios2-elf/5.3.0/../../../../../H-x86_64-mingw32/nios2-elf/lib\libc.a(lib_a-wbuf.o)
 .text.__swbuf_r
                0x0000000000804088      0x140 c:/software/altera/18.1/nios2eds/bin/gnu/h-x86_64-mingw32/bin/../lib/gcc/nios2-elf/5.3.0/../../../../../H-x86_64-mingw32/nios2-elf/lib\libc.a(lib_a-wbuf.o)
                0x0000000000804088                __swbuf_r
 .text.__swbuf  0x00000000008041c8       0x18 c:/software/altera/18.1/nios2eds/bin/gnu/h-x86_64-mingw32/bin/../lib/gcc/nios2-elf/5.3.0/../../../../../H-x86_64-mingw32/nios2-elf/lib\libc.a(lib_a-wbuf.o)
                0x00000000008041c8                __swbuf
 .text          0x00000000008041e0        0x0 c:/software/altera/18.1/nios2eds/bin/gnu/h-x86_64-mingw32/bin/../lib/gcc/nios2-elf/5.3.0/../../../../../H-x86_64-mingw32/nios2-elf/lib\libc.a(lib_a-wsetup.o)
 .text.__swsetup_r
                0x00000000008041e0      0x154 c:/software/altera/18.1/nios2eds/bin/gnu/h-x86_64-mingw32/bin/../lib/gcc/nios2-elf/5.3.0/../../../../../H-x86_64-mingw32/nios2-elf/lib\libc.a(lib_a-wsetup.o)
                0x00000000008041e0                __swsetup_r
 .text          0x0000000000804334        0x0 c:/software/altera/18.1/nios2eds/bin/gnu/h-x86_64-mingw32/bin/../lib/gcc/nios2-elf/5.3.0/../../../../../H-x86_64-mingw32/nios2-elf/lib\libc.a(lib_a-__atexit.o)
 .text.__register_exitproc
                0x0000000000804334      0x118 c:/software/altera/18.1/nios2eds/bin/gnu/h-x86_64-mingw32/bin/../lib/gcc/nios2-elf/5.3.0/../../../../../H-x86_64-mingw32/nios2-elf/lib\libc.a(lib_a-__atexit.o)
                0x0000000000804334                __register_exitproc
 .text          0x000000000080444c        0x0 c:/software/altera/18.1/nios2eds/bin/gnu/h-x86_64-mingw32/bin/../lib/gcc/nios2-elf/5.3.0/../../../../../H-x86_64-mingw32/nios2-elf/lib\libc.a(lib_a-__call_atexit.o)
 .text.__call_exitprocs
                0x000000000080444c      0x180 c:/software/altera/18.1/nios2eds/bin/gnu/h-x86_64-mingw32/bin/../lib/gcc/nios2-elf/5.3.0/../../../../../H-x86_64-mingw32/nios2-elf/lib\libc.a(lib_a-__call_atexit.o)
                0x000000000080444c                __call_exitprocs
 .text          0x00000000008045cc        0x0 c:/software/altera/18.1/nios2eds/bin/gnu/h-x86_64-mingw32/bin/../lib/gcc/nios2-elf/5.3.0/../../../../../H-x86_64-mingw32/nios2-elf/lib\libc.a(lib_a-fflush.o)
 .text.__sflush_r
                0x00000000008045cc      0x21c c:/software/altera/18.1/nios2eds/bin/gnu/h-x86_64-mingw32/bin/../lib/gcc/nios2-elf/5.3.0/../../../../../H-x86_64-mingw32/nios2-elf/lib\libc.a(lib_a-fflush.o)
                0x00000000008045cc                __sflush_r
 .text._fflush_r
                0x00000000008047e8       0x5c c:/software/altera/18.1/nios2eds/bin/gnu/h-x86_64-mingw32/bin/../lib/gcc/nios2-elf/5.3.0/../../../../../H-x86_64-mingw32/nios2-elf/lib\libc.a(lib_a-fflush.o)
                0x00000000008047e8                _fflush_r
 .text.fflush   0x0000000000804844       0x30 c:/software/altera/18.1/nios2eds/bin/gnu/h-x86_64-mingw32/bin/../lib/gcc/nios2-elf/5.3.0/../../../../../H-x86_64-mingw32/nios2-elf/lib\libc.a(lib_a-fflush.o)
                0x0000000000804844                fflush
 .text          0x0000000000804874        0x0 c:/software/altera/18.1/nios2eds/bin/gnu/h-x86_64-mingw32/bin/../lib/gcc/nios2-elf/5.3.0/../../../../../H-x86_64-mingw32/nios2-elf/lib\libc.a(lib_a-findfp.o)
 .text.__fp_unlock
                0x0000000000804874        0x8 c:/software/altera/18.1/nios2eds/bin/gnu/h-x86_64-mingw32/bin/../lib/gcc/nios2-elf/5.3.0/../../../../../H-x86_64-mingw32/nios2-elf/lib\libc.a(lib_a-findfp.o)
 .text._cleanup_r
                0x000000000080487c        0xc c:/software/altera/18.1/nios2eds/bin/gnu/h-x86_64-mingw32/bin/../lib/gcc/nios2-elf/5.3.0/../../../../../H-x86_64-mingw32/nios2-elf/lib\libc.a(lib_a-findfp.o)
                0x000000000080487c                _cleanup_r
 .text.__sinit.part.1
                0x0000000000804888      0x19c c:/software/altera/18.1/nios2eds/bin/gnu/h-x86_64-mingw32/bin/../lib/gcc/nios2-elf/5.3.0/../../../../../H-x86_64-mingw32/nios2-elf/lib\libc.a(lib_a-findfp.o)
 .text.__fp_lock
                0x0000000000804a24        0x8 c:/software/altera/18.1/nios2eds/bin/gnu/h-x86_64-mingw32/bin/../lib/gcc/nios2-elf/5.3.0/../../../../../H-x86_64-mingw32/nios2-elf/lib\libc.a(lib_a-findfp.o)
 .text.__sfmoreglue
                0x0000000000804a2c       0x68 c:/software/altera/18.1/nios2eds/bin/gnu/h-x86_64-mingw32/bin/../lib/gcc/nios2-elf/5.3.0/../../../../../H-x86_64-mingw32/nios2-elf/lib\libc.a(lib_a-findfp.o)
                0x0000000000804a2c                __sfmoreglue
 .text.__sfp    0x0000000000804a94      0x118 c:/software/altera/18.1/nios2eds/bin/gnu/h-x86_64-mingw32/bin/../lib/gcc/nios2-elf/5.3.0/../../../../../H-x86_64-mingw32/nios2-elf/lib\libc.a(lib_a-findfp.o)
                0x0000000000804a94                __sfp
 .text._cleanup
                0x0000000000804bac       0x18 c:/software/altera/18.1/nios2eds/bin/gnu/h-x86_64-mingw32/bin/../lib/gcc/nios2-elf/5.3.0/../../../../../H-x86_64-mingw32/nios2-elf/lib\libc.a(lib_a-findfp.o)
                0x0000000000804bac                _cleanup
 .text.__sinit  0x0000000000804bc4       0x10 c:/software/altera/18.1/nios2eds/bin/gnu/h-x86_64-mingw32/bin/../lib/gcc/nios2-elf/5.3.0/../../../../../H-x86_64-mingw32/nios2-elf/lib\libc.a(lib_a-findfp.o)
                0x0000000000804bc4                __sinit
 .text.__sfp_lock_acquire
                0x0000000000804bd4        0x4 c:/software/altera/18.1/nios2eds/bin/gnu/h-x86_64-mingw32/bin/../lib/gcc/nios2-elf/5.3.0/../../../../../H-x86_64-mingw32/nios2-elf/lib\libc.a(lib_a-findfp.o)
                0x0000000000804bd4                __sfp_lock_acquire
 .text.__sfp_lock_release
                0x0000000000804bd8        0x4 c:/software/altera/18.1/nios2eds/bin/gnu/h-x86_64-mingw32/bin/../lib/gcc/nios2-elf/5.3.0/../../../../../H-x86_64-mingw32/nios2-elf/lib\libc.a(lib_a-findfp.o)
                0x0000000000804bd8                __sfp_lock_release
 .text.__sinit_lock_acquire
                0x0000000000804bdc        0x4 c:/software/altera/18.1/nios2eds/bin/gnu/h-x86_64-mingw32/bin/../lib/gcc/nios2-elf/5.3.0/../../../../../H-x86_64-mingw32/nios2-elf/lib\libc.a(lib_a-findfp.o)
                0x0000000000804bdc                __sinit_lock_acquire
 .text.__sinit_lock_release
                0x0000000000804be0        0x4 c:/software/altera/18.1/nios2eds/bin/gnu/h-x86_64-mingw32/bin/../lib/gcc/nios2-elf/5.3.0/../../../../../H-x86_64-mingw32/nios2-elf/lib\libc.a(lib_a-findfp.o)
                0x0000000000804be0                __sinit_lock_release
 .text.__fp_lock_all
                0x0000000000804be4       0x18 c:/software/altera/18.1/nios2eds/bin/gnu/h-x86_64-mingw32/bin/../lib/gcc/nios2-elf/5.3.0/../../../../../H-x86_64-mingw32/nios2-elf/lib\libc.a(lib_a-findfp.o)
                0x0000000000804be4                __fp_lock_all
 .text.__fp_unlock_all
                0x0000000000804bfc       0x18 c:/software/altera/18.1/nios2eds/bin/gnu/h-x86_64-mingw32/bin/../lib/gcc/nios2-elf/5.3.0/../../../../../H-x86_64-mingw32/nios2-elf/lib\libc.a(lib_a-findfp.o)
                0x0000000000804bfc                __fp_unlock_all
 .text          0x0000000000804c14        0x0 c:/software/altera/18.1/nios2eds/bin/gnu/h-x86_64-mingw32/bin/../lib/gcc/nios2-elf/5.3.0/../../../../../H-x86_64-mingw32/nios2-elf/lib\libc.a(lib_a-freer.o)
 .text._malloc_trim_r
                0x0000000000804c14      0x124 c:/software/altera/18.1/nios2eds/bin/gnu/h-x86_64-mingw32/bin/../lib/gcc/nios2-elf/5.3.0/../../../../../H-x86_64-mingw32/nios2-elf/lib\libc.a(lib_a-freer.o)
                0x0000000000804c14                _malloc_trim_r
 .text._free_r  0x0000000000804d38      0x310 c:/software/altera/18.1/nios2eds/bin/gnu/h-x86_64-mingw32/bin/../lib/gcc/nios2-elf/5.3.0/../../../../../H-x86_64-mingw32/nios2-elf/lib\libc.a(lib_a-freer.o)
                0x0000000000804d38                _free_r
 .text          0x0000000000805048        0x0 c:/software/altera/18.1/nios2eds/bin/gnu/h-x86_64-mingw32/bin/../lib/gcc/nios2-elf/5.3.0/../../../../../H-x86_64-mingw32/nios2-elf/lib\libc.a(lib_a-fwalk.o)
 .text._fwalk   0x0000000000805048       0xc4 c:/software/altera/18.1/nios2eds/bin/gnu/h-x86_64-mingw32/bin/../lib/gcc/nios2-elf/5.3.0/../../../../../H-x86_64-mingw32/nios2-elf/lib\libc.a(lib_a-fwalk.o)
                0x0000000000805048                _fwalk
 .text._fwalk_reent
                0x000000000080510c       0xc4 c:/software/altera/18.1/nios2eds/bin/gnu/h-x86_64-mingw32/bin/../lib/gcc/nios2-elf/5.3.0/../../../../../H-x86_64-mingw32/nios2-elf/lib\libc.a(lib_a-fwalk.o)
                0x000000000080510c                _fwalk_reent
 .text          0x00000000008051d0        0x0 c:/software/altera/18.1/nios2eds/bin/gnu/h-x86_64-mingw32/bin/../lib/gcc/nios2-elf/5.3.0/../../../../../H-x86_64-mingw32/nios2-elf/lib\libc.a(lib_a-makebuf.o)
 .text.__smakebuf_r
                0x00000000008051d0      0x1bc c:/software/altera/18.1/nios2eds/bin/gnu/h-x86_64-mingw32/bin/../lib/gcc/nios2-elf/5.3.0/../../../../../H-x86_64-mingw32/nios2-elf/lib\libc.a(lib_a-makebuf.o)
                0x00000000008051d0                __smakebuf_r
 .text          0x000000000080538c        0x0 c:/software/altera/18.1/nios2eds/bin/gnu/h-x86_64-mingw32/bin/../lib/gcc/nios2-elf/5.3.0/../../../../../H-x86_64-mingw32/nios2-elf/lib\libc.a(lib_a-mallocr.o)
 .text._malloc_r
                0x000000000080538c      0x80c c:/software/altera/18.1/nios2eds/bin/gnu/h-x86_64-mingw32/bin/../lib/gcc/nios2-elf/5.3.0/../../../../../H-x86_64-mingw32/nios2-elf/lib\libc.a(lib_a-mallocr.o)
                0x000000000080538c                _malloc_r
 .text          0x0000000000805b98        0x0 c:/software/altera/18.1/nios2eds/bin/gnu/h-x86_64-mingw32/bin/../lib/gcc/nios2-elf/5.3.0/../../../../../H-x86_64-mingw32/nios2-elf/lib\libc.a(lib_a-sbrkr.o)
 .text._sbrk_r  0x0000000000805b98       0x54 c:/software/altera/18.1/nios2eds/bin/gnu/h-x86_64-mingw32/bin/../lib/gcc/nios2-elf/5.3.0/../../../../../H-x86_64-mingw32/nios2-elf/lib\libc.a(lib_a-sbrkr.o)
                0x0000000000805b98                _sbrk_r
 .text          0x0000000000805bec        0x0 c:/software/altera/18.1/nios2eds/bin/gnu/h-x86_64-mingw32/bin/../lib/gcc/nios2-elf/5.3.0/../../../../../H-x86_64-mingw32/nios2-elf/lib\libc.a(lib_a-stdio.o)
 .text.__sread  0x0000000000805bec       0x54 c:/software/altera/18.1/nios2eds/bin/gnu/h-x86_64-mingw32/bin/../lib/gcc/nios2-elf/5.3.0/../../../../../H-x86_64-mingw32/nios2-elf/lib\libc.a(lib_a-stdio.o)
                0x0000000000805bec                __sread
 .text.__seofread
                0x0000000000805c40        0x8 c:/software/altera/18.1/nios2eds/bin/gnu/h-x86_64-mingw32/bin/../lib/gcc/nios2-elf/5.3.0/../../../../../H-x86_64-mingw32/nios2-elf/lib\libc.a(lib_a-stdio.o)
                0x0000000000805c40                __seofread
 .text.__swrite
                0x0000000000805c48       0x7c c:/software/altera/18.1/nios2eds/bin/gnu/h-x86_64-mingw32/bin/../lib/gcc/nios2-elf/5.3.0/../../../../../H-x86_64-mingw32/nios2-elf/lib\libc.a(lib_a-stdio.o)
                0x0000000000805c48                __swrite
 .text.__sseek  0x0000000000805cc4       0x5c c:/software/altera/18.1/nios2eds/bin/gnu/h-x86_64-mingw32/bin/../lib/gcc/nios2-elf/5.3.0/../../../../../H-x86_64-mingw32/nios2-elf/lib\libc.a(lib_a-stdio.o)
                0x0000000000805cc4                __sseek
 .text.__sclose
                0x0000000000805d20        0x8 c:/software/altera/18.1/nios2eds/bin/gnu/h-x86_64-mingw32/bin/../lib/gcc/nios2-elf/5.3.0/../../../../../H-x86_64-mingw32/nios2-elf/lib\libc.a(lib_a-stdio.o)
                0x0000000000805d20                __sclose
 .text          0x0000000000805d28        0x0 c:/software/altera/18.1/nios2eds/bin/gnu/h-x86_64-mingw32/bin/../lib/gcc/nios2-elf/5.3.0/../../../../../H-x86_64-mingw32/nios2-elf/lib\libc.a(lib_a-writer.o)
 .text._write_r
                0x0000000000805d28       0x60 c:/software/altera/18.1/nios2eds/bin/gnu/h-x86_64-mingw32/bin/../lib/gcc/nios2-elf/5.3.0/../../../../../H-x86_64-mingw32/nios2-elf/lib\libc.a(lib_a-writer.o)
                0x0000000000805d28                _write_r
 .text          0x0000000000805d88        0x0 c:/software/altera/18.1/nios2eds/bin/gnu/h-x86_64-mingw32/bin/../lib/gcc/nios2-elf/5.3.0/../../../../../H-x86_64-mingw32/nios2-elf/lib\libc.a(closer.o)
 .text._close_r
                0x0000000000805d88       0x54 c:/software/altera/18.1/nios2eds/bin/gnu/h-x86_64-mingw32/bin/../lib/gcc/nios2-elf/5.3.0/../../../../../H-x86_64-mingw32/nios2-elf/lib\libc.a(closer.o)
                0x0000000000805d88                _close_r
 .text          0x0000000000805ddc        0x0 c:/software/altera/18.1/nios2eds/bin/gnu/h-x86_64-mingw32/bin/../lib/gcc/nios2-elf/5.3.0/../../../../../H-x86_64-mingw32/nios2-elf/lib\libc.a(lib_a-fclose.o)
 .text._fclose_r
                0x0000000000805ddc       0xf0 c:/software/altera/18.1/nios2eds/bin/gnu/h-x86_64-mingw32/bin/../lib/gcc/nios2-elf/5.3.0/../../../../../H-x86_64-mingw32/nios2-elf/lib\libc.a(lib_a-fclose.o)
                0x0000000000805ddc                _fclose_r
 .text.fclose   0x0000000000805ecc       0x14 c:/software/altera/18.1/nios2eds/bin/gnu/h-x86_64-mingw32/bin/../lib/gcc/nios2-elf/5.3.0/../../../../../H-x86_64-mingw32/nios2-elf/lib\libc.a(lib_a-fclose.o)
                0x0000000000805ecc                fclose
 .text          0x0000000000805ee0        0x0 c:/software/altera/18.1/nios2eds/bin/gnu/h-x86_64-mingw32/bin/../lib/gcc/nios2-elf/5.3.0/../../../../../H-x86_64-mingw32/nios2-elf/lib\libc.a(lib_a-fstatr.o)
 .text._fstat_r
                0x0000000000805ee0       0x5c c:/software/altera/18.1/nios2eds/bin/gnu/h-x86_64-mingw32/bin/../lib/gcc/nios2-elf/5.3.0/../../../../../H-x86_64-mingw32/nios2-elf/lib\libc.a(lib_a-fstatr.o)
                0x0000000000805ee0                _fstat_r
 .text          0x0000000000805f3c        0x0 c:/software/altera/18.1/nios2eds/bin/gnu/h-x86_64-mingw32/bin/../lib/gcc/nios2-elf/5.3.0/../../../../../H-x86_64-mingw32/nios2-elf/lib\libc.a(lib_a-isattyr.o)
 .text._isatty_r
                0x0000000000805f3c       0x54 c:/software/altera/18.1/nios2eds/bin/gnu/h-x86_64-mingw32/bin/../lib/gcc/nios2-elf/5.3.0/../../../../../H-x86_64-mingw32/nios2-elf/lib\libc.a(lib_a-isattyr.o)
                0x0000000000805f3c                _isatty_r
 .text          0x0000000000805f90        0x0 c:/software/altera/18.1/nios2eds/bin/gnu/h-x86_64-mingw32/bin/../lib/gcc/nios2-elf/5.3.0/../../../../../H-x86_64-mingw32/nios2-elf/lib\libc.a(lib_a-lseekr.o)
 .text._lseek_r
                0x0000000000805f90       0x60 c:/software/altera/18.1/nios2eds/bin/gnu/h-x86_64-mingw32/bin/../lib/gcc/nios2-elf/5.3.0/../../../../../H-x86_64-mingw32/nios2-elf/lib\libc.a(lib_a-lseekr.o)
                0x0000000000805f90                _lseek_r
 .text          0x0000000000805ff0        0x0 c:/software/altera/18.1/nios2eds/bin/gnu/h-x86_64-mingw32/bin/../lib/gcc/nios2-elf/5.3.0/../../../../../H-x86_64-mingw32/nios2-elf/lib\libc.a(lib_a-readr.o)
 .text._read_r  0x0000000000805ff0       0x60 c:/software/altera/18.1/nios2eds/bin/gnu/h-x86_64-mingw32/bin/../lib/gcc/nios2-elf/5.3.0/../../../../../H-x86_64-mingw32/nios2-elf/lib\libc.a(lib_a-readr.o)
                0x0000000000805ff0                _read_r
 .text          0x0000000000806050      0x1b4 c:/software/altera/18.1/nios2eds/bin/gnu/h-x86_64-mingw32/bin/../lib/gcc/nios2-elf/5.3.0\libgcc.a(lib2-divmod.o)
                0x0000000000806050                __divsi3
                0x00000000008060d4                __modsi3
                0x0000000000806148                __udivsi3
                0x00000000008061ac                __umodsi3
 .text          0x0000000000806204       0x34 ../Lab2_Loop_Audio_bsp/\libhal_bsp.a(alt_exit.o)
                0x0000000000806204                _exit
 .text          0x0000000000806238       0xec ../Lab2_Loop_Audio_bsp/\libhal_bsp.a(alt_fstat.o)
                0x0000000000806274                fstat
 .text          0x0000000000806324       0xe0 ../Lab2_Loop_Audio_bsp/\libhal_bsp.a(alt_isatty.o)
                0x0000000000806360                isatty
 .text          0x0000000000806404      0x110 ../Lab2_Loop_Audio_bsp/\libhal_bsp.a(alt_lseek.o)
                0x0000000000806440                lseek
 .text          0x0000000000806514       0x48 ../Lab2_Loop_Audio_bsp/\libhal_bsp.a(alt_malloc_lock.o)
                0x0000000000806514                __malloc_lock
                0x0000000000806538                __malloc_unlock
 .text          0x000000000080655c      0x138 ../Lab2_Loop_Audio_bsp/\libhal_bsp.a(alt_read.o)
                0x0000000000806598                read
 .text          0x0000000000806694       0xb0 ../Lab2_Loop_Audio_bsp/\libhal_bsp.a(alt_sbrk.o)
                0x0000000000806694                sbrk
 .text          0x0000000000806744      0x134 ../Lab2_Loop_Audio_bsp/\libhal_bsp.a(alt_write.o)
                0x0000000000806780                write
 *(.gnu.warning.*)
 *(.fini)
                [!provide]                        PROVIDE (__etext, ABSOLUTE (.))
                [!provide]                        PROVIDE (_etext, ABSOLUTE (.))
                [!provide]                        PROVIDE (etext, ABSOLUTE (.))
 *(.eh_frame_hdr)
                0x0000000000806878                . = ALIGN (0x4)
                [!provide]                        PROVIDE (__preinit_array_start, ABSOLUTE (.))
 *(.preinit_array)
                [!provide]                        PROVIDE (__preinit_array_end, ABSOLUTE (.))
                [!provide]                        PROVIDE (__init_array_start, ABSOLUTE (.))
 *(.init_array)
                [!provide]                        PROVIDE (__init_array_end, ABSOLUTE (.))
                [!provide]                        PROVIDE (__fini_array_start, ABSOLUTE (.))
 *(.fini_array)
                [!provide]                        PROVIDE (__fini_array_end, ABSOLUTE (.))
 *(.eh_frame)
 *(.gcc_except_table .gcc_except_table.*)
 *(.dynamic)
                0x0000000000806878                PROVIDE (__CTOR_LIST__, ABSOLUTE (.))
 *(.ctors)
 *(SORT(.ctors.*))
                0x0000000000806878                PROVIDE (__CTOR_END__, ABSOLUTE (.))
                0x0000000000806878                PROVIDE (__DTOR_LIST__, ABSOLUTE (.))
 *(.dtors)
 *(SORT(.dtors.*))
                0x0000000000806878                PROVIDE (__DTOR_END__, ABSOLUTE (.))
 *(.jcr)
                0x0000000000806878                . = ALIGN (0x4)

.rodata         0x0000000000806878      0x348
                0x0000000000806878                PROVIDE (__ram_rodata_start, ABSOLUTE (.))
                0x0000000000806878                . = ALIGN (0x4)
 *(.rodata .rodata.* .gnu.linkonce.r.*)
 .rodata        0x0000000000806878       0x4a obj/default/hello_world.o
 *fill*         0x00000000008068c2        0x2 
 .rodata        0x00000000008068c4       0x11 ../Lab2_Loop_Audio_bsp/\libhal_bsp.a(alt_main.o)
 *fill*         0x00000000008068d5        0x3 
 .rodata        0x00000000008068d8       0x57 ../Lab2_Loop_Audio_bsp/\libhal_bsp.a(alt_sys_init.o)
 *fill*         0x000000000080692f        0x1 
 .rodata        0x0000000000806930        0xa ../Lab2_Loop_Audio_bsp/\libhal_bsp.a(alt_dev.o)
 .rodata._ctype_
                0x000000000080693a      0x101 c:/software/altera/18.1/nios2eds/bin/gnu/h-x86_64-mingw32/bin/../lib/gcc/nios2-elf/5.3.0/../../../../../H-x86_64-mingw32/nios2-elf/lib\libc.a(lib_a-ctype_.o)
                0x000000000080693a                _ctype_
 .rodata._ctype_b
                0x0000000000806a3b      0x180 c:/software/altera/18.1/nios2eds/bin/gnu/h-x86_64-mingw32/bin/../lib/gcc/nios2-elf/5.3.0/../../../../../H-x86_64-mingw32/nios2-elf/lib\libc.a(lib_a-ctype_.o)
 *fill*         0x0000000000806bbb        0x1 
 .rodata.str1.4
                0x0000000000806bbc        0x4 c:/software/altera/18.1/nios2eds/bin/gnu/h-x86_64-mingw32/bin/../lib/gcc/nios2-elf/5.3.0/../../../../../H-x86_64-mingw32/nios2-elf/lib\libc.a(lib_a-impure.o)
                                          0x2 (size before relaxing)
 *(.rodata1)
                0x0000000000806bc0                . = ALIGN (0x4)
                0x0000000000806bc0                PROVIDE (__ram_rodata_end, ABSOLUTE (.))
                0x0000000000806878                PROVIDE (__flash_rodata_start, LOADADDR (.rodata))

.rwdata         0x0000000000806bc0      0xc84 load address 0x0000000000807844
                0x0000000000806bc0                PROVIDE (__ram_rwdata_start, ABSOLUTE (.))
                0x0000000000806bc0                . = ALIGN (0x4)
 *(.got.plt)
 *(.got)
 *(.data1)
 *(.data .data.* .gnu.linkonce.d.*)
 .data          0x0000000000806bc0        0x0 ../Lab2_Loop_Audio_bsp//obj/HAL/src/crt0.o
 .data          0x0000000000806bc0        0x0 obj/default/hello_world.o
 .data          0x0000000000806bc0        0x0 ../Lab2_Loop_Audio_bsp/\libhal_bsp.a(alt_load.o)
 .data          0x0000000000806bc0        0x0 ../Lab2_Loop_Audio_bsp/\libhal_bsp.a(alt_main.o)
 .data          0x0000000000806bc0        0x0 ../Lab2_Loop_Audio_bsp/\libhal_bsp.a(alt_printf.o)
 .data          0x0000000000806bc0        0x0 ../Lab2_Loop_Audio_bsp/\libhal_bsp.a(alt_putchar.o)
 .data          0x0000000000806bc0      0x270 ../Lab2_Loop_Audio_bsp/\libhal_bsp.a(alt_sys_init.o)
 .data          0x0000000000806e30        0x0 ../Lab2_Loop_Audio_bsp/\libhal_bsp.a(altera_avalon_jtag_uart_fd.o)
 .data          0x0000000000806e30        0x0 ../Lab2_Loop_Audio_bsp/\libhal_bsp.a(altera_avalon_jtag_uart_read.o)
 .data          0x0000000000806e30        0x0 ../Lab2_Loop_Audio_bsp/\libhal_bsp.a(altera_avalon_jtag_uart_write.o)
 .data          0x0000000000806e30        0x0 ../Lab2_Loop_Audio_bsp/\libhal_bsp.a(altera_avalon_lcd_16207.o)
 .data          0x0000000000806e30        0x0 ../Lab2_Loop_Audio_bsp/\libhal_bsp.a(altera_avalon_lcd_16207_fd.o)
 .data          0x0000000000806e30        0x0 ../Lab2_Loop_Audio_bsp/\libhal_bsp.a(altera_avalon_timer_sc.o)
 .data          0x0000000000806e30        0x0 ../Lab2_Loop_Audio_bsp/\libhal_bsp.a(altera_avalon_uart_fd.o)
 .data          0x0000000000806e30        0x0 ../Lab2_Loop_Audio_bsp/\libhal_bsp.a(altera_avalon_uart_init.o)
 .data          0x0000000000806e30        0x0 ../Lab2_Loop_Audio_bsp/\libhal_bsp.a(altera_avalon_uart_read.o)
 .data          0x0000000000806e30        0x0 ../Lab2_Loop_Audio_bsp/\libhal_bsp.a(altera_avalon_uart_write.o)
 .data          0x0000000000806e30        0x0 ../Lab2_Loop_Audio_bsp/\libhal_bsp.a(altera_up_avalon_audio.o)
 .data          0x0000000000806e30        0x0 ../Lab2_Loop_Audio_bsp/\libhal_bsp.a(alt_alarm_start.o)
 .data          0x0000000000806e30        0x0 ../Lab2_Loop_Audio_bsp/\libhal_bsp.a(alt_close.o)
 .data          0x0000000000806e30        0x0 ../Lab2_Loop_Audio_bsp/\libhal_bsp.a(alt_dcache_flush_all.o)
 .data          0x0000000000806e30      0x1a8 ../Lab2_Loop_Audio_bsp/\libhal_bsp.a(alt_dev.o)
                0x0000000000806e30                alt_dev_null
                0x0000000000806e58                alt_fd_list
 .data          0x0000000000806fd8        0x0 ../Lab2_Loop_Audio_bsp/\libhal_bsp.a(alt_dev_llist_insert.o)
 .data          0x0000000000806fd8        0x0 ../Lab2_Loop_Audio_bsp/\libhal_bsp.a(alt_do_ctors.o)
 .data          0x0000000000806fd8        0x0 ../Lab2_Loop_Audio_bsp/\libhal_bsp.a(alt_do_dtors.o)
 .data          0x0000000000806fd8        0x0 ../Lab2_Loop_Audio_bsp/\libhal_bsp.a(alt_errno.o)
 .data          0x0000000000806fd8        0x0 ../Lab2_Loop_Audio_bsp/\libhal_bsp.a(alt_find_dev.o)
 .data          0x0000000000806fd8        0x0 ../Lab2_Loop_Audio_bsp/\libhal_bsp.a(alt_icache_flush_all.o)
 .data          0x0000000000806fd8        0x0 ../Lab2_Loop_Audio_bsp/\libhal_bsp.a(alt_io_redirect.o)
 .data          0x0000000000806fd8        0x0 ../Lab2_Loop_Audio_bsp/\libhal_bsp.a(alt_irq_register.o)
 .data          0x0000000000806fd8        0x0 ../Lab2_Loop_Audio_bsp/\libhal_bsp.a(alt_irq_vars.o)
 .data          0x0000000000806fd8        0x0 ../Lab2_Loop_Audio_bsp/\libhal_bsp.a(alt_open.o)
 .data          0x0000000000806fd8        0x0 ../Lab2_Loop_Audio_bsp/\libhal_bsp.a(alt_release_fd.o)
 .data          0x0000000000806fd8        0x0 ../Lab2_Loop_Audio_bsp/\libhal_bsp.a(alt_tick.o)
 .data          0x0000000000806fd8        0x0 ../Lab2_Loop_Audio_bsp/\libhal_bsp.a(alt_usleep.o)
 .data          0x0000000000806fd8        0x0 ../Lab2_Loop_Audio_bsp/\libhal_bsp.a(altera_nios2_gen2_irq.o)
 .data          0x0000000000806fd8        0x0 ../Lab2_Loop_Audio_bsp/\libhal_bsp.a(alt_busy_sleep.o)
 .data          0x0000000000806fd8        0x0 ../Lab2_Loop_Audio_bsp/\libhal_bsp.a(alt_find_file.o)
 .data          0x0000000000806fd8        0x0 ../Lab2_Loop_Audio_bsp/\libhal_bsp.a(alt_get_fd.o)
 .data          0x0000000000806fd8        0x0 ../Lab2_Loop_Audio_bsp/\libhal_bsp.a(alt_icache_flush.o)
 .data          0x0000000000806fd8        0x0 ../Lab2_Loop_Audio_bsp/\libhal_bsp.a(alt_irq_entry.o)
 .data          0x0000000000806fd8        0x0 ../Lab2_Loop_Audio_bsp/\libhal_bsp.a(alt_irq_handler.o)
 .data          0x0000000000806fd8        0x0 ../Lab2_Loop_Audio_bsp/\libhal_bsp.a(alt_exception_entry.o)
 .data          0x0000000000806fd8        0x0 ../Lab2_Loop_Audio_bsp/\libhal_bsp.a(alt_instruction_exception_entry.o)
 .data          0x0000000000806fd8        0x0 c:/software/altera/18.1/nios2eds/bin/gnu/h-x86_64-mingw32/bin/../lib/gcc/nios2-elf/5.3.0/../../../../../H-x86_64-mingw32/nios2-elf/lib\libc.a(lib_a-atexit.o)
 .data          0x0000000000806fd8        0x0 c:/software/altera/18.1/nios2eds/bin/gnu/h-x86_64-mingw32/bin/../lib/gcc/nios2-elf/5.3.0/../../../../../H-x86_64-mingw32/nios2-elf/lib\libc.a(lib_a-ctype_.o)
 .data          0x0000000000806fd8        0x0 c:/software/altera/18.1/nios2eds/bin/gnu/h-x86_64-mingw32/bin/../lib/gcc/nios2-elf/5.3.0/../../../../../H-x86_64-mingw32/nios2-elf/lib\libc.a(lib_a-exit.o)
 .data          0x0000000000806fd8        0x0 c:/software/altera/18.1/nios2eds/bin/gnu/h-x86_64-mingw32/bin/../lib/gcc/nios2-elf/5.3.0/../../../../../H-x86_64-mingw32/nios2-elf/lib\libc.a(lib_a-impure.o)
 .data.impure_data
                0x0000000000806fd8      0x424 c:/software/altera/18.1/nios2eds/bin/gnu/h-x86_64-mingw32/bin/../lib/gcc/nios2-elf/5.3.0/../../../../../H-x86_64-mingw32/nios2-elf/lib\libc.a(lib_a-impure.o)
 .data          0x00000000008073fc        0x0 c:/software/altera/18.1/nios2eds/bin/gnu/h-x86_64-mingw32/bin/../lib/gcc/nios2-elf/5.3.0/../../../../../H-x86_64-mingw32/nios2-elf/lib\libc.a(lib_a-int_errno.o)
 .data          0x00000000008073fc        0x0 c:/software/altera/18.1/nios2eds/bin/gnu/h-x86_64-mingw32/bin/../lib/gcc/nios2-elf/5.3.0/../../../../../H-x86_64-mingw32/nios2-elf/lib\libc.a(lib_a-memcmp.o)
 .data          0x00000000008073fc        0x0 c:/software/altera/18.1/nios2eds/bin/gnu/h-x86_64-mingw32/bin/../lib/gcc/nios2-elf/5.3.0/../../../../../H-x86_64-mingw32/nios2-elf/lib\libc.a(lib_a-memcpy.o)
 .data          0x00000000008073fc        0x0 c:/software/altera/18.1/nios2eds/bin/gnu/h-x86_64-mingw32/bin/../lib/gcc/nios2-elf/5.3.0/../../../../../H-x86_64-mingw32/nios2-elf/lib\libc.a(lib_a-memset.o)
 .data          0x00000000008073fc        0x0 c:/software/altera/18.1/nios2eds/bin/gnu/h-x86_64-mingw32/bin/../lib/gcc/nios2-elf/5.3.0/../../../../../H-x86_64-mingw32/nios2-elf/lib\libc.a(lib_a-putc.o)
 .data          0x00000000008073fc        0x0 c:/software/altera/18.1/nios2eds/bin/gnu/h-x86_64-mingw32/bin/../lib/gcc/nios2-elf/5.3.0/../../../../../H-x86_64-mingw32/nios2-elf/lib\libc.a(lib_a-strlen.o)
 .data          0x00000000008073fc        0x0 c:/software/altera/18.1/nios2eds/bin/gnu/h-x86_64-mingw32/bin/../lib/gcc/nios2-elf/5.3.0/../../../../../H-x86_64-mingw32/nios2-elf/lib\libc.a(lib_a-wbuf.o)
 .data          0x00000000008073fc        0x0 c:/software/altera/18.1/nios2eds/bin/gnu/h-x86_64-mingw32/bin/../lib/gcc/nios2-elf/5.3.0/../../../../../H-x86_64-mingw32/nios2-elf/lib\libc.a(lib_a-wsetup.o)
 .data          0x00000000008073fc        0x0 c:/software/altera/18.1/nios2eds/bin/gnu/h-x86_64-mingw32/bin/../lib/gcc/nios2-elf/5.3.0/../../../../../H-x86_64-mingw32/nios2-elf/lib\libc.a(lib_a-__atexit.o)
 .data          0x00000000008073fc        0x0 c:/software/altera/18.1/nios2eds/bin/gnu/h-x86_64-mingw32/bin/../lib/gcc/nios2-elf/5.3.0/../../../../../H-x86_64-mingw32/nios2-elf/lib\libc.a(lib_a-__call_atexit.o)
 .data          0x00000000008073fc        0x0 c:/software/altera/18.1/nios2eds/bin/gnu/h-x86_64-mingw32/bin/../lib/gcc/nios2-elf/5.3.0/../../../../../H-x86_64-mingw32/nios2-elf/lib\libc.a(lib_a-fflush.o)
 .data          0x00000000008073fc        0x0 c:/software/altera/18.1/nios2eds/bin/gnu/h-x86_64-mingw32/bin/../lib/gcc/nios2-elf/5.3.0/../../../../../H-x86_64-mingw32/nios2-elf/lib\libc.a(lib_a-findfp.o)
 .data          0x00000000008073fc        0x0 c:/software/altera/18.1/nios2eds/bin/gnu/h-x86_64-mingw32/bin/../lib/gcc/nios2-elf/5.3.0/../../../../../H-x86_64-mingw32/nios2-elf/lib\libc.a(lib_a-freer.o)
 .data          0x00000000008073fc        0x0 c:/software/altera/18.1/nios2eds/bin/gnu/h-x86_64-mingw32/bin/../lib/gcc/nios2-elf/5.3.0/../../../../../H-x86_64-mingw32/nios2-elf/lib\libc.a(lib_a-fwalk.o)
 .data          0x00000000008073fc        0x0 c:/software/altera/18.1/nios2eds/bin/gnu/h-x86_64-mingw32/bin/../lib/gcc/nios2-elf/5.3.0/../../../../../H-x86_64-mingw32/nios2-elf/lib\libc.a(lib_a-makebuf.o)
 .data          0x00000000008073fc        0x0 c:/software/altera/18.1/nios2eds/bin/gnu/h-x86_64-mingw32/bin/../lib/gcc/nios2-elf/5.3.0/../../../../../H-x86_64-mingw32/nios2-elf/lib\libc.a(lib_a-mallocr.o)
 .data.__malloc_av_
                0x00000000008073fc      0x408 c:/software/altera/18.1/nios2eds/bin/gnu/h-x86_64-mingw32/bin/../lib/gcc/nios2-elf/5.3.0/../../../../../H-x86_64-mingw32/nios2-elf/lib\libc.a(lib_a-mallocr.o)
                0x00000000008073fc                __malloc_av_
 .data          0x0000000000807804        0x0 c:/software/altera/18.1/nios2eds/bin/gnu/h-x86_64-mingw32/bin/../lib/gcc/nios2-elf/5.3.0/../../../../../H-x86_64-mingw32/nios2-elf/lib\libc.a(lib_a-sbrkr.o)
 .data          0x0000000000807804        0x0 c:/software/altera/18.1/nios2eds/bin/gnu/h-x86_64-mingw32/bin/../lib/gcc/nios2-elf/5.3.0/../../../../../H-x86_64-mingw32/nios2-elf/lib\libc.a(lib_a-stdio.o)
 .data          0x0000000000807804        0x0 c:/software/altera/18.1/nios2eds/bin/gnu/h-x86_64-mingw32/bin/../lib/gcc/nios2-elf/5.3.0/../../../../../H-x86_64-mingw32/nios2-elf/lib\libc.a(lib_a-writer.o)
 .data          0x0000000000807804        0x0 c:/software/altera/18.1/nios2eds/bin/gnu/h-x86_64-mingw32/bin/../lib/gcc/nios2-elf/5.3.0/../../../../../H-x86_64-mingw32/nios2-elf/lib\libc.a(closer.o)
 .data          0x0000000000807804        0x0 c:/software/altera/18.1/nios2eds/bin/gnu/h-x86_64-mingw32/bin/../lib/gcc/nios2-elf/5.3.0/../../../../../H-x86_64-mingw32/nios2-elf/lib\libc.a(lib_a-fclose.o)
 .data          0x0000000000807804        0x0 c:/software/altera/18.1/nios2eds/bin/gnu/h-x86_64-mingw32/bin/../lib/gcc/nios2-elf/5.3.0/../../../../../H-x86_64-mingw32/nios2-elf/lib\libc.a(lib_a-fstatr.o)
 .data          0x0000000000807804        0x0 c:/software/altera/18.1/nios2eds/bin/gnu/h-x86_64-mingw32/bin/../lib/gcc/nios2-elf/5.3.0/../../../../../H-x86_64-mingw32/nios2-elf/lib\libc.a(lib_a-isattyr.o)
 .data          0x0000000000807804        0x0 c:/software/altera/18.1/nios2eds/bin/gnu/h-x86_64-mingw32/bin/../lib/gcc/nios2-elf/5.3.0/../../../../../H-x86_64-mingw32/nios2-elf/lib\libc.a(lib_a-lseekr.o)
 .data          0x0000000000807804        0x0 c:/software/altera/18.1/nios2eds/bin/gnu/h-x86_64-mingw32/bin/../lib/gcc/nios2-elf/5.3.0/../../../../../H-x86_64-mingw32/nios2-elf/lib\libc.a(lib_a-readr.o)
 .data          0x0000000000807804        0x0 c:/software/altera/18.1/nios2eds/bin/gnu/h-x86_64-mingw32/bin/../lib/gcc/nios2-elf/5.3.0\libgcc.a(lib2-divmod.o)
 .data          0x0000000000807804        0x0 ../Lab2_Loop_Audio_bsp/\libhal_bsp.a(alt_exit.o)
 .data          0x0000000000807804        0x0 ../Lab2_Loop_Audio_bsp/\libhal_bsp.a(alt_fstat.o)
 .data          0x0000000000807804        0x0 ../Lab2_Loop_Audio_bsp/\libhal_bsp.a(alt_isatty.o)
 .data          0x0000000000807804        0x0 ../Lab2_Loop_Audio_bsp/\libhal_bsp.a(alt_lseek.o)
 .data          0x0000000000807804        0x0 ../Lab2_Loop_Audio_bsp/\libhal_bsp.a(alt_malloc_lock.o)
 .data          0x0000000000807804        0x0 ../Lab2_Loop_Audio_bsp/\libhal_bsp.a(alt_read.o)
 .data          0x0000000000807804        0x0 ../Lab2_Loop_Audio_bsp/\libhal_bsp.a(alt_sbrk.o)
 .data          0x0000000000807804        0x0 ../Lab2_Loop_Audio_bsp/\libhal_bsp.a(alt_write.o)
                0x000000000080f804                _gp = ABSOLUTE ((. + 0x8000))
                [!provide]                        PROVIDE (gp, _gp)
 *(.rwdata .rwdata.*)
 *(.sdata .sdata.* .gnu.linkonce.s.*)
 .sdata         0x0000000000807804        0x4 ../Lab2_Loop_Audio_bsp/\libhal_bsp.a(altera_avalon_lcd_16207.o)
 .sdata         0x0000000000807808       0x14 ../Lab2_Loop_Audio_bsp/\libhal_bsp.a(alt_dev.o)
                0x0000000000807808                alt_fs_list
                0x0000000000807810                alt_dev_list
                0x0000000000807818                alt_max_fd
 .sdata         0x000000000080781c        0x4 ../Lab2_Loop_Audio_bsp/\libhal_bsp.a(alt_errno.o)
                0x000000000080781c                alt_errno
 .sdata         0x0000000000807820        0x4 ../Lab2_Loop_Audio_bsp/\libhal_bsp.a(alt_irq_vars.o)
                0x0000000000807820                alt_priority_mask
 .sdata         0x0000000000807824        0x8 ../Lab2_Loop_Audio_bsp/\libhal_bsp.a(alt_tick.o)
                0x0000000000807824                alt_alarm_list
 .sdata.__ctype_ptr__
                0x000000000080782c        0x4 c:/software/altera/18.1/nios2eds/bin/gnu/h-x86_64-mingw32/bin/../lib/gcc/nios2-elf/5.3.0/../../../../../H-x86_64-mingw32/nios2-elf/lib\libc.a(lib_a-ctype_.o)
                0x000000000080782c                __ctype_ptr__
 .sdata._global_impure_ptr
                0x0000000000807830        0x4 c:/software/altera/18.1/nios2eds/bin/gnu/h-x86_64-mingw32/bin/../lib/gcc/nios2-elf/5.3.0/../../../../../H-x86_64-mingw32/nios2-elf/lib\libc.a(lib_a-impure.o)
                0x0000000000807830                _global_impure_ptr
 .sdata._impure_ptr
                0x0000000000807834        0x4 c:/software/altera/18.1/nios2eds/bin/gnu/h-x86_64-mingw32/bin/../lib/gcc/nios2-elf/5.3.0/../../../../../H-x86_64-mingw32/nios2-elf/lib\libc.a(lib_a-impure.o)
                0x0000000000807834                _impure_ptr
 .sdata.__malloc_sbrk_base
                0x0000000000807838        0x4 c:/software/altera/18.1/nios2eds/bin/gnu/h-x86_64-mingw32/bin/../lib/gcc/nios2-elf/5.3.0/../../../../../H-x86_64-mingw32/nios2-elf/lib\libc.a(lib_a-mallocr.o)
                0x0000000000807838                __malloc_sbrk_base
 .sdata.__malloc_trim_threshold
                0x000000000080783c        0x4 c:/software/altera/18.1/nios2eds/bin/gnu/h-x86_64-mingw32/bin/../lib/gcc/nios2-elf/5.3.0/../../../../../H-x86_64-mingw32/nios2-elf/lib\libc.a(lib_a-mallocr.o)
                0x000000000080783c                __malloc_trim_threshold
 .sdata         0x0000000000807840        0x4 ../Lab2_Loop_Audio_bsp/\libhal_bsp.a(alt_sbrk.o)
 *(.sdata2 .sdata2.* .gnu.linkonce.s2.*)
                0x0000000000807844                . = ALIGN (0x4)
                0x0000000000807844                _edata = ABSOLUTE (.)
                [!provide]                        PROVIDE (edata, ABSOLUTE (.))
                0x0000000000807844                PROVIDE (__ram_rwdata_end, ABSOLUTE (.))
                0x0000000000807844                PROVIDE (__flash_rwdata_start, LOADADDR (.rwdata))

.bss            0x00000000008084c8      0x154
                0x00000000008084c8                __bss_start = ABSOLUTE (.)
                [!provide]                        PROVIDE (__sbss_start, ABSOLUTE (.))
                [!provide]                        PROVIDE (___sbss_start, ABSOLUTE (.))
 *(.dynsbss)
 *(.sbss .sbss.* .gnu.linkonce.sb.*)
 .sbss          0x00000000008084c8        0xc ../Lab2_Loop_Audio_bsp/\libhal_bsp.a(alt_main.o)
                0x00000000008084c8                alt_argc
                0x00000000008084cc                alt_argv
                0x00000000008084d0                alt_envp
 .sbss          0x00000000008084d4        0x4 ../Lab2_Loop_Audio_bsp/\libhal_bsp.a(alt_irq_vars.o)
                0x00000000008084d4                alt_irq_active
 .sbss          0x00000000008084d8        0x8 ../Lab2_Loop_Audio_bsp/\libhal_bsp.a(alt_tick.o)
                0x00000000008084d8                _alt_tick_rate
                0x00000000008084dc                _alt_nticks
 .sbss          0x00000000008084e0        0x4 ../Lab2_Loop_Audio_bsp/\libhal_bsp.a(alt_instruction_exception_entry.o)
                0x00000000008084e0                alt_instruction_exception_handler
 .sbss          0x00000000008084e4        0x4 c:/software/altera/18.1/nios2eds/bin/gnu/h-x86_64-mingw32/bin/../lib/gcc/nios2-elf/5.3.0/../../../../../H-x86_64-mingw32/nios2-elf/lib\libc.a(lib_a-int_errno.o)
                0x00000000008084e4                errno
 .sbss.__malloc_max_total_mem
                0x00000000008084e8        0x4 c:/software/altera/18.1/nios2eds/bin/gnu/h-x86_64-mingw32/bin/../lib/gcc/nios2-elf/5.3.0/../../../../../H-x86_64-mingw32/nios2-elf/lib\libc.a(lib_a-mallocr.o)
                0x00000000008084e8                __malloc_max_total_mem
 .sbss.__malloc_max_sbrked_mem
                0x00000000008084ec        0x4 c:/software/altera/18.1/nios2eds/bin/gnu/h-x86_64-mingw32/bin/../lib/gcc/nios2-elf/5.3.0/../../../../../H-x86_64-mingw32/nios2-elf/lib\libc.a(lib_a-mallocr.o)
                0x00000000008084ec                __malloc_max_sbrked_mem
 .sbss.__malloc_top_pad
                0x00000000008084f0        0x4 c:/software/altera/18.1/nios2eds/bin/gnu/h-x86_64-mingw32/bin/../lib/gcc/nios2-elf/5.3.0/../../../../../H-x86_64-mingw32/nios2-elf/lib\libc.a(lib_a-mallocr.o)
                0x00000000008084f0                __malloc_top_pad
 *(.sbss2 .sbss2.* .gnu.linkonce.sb2.*)
 *(.scommon)
                [!provide]                        PROVIDE (__sbss_end, ABSOLUTE (.))
                [!provide]                        PROVIDE (___sbss_end, ABSOLUTE (.))
 *(.dynbss)
 *(.bss .bss.* .gnu.linkonce.b.*)
 .bss           0x00000000008084f4        0x0 ../Lab2_Loop_Audio_bsp//obj/HAL/src/crt0.o
 .bss           0x00000000008084f4        0x0 obj/default/hello_world.o
 .bss           0x00000000008084f4        0x0 ../Lab2_Loop_Audio_bsp/\libhal_bsp.a(alt_load.o)
 .bss           0x00000000008084f4        0x0 ../Lab2_Loop_Audio_bsp/\libhal_bsp.a(alt_main.o)
 .bss           0x00000000008084f4        0x0 ../Lab2_Loop_Audio_bsp/\libhal_bsp.a(alt_printf.o)
 .bss           0x00000000008084f4        0x0 ../Lab2_Loop_Audio_bsp/\libhal_bsp.a(alt_putchar.o)
 .bss           0x00000000008084f4        0x0 ../Lab2_Loop_Audio_bsp/\libhal_bsp.a(alt_sys_init.o)
 .bss           0x00000000008084f4        0x0 ../Lab2_Loop_Audio_bsp/\libhal_bsp.a(altera_avalon_jtag_uart_fd.o)
 .bss           0x00000000008084f4        0x0 ../Lab2_Loop_Audio_bsp/\libhal_bsp.a(altera_avalon_jtag_uart_read.o)
 .bss           0x00000000008084f4        0x0 ../Lab2_Loop_Audio_bsp/\libhal_bsp.a(altera_avalon_jtag_uart_write.o)
 .bss           0x00000000008084f4        0x0 ../Lab2_Loop_Audio_bsp/\libhal_bsp.a(altera_avalon_lcd_16207.o)
 .bss           0x00000000008084f4        0x0 ../Lab2_Loop_Audio_bsp/\libhal_bsp.a(altera_avalon_lcd_16207_fd.o)
 .bss           0x00000000008084f4        0x0 ../Lab2_Loop_Audio_bsp/\libhal_bsp.a(altera_avalon_timer_sc.o)
 .bss           0x00000000008084f4        0x0 ../Lab2_Loop_Audio_bsp/\libhal_bsp.a(altera_avalon_uart_fd.o)
 .bss           0x00000000008084f4        0x0 ../Lab2_Loop_Audio_bsp/\libhal_bsp.a(altera_avalon_uart_init.o)
 .bss           0x00000000008084f4        0x0 ../Lab2_Loop_Audio_bsp/\libhal_bsp.a(altera_avalon_uart_read.o)
 .bss           0x00000000008084f4        0x0 ../Lab2_Loop_Audio_bsp/\libhal_bsp.a(altera_avalon_uart_write.o)
 .bss           0x00000000008084f4        0x0 ../Lab2_Loop_Audio_bsp/\libhal_bsp.a(altera_up_avalon_audio.o)
 .bss           0x00000000008084f4        0x0 ../Lab2_Loop_Audio_bsp/\libhal_bsp.a(alt_alarm_start.o)
 .bss           0x00000000008084f4        0x0 ../Lab2_Loop_Audio_bsp/\libhal_bsp.a(alt_close.o)
 .bss           0x00000000008084f4        0x0 ../Lab2_Loop_Audio_bsp/\libhal_bsp.a(alt_dcache_flush_all.o)
 .bss           0x00000000008084f4        0x0 ../Lab2_Loop_Audio_bsp/\libhal_bsp.a(alt_dev.o)
 .bss           0x00000000008084f4        0x0 ../Lab2_Loop_Audio_bsp/\libhal_bsp.a(alt_dev_llist_insert.o)
 .bss           0x00000000008084f4        0x0 ../Lab2_Loop_Audio_bsp/\libhal_bsp.a(alt_do_ctors.o)
 .bss           0x00000000008084f4        0x0 ../Lab2_Loop_Audio_bsp/\libhal_bsp.a(alt_do_dtors.o)
 .bss           0x00000000008084f4        0x0 ../Lab2_Loop_Audio_bsp/\libhal_bsp.a(alt_errno.o)
 .bss           0x00000000008084f4        0x0 ../Lab2_Loop_Audio_bsp/\libhal_bsp.a(alt_find_dev.o)
 .bss           0x00000000008084f4        0x0 ../Lab2_Loop_Audio_bsp/\libhal_bsp.a(alt_icache_flush_all.o)
 .bss           0x00000000008084f4        0x0 ../Lab2_Loop_Audio_bsp/\libhal_bsp.a(alt_io_redirect.o)
 .bss           0x00000000008084f4        0x0 ../Lab2_Loop_Audio_bsp/\libhal_bsp.a(alt_irq_register.o)
 .bss           0x00000000008084f4        0x0 ../Lab2_Loop_Audio_bsp/\libhal_bsp.a(alt_irq_vars.o)
 .bss           0x00000000008084f4        0x0 ../Lab2_Loop_Audio_bsp/\libhal_bsp.a(alt_open.o)
 .bss           0x00000000008084f4        0x0 ../Lab2_Loop_Audio_bsp/\libhal_bsp.a(alt_release_fd.o)
 .bss           0x00000000008084f4        0x0 ../Lab2_Loop_Audio_bsp/\libhal_bsp.a(alt_tick.o)
 .bss           0x00000000008084f4        0x0 ../Lab2_Loop_Audio_bsp/\libhal_bsp.a(alt_usleep.o)
 .bss           0x00000000008084f4        0x0 ../Lab2_Loop_Audio_bsp/\libhal_bsp.a(altera_nios2_gen2_irq.o)
 .bss           0x00000000008084f4        0x0 ../Lab2_Loop_Audio_bsp/\libhal_bsp.a(alt_busy_sleep.o)
 .bss           0x00000000008084f4        0x0 ../Lab2_Loop_Audio_bsp/\libhal_bsp.a(alt_find_file.o)
 .bss           0x00000000008084f4        0x0 ../Lab2_Loop_Audio_bsp/\libhal_bsp.a(alt_get_fd.o)
 .bss           0x00000000008084f4        0x0 ../Lab2_Loop_Audio_bsp/\libhal_bsp.a(alt_icache_flush.o)
 .bss           0x00000000008084f4        0x0 ../Lab2_Loop_Audio_bsp/\libhal_bsp.a(alt_irq_entry.o)
 .bss           0x00000000008084f4        0x0 ../Lab2_Loop_Audio_bsp/\libhal_bsp.a(alt_irq_handler.o)
 .bss           0x00000000008084f4        0x0 ../Lab2_Loop_Audio_bsp/\libhal_bsp.a(alt_exception_entry.o)
 .bss           0x00000000008084f4        0x0 ../Lab2_Loop_Audio_bsp/\libhal_bsp.a(alt_instruction_exception_entry.o)
 .bss           0x00000000008084f4        0x0 c:/software/altera/18.1/nios2eds/bin/gnu/h-x86_64-mingw32/bin/../lib/gcc/nios2-elf/5.3.0/../../../../../H-x86_64-mingw32/nios2-elf/lib\libc.a(lib_a-atexit.o)
 .bss           0x00000000008084f4        0x0 c:/software/altera/18.1/nios2eds/bin/gnu/h-x86_64-mingw32/bin/../lib/gcc/nios2-elf/5.3.0/../../../../../H-x86_64-mingw32/nios2-elf/lib\libc.a(lib_a-ctype_.o)
 .bss           0x00000000008084f4        0x0 c:/software/altera/18.1/nios2eds/bin/gnu/h-x86_64-mingw32/bin/../lib/gcc/nios2-elf/5.3.0/../../../../../H-x86_64-mingw32/nios2-elf/lib\libc.a(lib_a-exit.o)
 .bss           0x00000000008084f4        0x0 c:/software/altera/18.1/nios2eds/bin/gnu/h-x86_64-mingw32/bin/../lib/gcc/nios2-elf/5.3.0/../../../../../H-x86_64-mingw32/nios2-elf/lib\libc.a(lib_a-impure.o)
 .bss           0x00000000008084f4        0x0 c:/software/altera/18.1/nios2eds/bin/gnu/h-x86_64-mingw32/bin/../lib/gcc/nios2-elf/5.3.0/../../../../../H-x86_64-mingw32/nios2-elf/lib\libc.a(lib_a-int_errno.o)
 .bss           0x00000000008084f4        0x0 c:/software/altera/18.1/nios2eds/bin/gnu/h-x86_64-mingw32/bin/../lib/gcc/nios2-elf/5.3.0/../../../../../H-x86_64-mingw32/nios2-elf/lib\libc.a(lib_a-memcmp.o)
 .bss           0x00000000008084f4        0x0 c:/software/altera/18.1/nios2eds/bin/gnu/h-x86_64-mingw32/bin/../lib/gcc/nios2-elf/5.3.0/../../../../../H-x86_64-mingw32/nios2-elf/lib\libc.a(lib_a-memcpy.o)
 .bss           0x00000000008084f4        0x0 c:/software/altera/18.1/nios2eds/bin/gnu/h-x86_64-mingw32/bin/../lib/gcc/nios2-elf/5.3.0/../../../../../H-x86_64-mingw32/nios2-elf/lib\libc.a(lib_a-memset.o)
 .bss           0x00000000008084f4        0x0 c:/software/altera/18.1/nios2eds/bin/gnu/h-x86_64-mingw32/bin/../lib/gcc/nios2-elf/5.3.0/../../../../../H-x86_64-mingw32/nios2-elf/lib\libc.a(lib_a-putc.o)
 .bss           0x00000000008084f4        0x0 c:/software/altera/18.1/nios2eds/bin/gnu/h-x86_64-mingw32/bin/../lib/gcc/nios2-elf/5.3.0/../../../../../H-x86_64-mingw32/nios2-elf/lib\libc.a(lib_a-strlen.o)
 .bss           0x00000000008084f4        0x0 c:/software/altera/18.1/nios2eds/bin/gnu/h-x86_64-mingw32/bin/../lib/gcc/nios2-elf/5.3.0/../../../../../H-x86_64-mingw32/nios2-elf/lib\libc.a(lib_a-wbuf.o)
 .bss           0x00000000008084f4        0x0 c:/software/altera/18.1/nios2eds/bin/gnu/h-x86_64-mingw32/bin/../lib/gcc/nios2-elf/5.3.0/../../../../../H-x86_64-mingw32/nios2-elf/lib\libc.a(lib_a-wsetup.o)
 .bss           0x00000000008084f4        0x0 c:/software/altera/18.1/nios2eds/bin/gnu/h-x86_64-mingw32/bin/../lib/gcc/nios2-elf/5.3.0/../../../../../H-x86_64-mingw32/nios2-elf/lib\libc.a(lib_a-__atexit.o)
 .bss           0x00000000008084f4        0x0 c:/software/altera/18.1/nios2eds/bin/gnu/h-x86_64-mingw32/bin/../lib/gcc/nios2-elf/5.3.0/../../../../../H-x86_64-mingw32/nios2-elf/lib\libc.a(lib_a-__call_atexit.o)
 .bss           0x00000000008084f4        0x0 c:/software/altera/18.1/nios2eds/bin/gnu/h-x86_64-mingw32/bin/../lib/gcc/nios2-elf/5.3.0/../../../../../H-x86_64-mingw32/nios2-elf/lib\libc.a(lib_a-fflush.o)
 .bss           0x00000000008084f4        0x0 c:/software/altera/18.1/nios2eds/bin/gnu/h-x86_64-mingw32/bin/../lib/gcc/nios2-elf/5.3.0/../../../../../H-x86_64-mingw32/nios2-elf/lib\libc.a(lib_a-findfp.o)
 .bss           0x00000000008084f4        0x0 c:/software/altera/18.1/nios2eds/bin/gnu/h-x86_64-mingw32/bin/../lib/gcc/nios2-elf/5.3.0/../../../../../H-x86_64-mingw32/nios2-elf/lib\libc.a(lib_a-freer.o)
 .bss           0x00000000008084f4        0x0 c:/software/altera/18.1/nios2eds/bin/gnu/h-x86_64-mingw32/bin/../lib/gcc/nios2-elf/5.3.0/../../../../../H-x86_64-mingw32/nios2-elf/lib\libc.a(lib_a-fwalk.o)
 .bss           0x00000000008084f4        0x0 c:/software/altera/18.1/nios2eds/bin/gnu/h-x86_64-mingw32/bin/../lib/gcc/nios2-elf/5.3.0/../../../../../H-x86_64-mingw32/nios2-elf/lib\libc.a(lib_a-makebuf.o)
 .bss           0x00000000008084f4        0x0 c:/software/altera/18.1/nios2eds/bin/gnu/h-x86_64-mingw32/bin/../lib/gcc/nios2-elf/5.3.0/../../../../../H-x86_64-mingw32/nios2-elf/lib\libc.a(lib_a-mallocr.o)
 .bss.__malloc_current_mallinfo
                0x00000000008084f4       0x28 c:/software/altera/18.1/nios2eds/bin/gnu/h-x86_64-mingw32/bin/../lib/gcc/nios2-elf/5.3.0/../../../../../H-x86_64-mingw32/nios2-elf/lib\libc.a(lib_a-mallocr.o)
                0x00000000008084f4                __malloc_current_mallinfo
 .bss           0x000000000080851c        0x0 c:/software/altera/18.1/nios2eds/bin/gnu/h-x86_64-mingw32/bin/../lib/gcc/nios2-elf/5.3.0/../../../../../H-x86_64-mingw32/nios2-elf/lib\libc.a(lib_a-sbrkr.o)
 .bss           0x000000000080851c        0x0 c:/software/altera/18.1/nios2eds/bin/gnu/h-x86_64-mingw32/bin/../lib/gcc/nios2-elf/5.3.0/../../../../../H-x86_64-mingw32/nios2-elf/lib\libc.a(lib_a-stdio.o)
 .bss           0x000000000080851c        0x0 c:/software/altera/18.1/nios2eds/bin/gnu/h-x86_64-mingw32/bin/../lib/gcc/nios2-elf/5.3.0/../../../../../H-x86_64-mingw32/nios2-elf/lib\libc.a(lib_a-writer.o)
 .bss           0x000000000080851c        0x0 c:/software/altera/18.1/nios2eds/bin/gnu/h-x86_64-mingw32/bin/../lib/gcc/nios2-elf/5.3.0/../../../../../H-x86_64-mingw32/nios2-elf/lib\libc.a(closer.o)
 .bss           0x000000000080851c        0x0 c:/software/altera/18.1/nios2eds/bin/gnu/h-x86_64-mingw32/bin/../lib/gcc/nios2-elf/5.3.0/../../../../../H-x86_64-mingw32/nios2-elf/lib\libc.a(lib_a-fclose.o)
 .bss           0x000000000080851c        0x0 c:/software/altera/18.1/nios2eds/bin/gnu/h-x86_64-mingw32/bin/../lib/gcc/nios2-elf/5.3.0/../../../../../H-x86_64-mingw32/nios2-elf/lib\libc.a(lib_a-fstatr.o)
 .bss           0x000000000080851c        0x0 c:/software/altera/18.1/nios2eds/bin/gnu/h-x86_64-mingw32/bin/../lib/gcc/nios2-elf/5.3.0/../../../../../H-x86_64-mingw32/nios2-elf/lib\libc.a(lib_a-isattyr.o)
 .bss           0x000000000080851c        0x0 c:/software/altera/18.1/nios2eds/bin/gnu/h-x86_64-mingw32/bin/../lib/gcc/nios2-elf/5.3.0/../../../../../H-x86_64-mingw32/nios2-elf/lib\libc.a(lib_a-lseekr.o)
 .bss           0x000000000080851c        0x0 c:/software/altera/18.1/nios2eds/bin/gnu/h-x86_64-mingw32/bin/../lib/gcc/nios2-elf/5.3.0/../../../../../H-x86_64-mingw32/nios2-elf/lib\libc.a(lib_a-readr.o)
 .bss           0x000000000080851c        0x0 c:/software/altera/18.1/nios2eds/bin/gnu/h-x86_64-mingw32/bin/../lib/gcc/nios2-elf/5.3.0\libgcc.a(lib2-divmod.o)
 .bss           0x000000000080851c        0x0 ../Lab2_Loop_Audio_bsp/\libhal_bsp.a(alt_exit.o)
 .bss           0x000000000080851c        0x0 ../Lab2_Loop_Audio_bsp/\libhal_bsp.a(alt_fstat.o)
 .bss           0x000000000080851c        0x0 ../Lab2_Loop_Audio_bsp/\libhal_bsp.a(alt_isatty.o)
 .bss           0x000000000080851c        0x0 ../Lab2_Loop_Audio_bsp/\libhal_bsp.a(alt_lseek.o)
 .bss           0x000000000080851c        0x0 ../Lab2_Loop_Audio_bsp/\libhal_bsp.a(alt_malloc_lock.o)
 .bss           0x000000000080851c        0x0 ../Lab2_Loop_Audio_bsp/\libhal_bsp.a(alt_read.o)
 .bss           0x000000000080851c        0x0 ../Lab2_Loop_Audio_bsp/\libhal_bsp.a(alt_sbrk.o)
 .bss           0x000000000080851c        0x0 ../Lab2_Loop_Audio_bsp/\libhal_bsp.a(alt_write.o)
 *(COMMON)
 COMMON         0x000000000080851c      0x100 ../Lab2_Loop_Audio_bsp/\libhal_bsp.a(alt_irq_handler.o)
                0x000000000080851c                alt_irq
                0x000000000080861c                . = ALIGN (0x4)
                0x000000000080861c                __bss_end = ABSOLUTE (.)

.sdram_0        0x000000000080861c        0x0
                [!provide]                        PROVIDE (_alt_partition_sdram_0_start, ABSOLUTE (.))
 *(.sdram_0 .sdram_0. sdram_0.*)
                0x000000000080861c                . = ALIGN (0x4)
                [!provide]                        PROVIDE (_alt_partition_sdram_0_end, ABSOLUTE (.))
                0x000000000080861c                _end = ABSOLUTE (.)
                0x000000000080861c                end = ABSOLUTE (.)
                0x000000000080861c                __alt_stack_base = ABSOLUTE (.)
                [!provide]                        PROVIDE (_alt_partition_sdram_0_load_addr, LOADADDR (.sdram_0))

.stab
 *(.stab)

.stabstr
 *(.stabstr)

.stab.excl
 *(.stab.excl)

.stab.exclstr
 *(.stab.exclstr)

.stab.index
 *(.stab.index)

.stab.indexstr
 *(.stab.indexstr)

.comment        0x0000000000000000       0x23
 *(.comment)
 .comment       0x0000000000000000       0x23 obj/default/hello_world.o
                                         0x24 (size before relaxing)
 .comment       0x0000000000000023       0x24 ../Lab2_Loop_Audio_bsp/\libhal_bsp.a(alt_load.o)
 .comment       0x0000000000000023       0x24 ../Lab2_Loop_Audio_bsp/\libhal_bsp.a(alt_main.o)
 .comment       0x0000000000000023       0x24 ../Lab2_Loop_Audio_bsp/\libhal_bsp.a(alt_printf.o)
 .comment       0x0000000000000023       0x24 ../Lab2_Loop_Audio_bsp/\libhal_bsp.a(alt_putchar.o)
 .comment       0x0000000000000023       0x24 ../Lab2_Loop_Audio_bsp/\libhal_bsp.a(alt_sys_init.o)
 .comment       0x0000000000000023       0x24 ../Lab2_Loop_Audio_bsp/\libhal_bsp.a(altera_avalon_jtag_uart_fd.o)
 .comment       0x0000000000000023       0x24 ../Lab2_Loop_Audio_bsp/\libhal_bsp.a(altera_avalon_jtag_uart_read.o)
 .comment       0x0000000000000023       0x24 ../Lab2_Loop_Audio_bsp/\libhal_bsp.a(altera_avalon_jtag_uart_write.o)
 .comment       0x0000000000000023       0x24 ../Lab2_Loop_Audio_bsp/\libhal_bsp.a(altera_avalon_lcd_16207.o)
 .comment       0x0000000000000023       0x24 ../Lab2_Loop_Audio_bsp/\libhal_bsp.a(altera_avalon_lcd_16207_fd.o)
 .comment       0x0000000000000023       0x24 ../Lab2_Loop_Audio_bsp/\libhal_bsp.a(altera_avalon_timer_sc.o)
 .comment       0x0000000000000023       0x24 ../Lab2_Loop_Audio_bsp/\libhal_bsp.a(altera_avalon_uart_fd.o)
 .comment       0x0000000000000023       0x24 ../Lab2_Loop_Audio_bsp/\libhal_bsp.a(altera_avalon_uart_init.o)
 .comment       0x0000000000000023       0x24 ../Lab2_Loop_Audio_bsp/\libhal_bsp.a(altera_avalon_uart_read.o)
 .comment       0x0000000000000023       0x24 ../Lab2_Loop_Audio_bsp/\libhal_bsp.a(altera_avalon_uart_write.o)
 .comment       0x0000000000000023       0x24 ../Lab2_Loop_Audio_bsp/\libhal_bsp.a(altera_up_avalon_audio.o)
 .comment       0x0000000000000023       0x24 ../Lab2_Loop_Audio_bsp/\libhal_bsp.a(alt_alarm_start.o)
 .comment       0x0000000000000023       0x24 ../Lab2_Loop_Audio_bsp/\libhal_bsp.a(alt_close.o)
 .comment       0x0000000000000023       0x24 ../Lab2_Loop_Audio_bsp/\libhal_bsp.a(alt_dcache_flush_all.o)
 .comment       0x0000000000000023       0x24 ../Lab2_Loop_Audio_bsp/\libhal_bsp.a(alt_dev.o)
 .comment       0x0000000000000023       0x24 ../Lab2_Loop_Audio_bsp/\libhal_bsp.a(alt_dev_llist_insert.o)
 .comment       0x0000000000000023       0x24 ../Lab2_Loop_Audio_bsp/\libhal_bsp.a(alt_do_ctors.o)
 .comment       0x0000000000000023       0x24 ../Lab2_Loop_Audio_bsp/\libhal_bsp.a(alt_do_dtors.o)
 .comment       0x0000000000000023       0x24 ../Lab2_Loop_Audio_bsp/\libhal_bsp.a(alt_errno.o)
 .comment       0x0000000000000023       0x24 ../Lab2_Loop_Audio_bsp/\libhal_bsp.a(alt_find_dev.o)
 .comment       0x0000000000000023       0x24 ../Lab2_Loop_Audio_bsp/\libhal_bsp.a(alt_icache_flush_all.o)
 .comment       0x0000000000000023       0x24 ../Lab2_Loop_Audio_bsp/\libhal_bsp.a(alt_io_redirect.o)
 .comment       0x0000000000000023       0x24 ../Lab2_Loop_Audio_bsp/\libhal_bsp.a(alt_irq_register.o)
 .comment       0x0000000000000023       0x24 ../Lab2_Loop_Audio_bsp/\libhal_bsp.a(alt_irq_vars.o)
 .comment       0x0000000000000023       0x24 ../Lab2_Loop_Audio_bsp/\libhal_bsp.a(alt_open.o)
 .comment       0x0000000000000023       0x24 ../Lab2_Loop_Audio_bsp/\libhal_bsp.a(alt_release_fd.o)
 .comment       0x0000000000000023       0x24 ../Lab2_Loop_Audio_bsp/\libhal_bsp.a(alt_tick.o)
 .comment       0x0000000000000023       0x24 ../Lab2_Loop_Audio_bsp/\libhal_bsp.a(alt_usleep.o)
 .comment       0x0000000000000023       0x24 ../Lab2_Loop_Audio_bsp/\libhal_bsp.a(altera_nios2_gen2_irq.o)
 .comment       0x0000000000000023       0x24 ../Lab2_Loop_Audio_bsp/\libhal_bsp.a(alt_busy_sleep.o)
 .comment       0x0000000000000023       0x24 ../Lab2_Loop_Audio_bsp/\libhal_bsp.a(alt_find_file.o)
 .comment       0x0000000000000023       0x24 ../Lab2_Loop_Audio_bsp/\libhal_bsp.a(alt_get_fd.o)
 .comment       0x0000000000000023       0x24 ../Lab2_Loop_Audio_bsp/\libhal_bsp.a(alt_icache_flush.o)
 .comment       0x0000000000000023       0x24 ../Lab2_Loop_Audio_bsp/\libhal_bsp.a(alt_irq_handler.o)
 .comment       0x0000000000000023       0x24 ../Lab2_Loop_Audio_bsp/\libhal_bsp.a(alt_instruction_exception_entry.o)
 .comment       0x0000000000000023       0x24 c:/software/altera/18.1/nios2eds/bin/gnu/h-x86_64-mingw32/bin/../lib/gcc/nios2-elf/5.3.0/../../../../../H-x86_64-mingw32/nios2-elf/lib\libc.a(lib_a-atexit.o)
 .comment       0x0000000000000023       0x24 c:/software/altera/18.1/nios2eds/bin/gnu/h-x86_64-mingw32/bin/../lib/gcc/nios2-elf/5.3.0/../../../../../H-x86_64-mingw32/nios2-elf/lib\libc.a(lib_a-ctype_.o)
 .comment       0x0000000000000023       0x24 c:/software/altera/18.1/nios2eds/bin/gnu/h-x86_64-mingw32/bin/../lib/gcc/nios2-elf/5.3.0/../../../../../H-x86_64-mingw32/nios2-elf/lib\libc.a(lib_a-exit.o)
 .comment       0x0000000000000023       0x24 c:/software/altera/18.1/nios2eds/bin/gnu/h-x86_64-mingw32/bin/../lib/gcc/nios2-elf/5.3.0/../../../../../H-x86_64-mingw32/nios2-elf/lib\libc.a(lib_a-impure.o)
 .comment       0x0000000000000023       0x24 c:/software/altera/18.1/nios2eds/bin/gnu/h-x86_64-mingw32/bin/../lib/gcc/nios2-elf/5.3.0/../../../../../H-x86_64-mingw32/nios2-elf/lib\libc.a(lib_a-int_errno.o)
 .comment       0x0000000000000023       0x24 c:/software/altera/18.1/nios2eds/bin/gnu/h-x86_64-mingw32/bin/../lib/gcc/nios2-elf/5.3.0/../../../../../H-x86_64-mingw32/nios2-elf/lib\libc.a(lib_a-memcmp.o)
 .comment       0x0000000000000023       0x24 c:/software/altera/18.1/nios2eds/bin/gnu/h-x86_64-mingw32/bin/../lib/gcc/nios2-elf/5.3.0/../../../../../H-x86_64-mingw32/nios2-elf/lib\libc.a(lib_a-memcpy.o)
 .comment       0x0000000000000023       0x24 c:/software/altera/18.1/nios2eds/bin/gnu/h-x86_64-mingw32/bin/../lib/gcc/nios2-elf/5.3.0/../../../../../H-x86_64-mingw32/nios2-elf/lib\libc.a(lib_a-memset.o)
 .comment       0x0000000000000023       0x24 c:/software/altera/18.1/nios2eds/bin/gnu/h-x86_64-mingw32/bin/../lib/gcc/nios2-elf/5.3.0/../../../../../H-x86_64-mingw32/nios2-elf/lib\libc.a(lib_a-putc.o)
 .comment       0x0000000000000023       0x24 c:/software/altera/18.1/nios2eds/bin/gnu/h-x86_64-mingw32/bin/../lib/gcc/nios2-elf/5.3.0/../../../../../H-x86_64-mingw32/nios2-elf/lib\libc.a(lib_a-strlen.o)
 .comment       0x0000000000000023       0x24 c:/software/altera/18.1/nios2eds/bin/gnu/h-x86_64-mingw32/bin/../lib/gcc/nios2-elf/5.3.0/../../../../../H-x86_64-mingw32/nios2-elf/lib\libc.a(lib_a-wbuf.o)
 .comment       0x0000000000000023       0x24 c:/software/altera/18.1/nios2eds/bin/gnu/h-x86_64-mingw32/bin/../lib/gcc/nios2-elf/5.3.0/../../../../../H-x86_64-mingw32/nios2-elf/lib\libc.a(lib_a-wsetup.o)
 .comment       0x0000000000000023       0x24 c:/software/altera/18.1/nios2eds/bin/gnu/h-x86_64-mingw32/bin/../lib/gcc/nios2-elf/5.3.0/../../../../../H-x86_64-mingw32/nios2-elf/lib\libc.a(lib_a-__atexit.o)
 .comment       0x0000000000000023       0x24 c:/software/altera/18.1/nios2eds/bin/gnu/h-x86_64-mingw32/bin/../lib/gcc/nios2-elf/5.3.0/../../../../../H-x86_64-mingw32/nios2-elf/lib\libc.a(lib_a-__call_atexit.o)
 .comment       0x0000000000000023       0x24 c:/software/altera/18.1/nios2eds/bin/gnu/h-x86_64-mingw32/bin/../lib/gcc/nios2-elf/5.3.0/../../../../../H-x86_64-mingw32/nios2-elf/lib\libc.a(lib_a-fflush.o)
 .comment       0x0000000000000023       0x24 c:/software/altera/18.1/nios2eds/bin/gnu/h-x86_64-mingw32/bin/../lib/gcc/nios2-elf/5.3.0/../../../../../H-x86_64-mingw32/nios2-elf/lib\libc.a(lib_a-findfp.o)
 .comment       0x0000000000000023       0x24 c:/software/altera/18.1/nios2eds/bin/gnu/h-x86_64-mingw32/bin/../lib/gcc/nios2-elf/5.3.0/../../../../../H-x86_64-mingw32/nios2-elf/lib\libc.a(lib_a-freer.o)
 .comment       0x0000000000000023       0x24 c:/software/altera/18.1/nios2eds/bin/gnu/h-x86_64-mingw32/bin/../lib/gcc/nios2-elf/5.3.0/../../../../../H-x86_64-mingw32/nios2-elf/lib\libc.a(lib_a-fwalk.o)
 .comment       0x0000000000000023       0x24 c:/software/altera/18.1/nios2eds/bin/gnu/h-x86_64-mingw32/bin/../lib/gcc/nios2-elf/5.3.0/../../../../../H-x86_64-mingw32/nios2-elf/lib\libc.a(lib_a-makebuf.o)
 .comment       0x0000000000000023       0x24 c:/software/altera/18.1/nios2eds/bin/gnu/h-x86_64-mingw32/bin/../lib/gcc/nios2-elf/5.3.0/../../../../../H-x86_64-mingw32/nios2-elf/lib\libc.a(lib_a-mallocr.o)
 .comment       0x0000000000000023       0x24 c:/software/altera/18.1/nios2eds/bin/gnu/h-x86_64-mingw32/bin/../lib/gcc/nios2-elf/5.3.0/../../../../../H-x86_64-mingw32/nios2-elf/lib\libc.a(lib_a-sbrkr.o)
 .comment       0x0000000000000023       0x24 c:/software/altera/18.1/nios2eds/bin/gnu/h-x86_64-mingw32/bin/../lib/gcc/nios2-elf/5.3.0/../../../../../H-x86_64-mingw32/nios2-elf/lib\libc.a(lib_a-stdio.o)
 .comment       0x0000000000000023       0x24 c:/software/altera/18.1/nios2eds/bin/gnu/h-x86_64-mingw32/bin/../lib/gcc/nios2-elf/5.3.0/../../../../../H-x86_64-mingw32/nios2-elf/lib\libc.a(lib_a-writer.o)
 .comment       0x0000000000000023       0x24 c:/software/altera/18.1/nios2eds/bin/gnu/h-x86_64-mingw32/bin/../lib/gcc/nios2-elf/5.3.0/../../../../../H-x86_64-mingw32/nios2-elf/lib\libc.a(closer.o)
 .comment       0x0000000000000023       0x24 c:/software/altera/18.1/nios2eds/bin/gnu/h-x86_64-mingw32/bin/../lib/gcc/nios2-elf/5.3.0/../../../../../H-x86_64-mingw32/nios2-elf/lib\libc.a(lib_a-fclose.o)
 .comment       0x0000000000000023       0x24 c:/software/altera/18.1/nios2eds/bin/gnu/h-x86_64-mingw32/bin/../lib/gcc/nios2-elf/5.3.0/../../../../../H-x86_64-mingw32/nios2-elf/lib\libc.a(lib_a-fstatr.o)
 .comment       0x0000000000000023       0x24 c:/software/altera/18.1/nios2eds/bin/gnu/h-x86_64-mingw32/bin/../lib/gcc/nios2-elf/5.3.0/../../../../../H-x86_64-mingw32/nios2-elf/lib\libc.a(lib_a-isattyr.o)
 .comment       0x0000000000000023       0x24 c:/software/altera/18.1/nios2eds/bin/gnu/h-x86_64-mingw32/bin/../lib/gcc/nios2-elf/5.3.0/../../../../../H-x86_64-mingw32/nios2-elf/lib\libc.a(lib_a-lseekr.o)
 .comment       0x0000000000000023       0x24 c:/software/altera/18.1/nios2eds/bin/gnu/h-x86_64-mingw32/bin/../lib/gcc/nios2-elf/5.3.0/../../../../../H-x86_64-mingw32/nios2-elf/lib\libc.a(lib_a-readr.o)
 .comment       0x0000000000000023       0x24 c:/software/altera/18.1/nios2eds/bin/gnu/h-x86_64-mingw32/bin/../lib/gcc/nios2-elf/5.3.0\libgcc.a(lib2-divmod.o)
 .comment       0x0000000000000023       0x24 ../Lab2_Loop_Audio_bsp/\libhal_bsp.a(alt_exit.o)
 .comment       0x0000000000000023       0x24 ../Lab2_Loop_Audio_bsp/\libhal_bsp.a(alt_fstat.o)
 .comment       0x0000000000000023       0x24 ../Lab2_Loop_Audio_bsp/\libhal_bsp.a(alt_isatty.o)
 .comment       0x0000000000000023       0x24 ../Lab2_Loop_Audio_bsp/\libhal_bsp.a(alt_lseek.o)
 .comment       0x0000000000000023       0x24 ../Lab2_Loop_Audio_bsp/\libhal_bsp.a(alt_malloc_lock.o)
 .comment       0x0000000000000023       0x24 ../Lab2_Loop_Audio_bsp/\libhal_bsp.a(alt_read.o)
 .comment       0x0000000000000023       0x24 ../Lab2_Loop_Audio_bsp/\libhal_bsp.a(alt_sbrk.o)
 .comment       0x0000000000000023       0x24 ../Lab2_Loop_Audio_bsp/\libhal_bsp.a(alt_write.o)

.debug
 *(.debug)

.line
 *(.line)

.debug_srcinfo
 *(.debug_srcinfo)

.debug_sfnames
 *(.debug_sfnames)

.debug_aranges  0x0000000000000000      0xaf0
 *(.debug_aranges)
 .debug_aranges
                0x0000000000000000       0x28 ../Lab2_Loop_Audio_bsp//obj/HAL/src/crt0.o
 .debug_aranges
                0x0000000000000028       0x20 obj/default/hello_world.o
 .debug_aranges
                0x0000000000000048       0x20 ../Lab2_Loop_Audio_bsp/\libhal_bsp.a(alt_load.o)
 .debug_aranges
                0x0000000000000068       0x20 ../Lab2_Loop_Audio_bsp/\libhal_bsp.a(alt_main.o)
 .debug_aranges
                0x0000000000000088       0x20 ../Lab2_Loop_Audio_bsp/\libhal_bsp.a(alt_printf.o)
 .debug_aranges
                0x00000000000000a8       0x20 ../Lab2_Loop_Audio_bsp/\libhal_bsp.a(alt_putchar.o)
 .debug_aranges
                0x00000000000000c8       0x20 ../Lab2_Loop_Audio_bsp/\libhal_bsp.a(alt_sys_init.o)
 .debug_aranges
                0x00000000000000e8       0x20 ../Lab2_Loop_Audio_bsp/\libhal_bsp.a(altera_avalon_jtag_uart_fd.o)
 .debug_aranges
                0x0000000000000108       0x20 ../Lab2_Loop_Audio_bsp/\libhal_bsp.a(altera_avalon_jtag_uart_read.o)
 .debug_aranges
                0x0000000000000128       0x20 ../Lab2_Loop_Audio_bsp/\libhal_bsp.a(altera_avalon_jtag_uart_write.o)
 .debug_aranges
                0x0000000000000148       0x20 ../Lab2_Loop_Audio_bsp/\libhal_bsp.a(altera_avalon_lcd_16207.o)
 .debug_aranges
                0x0000000000000168       0x20 ../Lab2_Loop_Audio_bsp/\libhal_bsp.a(altera_avalon_lcd_16207_fd.o)
 .debug_aranges
                0x0000000000000188       0x20 ../Lab2_Loop_Audio_bsp/\libhal_bsp.a(altera_avalon_timer_sc.o)
 .debug_aranges
                0x00000000000001a8       0x20 ../Lab2_Loop_Audio_bsp/\libhal_bsp.a(altera_avalon_uart_fd.o)
 .debug_aranges
                0x00000000000001c8       0x20 ../Lab2_Loop_Audio_bsp/\libhal_bsp.a(altera_avalon_uart_init.o)
 .debug_aranges
                0x00000000000001e8       0x20 ../Lab2_Loop_Audio_bsp/\libhal_bsp.a(altera_avalon_uart_read.o)
 .debug_aranges
                0x0000000000000208       0x20 ../Lab2_Loop_Audio_bsp/\libhal_bsp.a(altera_avalon_uart_write.o)
 .debug_aranges
                0x0000000000000228       0x20 ../Lab2_Loop_Audio_bsp/\libhal_bsp.a(altera_up_avalon_audio.o)
 .debug_aranges
                0x0000000000000248       0x20 ../Lab2_Loop_Audio_bsp/\libhal_bsp.a(alt_alarm_start.o)
 .debug_aranges
                0x0000000000000268       0x20 ../Lab2_Loop_Audio_bsp/\libhal_bsp.a(alt_close.o)
 .debug_aranges
                0x0000000000000288       0x20 ../Lab2_Loop_Audio_bsp/\libhal_bsp.a(alt_dcache_flush_all.o)
 .debug_aranges
                0x00000000000002a8       0x20 ../Lab2_Loop_Audio_bsp/\libhal_bsp.a(alt_dev.o)
 .debug_aranges
                0x00000000000002c8       0x20 ../Lab2_Loop_Audio_bsp/\libhal_bsp.a(alt_dev_llist_insert.o)
 .debug_aranges
                0x00000000000002e8       0x20 ../Lab2_Loop_Audio_bsp/\libhal_bsp.a(alt_do_ctors.o)
 .debug_aranges
                0x0000000000000308       0x20 ../Lab2_Loop_Audio_bsp/\libhal_bsp.a(alt_do_dtors.o)
 .debug_aranges
                0x0000000000000328       0x18 ../Lab2_Loop_Audio_bsp/\libhal_bsp.a(alt_errno.o)
 .debug_aranges
                0x0000000000000340       0x20 ../Lab2_Loop_Audio_bsp/\libhal_bsp.a(alt_find_dev.o)
 .debug_aranges
                0x0000000000000360       0x20 ../Lab2_Loop_Audio_bsp/\libhal_bsp.a(alt_icache_flush_all.o)
 .debug_aranges
                0x0000000000000380       0x20 ../Lab2_Loop_Audio_bsp/\libhal_bsp.a(alt_io_redirect.o)
 .debug_aranges
                0x00000000000003a0       0x20 ../Lab2_Loop_Audio_bsp/\libhal_bsp.a(alt_irq_register.o)
 .debug_aranges
                0x00000000000003c0       0x18 ../Lab2_Loop_Audio_bsp/\libhal_bsp.a(alt_irq_vars.o)
 .debug_aranges
                0x00000000000003d8       0x20 ../Lab2_Loop_Audio_bsp/\libhal_bsp.a(alt_open.o)
 .debug_aranges
                0x00000000000003f8       0x20 ../Lab2_Loop_Audio_bsp/\libhal_bsp.a(alt_release_fd.o)
 .debug_aranges
                0x0000000000000418       0x20 ../Lab2_Loop_Audio_bsp/\libhal_bsp.a(alt_tick.o)
 .debug_aranges
                0x0000000000000438       0x20 ../Lab2_Loop_Audio_bsp/\libhal_bsp.a(alt_usleep.o)
 .debug_aranges
                0x0000000000000458       0x20 ../Lab2_Loop_Audio_bsp/\libhal_bsp.a(altera_nios2_gen2_irq.o)
 .debug_aranges
                0x0000000000000478       0x20 ../Lab2_Loop_Audio_bsp/\libhal_bsp.a(alt_busy_sleep.o)
 .debug_aranges
                0x0000000000000498       0x20 ../Lab2_Loop_Audio_bsp/\libhal_bsp.a(alt_find_file.o)
 .debug_aranges
                0x00000000000004b8       0x20 ../Lab2_Loop_Audio_bsp/\libhal_bsp.a(alt_get_fd.o)
 .debug_aranges
                0x00000000000004d8       0x20 ../Lab2_Loop_Audio_bsp/\libhal_bsp.a(alt_icache_flush.o)
 .debug_aranges
                0x00000000000004f8       0x30 ../Lab2_Loop_Audio_bsp/\libhal_bsp.a(alt_irq_entry.o)
 .debug_aranges
                0x0000000000000528       0x20 ../Lab2_Loop_Audio_bsp/\libhal_bsp.a(alt_irq_handler.o)
 .debug_aranges
                0x0000000000000548       0x38 ../Lab2_Loop_Audio_bsp/\libhal_bsp.a(alt_exception_entry.o)
 .debug_aranges
                0x0000000000000580       0x28 ../Lab2_Loop_Audio_bsp/\libhal_bsp.a(alt_instruction_exception_entry.o)
 .debug_aranges
                0x00000000000005a8       0x20 c:/software/altera/18.1/nios2eds/bin/gnu/h-x86_64-mingw32/bin/../lib/gcc/nios2-elf/5.3.0/../../../../../H-x86_64-mingw32/nios2-elf/lib\libc.a(lib_a-atexit.o)
 .debug_aranges
                0x00000000000005c8       0x18 c:/software/altera/18.1/nios2eds/bin/gnu/h-x86_64-mingw32/bin/../lib/gcc/nios2-elf/5.3.0/../../../../../H-x86_64-mingw32/nios2-elf/lib\libc.a(lib_a-ctype_.o)
 .debug_aranges
                0x00000000000005e0       0x20 c:/software/altera/18.1/nios2eds/bin/gnu/h-x86_64-mingw32/bin/../lib/gcc/nios2-elf/5.3.0/../../../../../H-x86_64-mingw32/nios2-elf/lib\libc.a(lib_a-exit.o)
 .debug_aranges
                0x0000000000000600       0x18 c:/software/altera/18.1/nios2eds/bin/gnu/h-x86_64-mingw32/bin/../lib/gcc/nios2-elf/5.3.0/../../../../../H-x86_64-mingw32/nios2-elf/lib\libc.a(lib_a-impure.o)
 .debug_aranges
                0x0000000000000618       0x18 c:/software/altera/18.1/nios2eds/bin/gnu/h-x86_64-mingw32/bin/../lib/gcc/nios2-elf/5.3.0/../../../../../H-x86_64-mingw32/nios2-elf/lib\libc.a(lib_a-int_errno.o)
 .debug_aranges
                0x0000000000000630       0x20 c:/software/altera/18.1/nios2eds/bin/gnu/h-x86_64-mingw32/bin/../lib/gcc/nios2-elf/5.3.0/../../../../../H-x86_64-mingw32/nios2-elf/lib\libc.a(lib_a-memcmp.o)
 .debug_aranges
                0x0000000000000650       0x20 c:/software/altera/18.1/nios2eds/bin/gnu/h-x86_64-mingw32/bin/../lib/gcc/nios2-elf/5.3.0/../../../../../H-x86_64-mingw32/nios2-elf/lib\libc.a(lib_a-memcpy.o)
 .debug_aranges
                0x0000000000000670       0x20 c:/software/altera/18.1/nios2eds/bin/gnu/h-x86_64-mingw32/bin/../lib/gcc/nios2-elf/5.3.0/../../../../../H-x86_64-mingw32/nios2-elf/lib\libc.a(lib_a-memset.o)
 .debug_aranges
                0x0000000000000690       0x28 c:/software/altera/18.1/nios2eds/bin/gnu/h-x86_64-mingw32/bin/../lib/gcc/nios2-elf/5.3.0/../../../../../H-x86_64-mingw32/nios2-elf/lib\libc.a(lib_a-putc.o)
 .debug_aranges
                0x00000000000006b8       0x20 c:/software/altera/18.1/nios2eds/bin/gnu/h-x86_64-mingw32/bin/../lib/gcc/nios2-elf/5.3.0/../../../../../H-x86_64-mingw32/nios2-elf/lib\libc.a(lib_a-strlen.o)
 .debug_aranges
                0x00000000000006d8       0x28 c:/software/altera/18.1/nios2eds/bin/gnu/h-x86_64-mingw32/bin/../lib/gcc/nios2-elf/5.3.0/../../../../../H-x86_64-mingw32/nios2-elf/lib\libc.a(lib_a-wbuf.o)
 .debug_aranges
                0x0000000000000700       0x20 c:/software/altera/18.1/nios2eds/bin/gnu/h-x86_64-mingw32/bin/../lib/gcc/nios2-elf/5.3.0/../../../../../H-x86_64-mingw32/nios2-elf/lib\libc.a(lib_a-wsetup.o)
 .debug_aranges
                0x0000000000000720       0x20 c:/software/altera/18.1/nios2eds/bin/gnu/h-x86_64-mingw32/bin/../lib/gcc/nios2-elf/5.3.0/../../../../../H-x86_64-mingw32/nios2-elf/lib\libc.a(lib_a-__atexit.o)
 .debug_aranges
                0x0000000000000740       0x20 c:/software/altera/18.1/nios2eds/bin/gnu/h-x86_64-mingw32/bin/../lib/gcc/nios2-elf/5.3.0/../../../../../H-x86_64-mingw32/nios2-elf/lib\libc.a(lib_a-__call_atexit.o)
 .debug_aranges
                0x0000000000000760       0x30 c:/software/altera/18.1/nios2eds/bin/gnu/h-x86_64-mingw32/bin/../lib/gcc/nios2-elf/5.3.0/../../../../../H-x86_64-mingw32/nios2-elf/lib\libc.a(lib_a-fflush.o)
 .debug_aranges
                0x0000000000000790       0x68 c:/software/altera/18.1/nios2eds/bin/gnu/h-x86_64-mingw32/bin/../lib/gcc/nios2-elf/5.3.0/../../../../../H-x86_64-mingw32/nios2-elf/lib\libc.a(lib_a-findfp.o)
 .debug_aranges
                0x00000000000007f8       0x28 c:/software/altera/18.1/nios2eds/bin/gnu/h-x86_64-mingw32/bin/../lib/gcc/nios2-elf/5.3.0/../../../../../H-x86_64-mingw32/nios2-elf/lib\libc.a(lib_a-freer.o)
 .debug_aranges
                0x0000000000000820       0x28 c:/software/altera/18.1/nios2eds/bin/gnu/h-x86_64-mingw32/bin/../lib/gcc/nios2-elf/5.3.0/../../../../../H-x86_64-mingw32/nios2-elf/lib\libc.a(lib_a-fwalk.o)
 .debug_aranges
                0x0000000000000848       0x20 c:/software/altera/18.1/nios2eds/bin/gnu/h-x86_64-mingw32/bin/../lib/gcc/nios2-elf/5.3.0/../../../../../H-x86_64-mingw32/nios2-elf/lib\libc.a(lib_a-makebuf.o)
 .debug_aranges
                0x0000000000000868       0x20 c:/software/altera/18.1/nios2eds/bin/gnu/h-x86_64-mingw32/bin/../lib/gcc/nios2-elf/5.3.0/../../../../../H-x86_64-mingw32/nios2-elf/lib\libc.a(lib_a-mallocr.o)
 .debug_aranges
                0x0000000000000888       0x20 c:/software/altera/18.1/nios2eds/bin/gnu/h-x86_64-mingw32/bin/../lib/gcc/nios2-elf/5.3.0/../../../../../H-x86_64-mingw32/nios2-elf/lib\libc.a(lib_a-sbrkr.o)
 .debug_aranges
                0x00000000000008a8       0x40 c:/software/altera/18.1/nios2eds/bin/gnu/h-x86_64-mingw32/bin/../lib/gcc/nios2-elf/5.3.0/../../../../../H-x86_64-mingw32/nios2-elf/lib\libc.a(lib_a-stdio.o)
 .debug_aranges
                0x00000000000008e8       0x20 c:/software/altera/18.1/nios2eds/bin/gnu/h-x86_64-mingw32/bin/../lib/gcc/nios2-elf/5.3.0/../../../../../H-x86_64-mingw32/nios2-elf/lib\libc.a(lib_a-writer.o)
 .debug_aranges
                0x0000000000000908       0x20 c:/software/altera/18.1/nios2eds/bin/gnu/h-x86_64-mingw32/bin/../lib/gcc/nios2-elf/5.3.0/../../../../../H-x86_64-mingw32/nios2-elf/lib\libc.a(closer.o)
 .debug_aranges
                0x0000000000000928       0x28 c:/software/altera/18.1/nios2eds/bin/gnu/h-x86_64-mingw32/bin/../lib/gcc/nios2-elf/5.3.0/../../../../../H-x86_64-mingw32/nios2-elf/lib\libc.a(lib_a-fclose.o)
 .debug_aranges
                0x0000000000000950       0x20 c:/software/altera/18.1/nios2eds/bin/gnu/h-x86_64-mingw32/bin/../lib/gcc/nios2-elf/5.3.0/../../../../../H-x86_64-mingw32/nios2-elf/lib\libc.a(lib_a-fstatr.o)
 .debug_aranges
                0x0000000000000970       0x20 c:/software/altera/18.1/nios2eds/bin/gnu/h-x86_64-mingw32/bin/../lib/gcc/nios2-elf/5.3.0/../../../../../H-x86_64-mingw32/nios2-elf/lib\libc.a(lib_a-isattyr.o)
 .debug_aranges
                0x0000000000000990       0x20 c:/software/altera/18.1/nios2eds/bin/gnu/h-x86_64-mingw32/bin/../lib/gcc/nios2-elf/5.3.0/../../../../../H-x86_64-mingw32/nios2-elf/lib\libc.a(lib_a-lseekr.o)
 .debug_aranges
                0x00000000000009b0       0x20 c:/software/altera/18.1/nios2eds/bin/gnu/h-x86_64-mingw32/bin/../lib/gcc/nios2-elf/5.3.0/../../../../../H-x86_64-mingw32/nios2-elf/lib\libc.a(lib_a-readr.o)
 .debug_aranges
                0x00000000000009d0       0x20 c:/software/altera/18.1/nios2eds/bin/gnu/h-x86_64-mingw32/bin/../lib/gcc/nios2-elf/5.3.0\libgcc.a(lib2-divmod.o)
 .debug_aranges
                0x00000000000009f0       0x20 ../Lab2_Loop_Audio_bsp/\libhal_bsp.a(alt_exit.o)
 .debug_aranges
                0x0000000000000a10       0x20 ../Lab2_Loop_Audio_bsp/\libhal_bsp.a(alt_fstat.o)
 .debug_aranges
                0x0000000000000a30       0x20 ../Lab2_Loop_Audio_bsp/\libhal_bsp.a(alt_isatty.o)